<html>
<body>
<pre>
<h1>µVision Build Log</h1>
<h2>Tool Versions:</h2>
IDE-Version: •ÏVision V5.13.0.0
Copyright (C) 2014 ARM Ltd and ARM Germany GmbH. All rights reserved.
License Information: younggun heo, abov, LIC=HPPF1-CQKWS-F4QSA-ZW7TR-T85HB-IUFE0
 
Tool Versions:
Toolchain:       MDK-ARM Standard Cortex-M only  Version: 5.13.0.0
Toolchain Path:  C:\Keil_v5\ARM\ARMCC\Bin
C Compiler:      Armcc.exe V5.05 update 1 (build 106)
Assembler:       Armasm.exe V5.05 update 1 (build 106)
Linker/Locator:  ArmLink.exe V5.05 update 1 (build 106)
Library Manager: ArmAr.exe V5.05 update 1 (build 106)
Hex Converter:   FromElf.exe V5.05 update 1 (build 106)
CPU DLL:         SARMCM3.DLL V5.13.0.0
Dialog DLL:      DARMCM1.DLL V1.12.0.0
Target DLL:      CMSIS_AGDI.dll V1.20.8.0
Dialog DLL:      TARMCM1.DLL V1.9.0.0
 
<h2>Project:</h2>
D:\work\5.MSS_SS\A31T216\p.pkg\fw\A31T216_Project\example\touch\keil\a31t21x\keil\app.uvprojx
Project File Date:  08/24/2021

<h2>Output:</h2>
Rebuild Project 'app' - Target 'A31T21X'
compiling main.c...
compiling a31t21x_system_setting.c...
compiling a31t21x_port_init.c...
compiling debug.c...
compiling led_driver.c...
compiling user.c...
compiling a31t21x_system.c...
assembling a31t21x_startup_arm.s...
compiling a31t21x_dma.c...
compiling a31t21x_gpio.c...
compiling a31t21x_led.c...
compiling a31t21x_pwr.c...
compiling a31t21x_scu.c...
compiling a31t21x_timer.c...
compiling a31t21x_uart.c...
compiling a31t21x_usart1n.c...
compiling a31t21x_wdt.c...
linking...
Program Size: Code=24948 RO-data=712 RW-data=148 ZI-data=3756  
FromELF: creating hex file...
".\Objects\app.axf" - 0 Error(s), 0 Warning(s).

<h2>Collection of Component include folders:</h2>
  D:\work\5.MSS_SS\A31T216\p.pkg\fw\A31T216_Project\example\touch\keil\a31t21x\keil\RTE
  C:\Keil_v5\ARM\PACK\ARM\CMSIS\4.2.0\Device\ARM\ARMCM0plus\Include

<h2>Collection of Component Files used:</h2>
</pre>
</body>
</html>
