<!doctype html public "-//w3c//dtd html 4.0 transitional//en">
<html><head>
<title>Static Call Graph - [.\Objects\app.axf]</title></head>
<body><HR>
<H1>Static Call Graph for image .\Objects\app.axf</H1><HR>
<BR><P>#&#060CALLGRAPH&#062# ARM Linker, 5050106: Last Updated: Mon Aug 30 15:11:59 2021
<BR><P>
<H3>Maximum Stack Usage =        140 bytes + Unknown(Cycles, Untraceable Function Pointers)</H3><H3>
Call chain for Maximum Stack Depth:</H3>
main &rArr; DBG_Do_Task &rArr; DBG_Init_UART &rArr; HAL_UART_Init &rArr; UART_Configure &rArr; __aeabi_uidivmod
<P>
<H3>
Mutually Recursive functions
</H3> <LI><a href="#[1]">NMI_Handler</a>&nbsp;&nbsp;&nbsp;&rArr;&nbsp;&nbsp;&nbsp;<a href="#[1]">NMI_Handler</a><BR>
 <LI><a href="#[2a]">HardFault_HandlerC</a>&nbsp;&nbsp;&nbsp;&rArr;&nbsp;&nbsp;&nbsp;<a href="#[2a]">HardFault_HandlerC</a><BR>
 <LI><a href="#[3]">SVC_Handler</a>&nbsp;&nbsp;&nbsp;&rArr;&nbsp;&nbsp;&nbsp;<a href="#[3]">SVC_Handler</a><BR>
 <LI><a href="#[4]">PendSV_Handler</a>&nbsp;&nbsp;&nbsp;&rArr;&nbsp;&nbsp;&nbsp;<a href="#[4]">PendSV_Handler</a><BR>
 <LI><a href="#[1c]">NULL_IRQHandler</a>&nbsp;&nbsp;&nbsp;&rArr;&nbsp;&nbsp;&nbsp;<a href="#[1c]">NULL_IRQHandler</a><BR>
</UL>
<P>
<H3>
Function Pointers
</H3><UL>
 <LI><a href="#[18]">ADC_IRQHandler</a> from a31t21x_startup_arm.o(.text) referenced from a31t21x_startup_arm.o(RESET)
 <LI><a href="#[22]">CRC_IRQHandler</a> from a31t21x_startup_arm.o(.text) referenced from a31t21x_startup_arm.o(RESET)
 <LI><a href="#[9]">GPIOAB_IRQHandler</a> from a31t21x_gpio.o(.text) referenced from a31t21x_startup_arm.o(RESET)
 <LI><a href="#[a]">GPIOCD_IRQHandler</a> from a31t21x_gpio.o(.text) referenced from a31t21x_startup_arm.o(RESET)
 <LI><a href="#[b]">GPIOE_IRQHandler</a> from a31t21x_gpio.o(.text) referenced from a31t21x_startup_arm.o(RESET)
 <LI><a href="#[c]">GPIOF_IRQHandler</a> from a31t21x_gpio.o(.text) referenced from a31t21x_startup_arm.o(RESET)
 <LI><a href="#[2]">HardFault_Handler</a> from a31t21x_startup_arm.o(.text) referenced from a31t21x_startup_arm.o(RESET)
 <LI><a href="#[2a]">HardFault_HandlerC</a> from a31t21x_startup_arm.o(.text) referenced from a31t21x_startup_arm.o(.text)
 <LI><a href="#[10]">I2C0_IRQHandler</a> from a31t21x_startup_arm.o(.text) referenced from a31t21x_startup_arm.o(RESET)
 <LI><a href="#[14]">I2C1_IRQHandler</a> from a31t21x_startup_arm.o(.text) referenced from a31t21x_startup_arm.o(RESET)
 <LI><a href="#[20]">LED_IRQHandler</a> from a31t21x_led.o(.text) referenced from a31t21x_startup_arm.o(RESET)
 <LI><a href="#[6]">LVI_IRQHandler</a> from a31t21x_pwr.o(.text) referenced from a31t21x_startup_arm.o(RESET)
 <LI><a href="#[1]">NMI_Handler</a> from a31t21x_startup_arm.o(.text) referenced from a31t21x_startup_arm.o(RESET)
 <LI><a href="#[1c]">NULL_IRQHandler</a> from a31t21x_startup_arm.o(.text) referenced 4 times from a31t21x_startup_arm.o(RESET)
 <LI><a href="#[4]">PendSV_Handler</a> from a31t21x_startup_arm.o(.text) referenced from a31t21x_startup_arm.o(RESET)
 <LI><a href="#[0]">Reset_Handler</a> from a31t21x_startup_arm.o(.text) referenced from a31t21x_startup_arm.o(RESET)
 <LI><a href="#[1d]">SPI20_IRQHandler</a> from a31t21x_startup_arm.o(.text) referenced from a31t21x_startup_arm.o(RESET)
 <LI><a href="#[1e]">SPI21_IRQHandler</a> from a31t21x_startup_arm.o(.text) referenced from a31t21x_startup_arm.o(RESET)
 <LI><a href="#[3]">SVC_Handler</a> from a31t21x_startup_arm.o(.text) referenced from a31t21x_startup_arm.o(RESET)
 <LI><a href="#[7]">SYSCLKFAIL_IRQHandler</a> from a31t21x_scu.o(.text) referenced from a31t21x_startup_arm.o(RESET)
 <LI><a href="#[5]">SysTick_Handler</a> from user_timer.o(.text) referenced from a31t21x_startup_arm.o(RESET)
 <LI><a href="#[28]">SystemInit</a> from a31t21x_system.o(.text) referenced from a31t21x_startup_arm.o(.text)
 <LI><a href="#[d]">TIMER10_IRQHandler</a> from a31t21x_timer.o(.text) referenced from a31t21x_startup_arm.o(RESET)
 <LI><a href="#[e]">TIMER11_IRQHandler</a> from a31t21x_timer.o(.text) referenced from a31t21x_startup_arm.o(RESET)
 <LI><a href="#[f]">TIMER12_IRQHandler</a> from a31t21x_timer.o(.text) referenced from a31t21x_startup_arm.o(RESET)
 <LI><a href="#[1b]">TIMER13_IRQHandler</a> from a31t21x_timer.o(.text) referenced from a31t21x_startup_arm.o(RESET)
 <LI><a href="#[15]">TIMER20_IRQHandler</a> from a31t21x_timer.o(.text) referenced from a31t21x_startup_arm.o(RESET)
 <LI><a href="#[16]">TIMER21_IRQHandler</a> from a31t21x_timer.o(.text) referenced from a31t21x_startup_arm.o(RESET)
 <LI><a href="#[13]">TIMER30_IRQHandler</a> from a31t21x_startup_arm.o(.text) referenced from a31t21x_startup_arm.o(RESET)
 <LI><a href="#[21]">TOUCH_IRQHandler</a> from touch.o(.text) referenced from a31t21x_startup_arm.o(RESET)
 <LI><a href="#[1f]">TSENSE_IRQHandler</a> from a31t21x_startup_arm.o(.text) referenced from a31t21x_startup_arm.o(RESET)
 <LI><a href="#[24]">TS_User_Filter</a> from user.o(.text) referenced from main.o(.text)
 <LI><a href="#[19]">UART0_IRQHandler</a> from a31t21x_uart.o(.text) referenced from a31t21x_startup_arm.o(RESET)
 <LI><a href="#[1a]">UART1_IRQHandler</a> from a31t21x_uart.o(.text) referenced from a31t21x_startup_arm.o(RESET)
 <LI><a href="#[11]">USART10_IRQHandler</a> from a31t21x_usart1n.o(.text) referenced from a31t21x_startup_arm.o(RESET)
 <LI><a href="#[17]">USART11_IRQHandler</a> from a31t21x_usart1n.o(.text) referenced from a31t21x_startup_arm.o(RESET)
 <LI><a href="#[8]">WDT_IRQHandler</a> from a31t21x_startup_arm.o(.text) referenced from a31t21x_startup_arm.o(RESET)
 <LI><a href="#[2b]">WDT_IRQHandlerC</a> from a31t21x_wdt.o(.text) referenced from a31t21x_startup_arm.o(.text)
 <LI><a href="#[12]">WT_IRQHandler</a> from a31t21x_startup_arm.o(.text) referenced from a31t21x_startup_arm.o(RESET)
 <LI><a href="#[29]">__main</a> from entry.o(.ARM.Collect$$$$00000000) referenced from a31t21x_startup_arm.o(.text)
 <LI><a href="#[27]">app_led_irq_handler</a> from led_driver.o(.text) referenced from led_driver.o(.text)
 <LI><a href="#[26]">app_uart_irq_handler</a> from debug.o(.text) referenced from debug.o(.text)
 <LI><a href="#[25]">led_RenewData</a> from user.o(.text) referenced from main.o(.text)
 <LI><a href="#[23]">main</a> from main.o(.text) referenced from entry9a.o(.ARM.Collect$$$$0000000B)
</UL>
<P>
<H3>
Global Symbols
</H3>
<P><STRONG><a name="[29]"></a>__main</STRONG> (Thumb, 0 bytes, Stack size unknown bytes, entry.o(.ARM.Collect$$$$00000000))
<BR>[Address Reference Count : 1]<UL><LI> a31t21x_startup_arm.o(.text)
</UL>
<P><STRONG><a name="[d9]"></a>_main_stk</STRONG> (Thumb, 0 bytes, Stack size unknown bytes, entry2.o(.ARM.Collect$$$$00000001))

<P><STRONG><a name="[2c]"></a>_main_scatterload</STRONG> (Thumb, 0 bytes, Stack size unknown bytes, entry5.o(.ARM.Collect$$$$00000004))
<BR><BR>[Calls]<UL><LI><a href="#[2d]">&gt;&gt;</a>&nbsp;&nbsp;&nbsp;__scatterload
</UL>

<P><STRONG><a name="[d8]"></a>__main_after_scatterload</STRONG> (Thumb, 0 bytes, Stack size unknown bytes, entry5.o(.ARM.Collect$$$$00000004))
<BR><BR>[Called By]<UL><LI><a href="#[2d]">&gt;&gt;</a>&nbsp;&nbsp;&nbsp;__scatterload
</UL>

<P><STRONG><a name="[da]"></a>_main_clock</STRONG> (Thumb, 0 bytes, Stack size unknown bytes, entry7b.o(.ARM.Collect$$$$00000008))

<P><STRONG><a name="[db]"></a>_main_cpp_init</STRONG> (Thumb, 0 bytes, Stack size unknown bytes, entry8b.o(.ARM.Collect$$$$0000000A))

<P><STRONG><a name="[dc]"></a>_main_init</STRONG> (Thumb, 0 bytes, Stack size unknown bytes, entry9a.o(.ARM.Collect$$$$0000000B))

<P><STRONG><a name="[dd]"></a>__rt_final_cpp</STRONG> (Thumb, 0 bytes, Stack size unknown bytes, entry10a.o(.ARM.Collect$$$$0000000D))

<P><STRONG><a name="[de]"></a>__rt_final_exit</STRONG> (Thumb, 0 bytes, Stack size unknown bytes, entry11a.o(.ARM.Collect$$$$0000000F))

<P><STRONG><a name="[30]"></a>SysTick_Configure</STRONG> (Thumb, 22 bytes, Stack size 8 bytes, main.o(.text), UNUSED)
<BR><BR>[Calls]<UL><LI><a href="#[2e]">&gt;&gt;</a>&nbsp;&nbsp;&nbsp;SysTick_Config
<LI><a href="#[31]">&gt;&gt;</a>&nbsp;&nbsp;&nbsp;__aeabi_uidivmod
</UL>

<P><STRONG><a name="[5a]"></a>Init_Library</STRONG> (Thumb, 180 bytes, Stack size 0 bytes, main.o(.text))
<BR><BR>[Called By]<UL><LI><a href="#[23]">&gt;&gt;</a>&nbsp;&nbsp;&nbsp;main
</UL>

<P><STRONG><a name="[32]"></a>Set_TS_IO</STRONG> (Thumb, 264 bytes, Stack size 8 bytes, main.o(.text))
<BR><BR>[Stack]<UL><LI>Max Depth = 40<LI>Call Chain = Set_TS_IO &rArr; HAL_GPIO_SetMode
</UL>
<BR>[Calls]<UL><LI><a href="#[34]">&gt;&gt;</a>&nbsp;&nbsp;&nbsp;HAL_GPIO_SetMode
<LI><a href="#[33]">&gt;&gt;</a>&nbsp;&nbsp;&nbsp;HAL_GPIO_SetFunction
</UL>
<BR>[Called By]<UL><LI><a href="#[23]">&gt;&gt;</a>&nbsp;&nbsp;&nbsp;main
</UL>

<P><STRONG><a name="[35]"></a>Set_Library</STRONG> (Thumb, 212 bytes, Stack size 8 bytes, main.o(.text))
<BR><BR>[Stack]<UL><LI>Max Depth = 72<LI>Call Chain = Set_Library &rArr; LED_Set_Actv_Time &rArr; HAL_LED_Init &rArr; __NVIC_SetPriority
</UL>
<BR>[Calls]<UL><LI><a href="#[4a]">&gt;&gt;</a>&nbsp;&nbsp;&nbsp;UT_Run_Timer
<LI><a href="#[3a]">&gt;&gt;</a>&nbsp;&nbsp;&nbsp;TS_Set_Sum_Count
<LI><a href="#[39]">&gt;&gt;</a>&nbsp;&nbsp;&nbsp;TS_Set_Shield
<LI><a href="#[43]">&gt;&gt;</a>&nbsp;&nbsp;&nbsp;TS_Set_Reverse_Time
<LI><a href="#[42]">&gt;&gt;</a>&nbsp;&nbsp;&nbsp;TS_Set_Reverse_Rate
<LI><a href="#[41]">&gt;&gt;</a>&nbsp;&nbsp;&nbsp;TS_Set_Release_Rate
<LI><a href="#[3e]">&gt;&gt;</a>&nbsp;&nbsp;&nbsp;TS_Set_NoiseTHD_Rate
<LI><a href="#[36]">&gt;&gt;</a>&nbsp;&nbsp;&nbsp;TS_Set_Mode
<LI><a href="#[46]">&gt;&gt;</a>&nbsp;&nbsp;&nbsp;TS_Set_Init_Delay
<LI><a href="#[3b]">&gt;&gt;</a>&nbsp;&nbsp;&nbsp;TS_Set_Inact_Port
<LI><a href="#[45]">&gt;&gt;</a>&nbsp;&nbsp;&nbsp;TS_Set_IIR
<LI><a href="#[37]">&gt;&gt;</a>&nbsp;&nbsp;&nbsp;TS_Set_Hisense_Level
<LI><a href="#[44]">&gt;&gt;</a>&nbsp;&nbsp;&nbsp;TS_Set_Debounce
<LI><a href="#[38]">&gt;&gt;</a>&nbsp;&nbsp;&nbsp;TS_Set_Comp_RefV
<LI><a href="#[3c]">&gt;&gt;</a>&nbsp;&nbsp;&nbsp;TS_Set_Common_THD
<LI><a href="#[3d]">&gt;&gt;</a>&nbsp;&nbsp;&nbsp;TS_Set_CH_THD
<LI><a href="#[40]">&gt;&gt;</a>&nbsp;&nbsp;&nbsp;TS_Set_Base_Tracking
<LI><a href="#[3f]">&gt;&gt;</a>&nbsp;&nbsp;&nbsp;TS_Set_BaseHold_Rate
<LI><a href="#[47]">&gt;&gt;</a>&nbsp;&nbsp;&nbsp;LED_Set_Current
<LI><a href="#[48]">&gt;&gt;</a>&nbsp;&nbsp;&nbsp;LED_Set_Actv_Time
<LI><a href="#[49]">&gt;&gt;</a>&nbsp;&nbsp;&nbsp;DBG_Set_Baudrate
</UL>
<BR>[Called By]<UL><LI><a href="#[23]">&gt;&gt;</a>&nbsp;&nbsp;&nbsp;main
</UL>

<P><STRONG><a name="[4b]"></a>Change_SysClock</STRONG> (Thumb, 124 bytes, Stack size 16 bytes, main.o(.text))
<BR><BR>[Stack]<UL><LI>Max Depth = 60<LI>Call Chain = Change_SysClock &rArr; HAL_SCU_UpdateMainClock &rArr; SCU_ClockEnable &rArr; __aeabi_uidivmod
</UL>
<BR>[Calls]<UL><LI><a href="#[4d]">&gt;&gt;</a>&nbsp;&nbsp;&nbsp;HAL_SCU_UpdateMainClock
<LI><a href="#[4c]">&gt;&gt;</a>&nbsp;&nbsp;&nbsp;__ARM_common_switch8
</UL>
<BR>[Called By]<UL><LI><a href="#[23]">&gt;&gt;</a>&nbsp;&nbsp;&nbsp;main
<LI><a href="#[4e]">&gt;&gt;</a>&nbsp;&nbsp;&nbsp;Check_LPM_Entry
</UL>

<P><STRONG><a name="[4e]"></a>Check_LPM_Entry</STRONG> (Thumb, 666 bytes, Stack size 16 bytes, main.o(.text), UNUSED)
<BR><BR>[Calls]<UL><LI><a href="#[57]">&gt;&gt;</a>&nbsp;&nbsp;&nbsp;UT_Set_Timer
<LI><a href="#[56]">&gt;&gt;</a>&nbsp;&nbsp;&nbsp;UT_Is_Expired
<LI><a href="#[55]">&gt;&gt;</a>&nbsp;&nbsp;&nbsp;UT_Get_Status
<LI><a href="#[53]">&gt;&gt;</a>&nbsp;&nbsp;&nbsp;HAL_WDT_Start
<LI><a href="#[52]">&gt;&gt;</a>&nbsp;&nbsp;&nbsp;HAL_WDT_Init
<LI><a href="#[51]">&gt;&gt;</a>&nbsp;&nbsp;&nbsp;HAL_SCU_EnableWakeupSource
<LI><a href="#[4f]">&gt;&gt;</a>&nbsp;&nbsp;&nbsp;HAL_SCU_EnableClock
<LI><a href="#[50]">&gt;&gt;</a>&nbsp;&nbsp;&nbsp;HAL_SCU_DisableResetSource
<LI><a href="#[54]">&gt;&gt;</a>&nbsp;&nbsp;&nbsp;HAL_PWR_EnterDeepSleepMode
<LI><a href="#[4b]">&gt;&gt;</a>&nbsp;&nbsp;&nbsp;Change_SysClock
<LI><a href="#[2f]">&gt;&gt;</a>&nbsp;&nbsp;&nbsp;__NVIC_SetPriority
</UL>

<P><STRONG><a name="[23]"></a>main</STRONG> (Thumb, 114 bytes, Stack size 0 bytes, main.o(.text))
<BR><BR>[Stack]<UL><LI>Max Depth = 140<LI>Call Chain = main &rArr; DBG_Do_Task &rArr; DBG_Init_UART &rArr; HAL_UART_Init &rArr; UART_Configure &rArr; __aeabi_uidivmod
</UL>
<BR>[Calls]<UL><LI><a href="#[5c]">&gt;&gt;</a>&nbsp;&nbsp;&nbsp;TS_Do_Task
<LI><a href="#[59]">&gt;&gt;</a>&nbsp;&nbsp;&nbsp;System_Setting_Config
<LI><a href="#[58]">&gt;&gt;</a>&nbsp;&nbsp;&nbsp;Port_Init
<LI><a href="#[5b]">&gt;&gt;</a>&nbsp;&nbsp;&nbsp;LED_Do_Task
<LI><a href="#[5d]">&gt;&gt;</a>&nbsp;&nbsp;&nbsp;DBG_Do_Task
<LI><a href="#[4b]">&gt;&gt;</a>&nbsp;&nbsp;&nbsp;Change_SysClock
<LI><a href="#[35]">&gt;&gt;</a>&nbsp;&nbsp;&nbsp;Set_Library
<LI><a href="#[32]">&gt;&gt;</a>&nbsp;&nbsp;&nbsp;Set_TS_IO
<LI><a href="#[5a]">&gt;&gt;</a>&nbsp;&nbsp;&nbsp;Init_Library
<LI><a href="#[2e]">&gt;&gt;</a>&nbsp;&nbsp;&nbsp;SysTick_Config
<LI><a href="#[31]">&gt;&gt;</a>&nbsp;&nbsp;&nbsp;__aeabi_uidivmod
</UL>
<BR>[Address Reference Count : 1]<UL><LI> entry9a.o(.ARM.Collect$$$$0000000B)
</UL>
<P><STRONG><a name="[59]"></a>System_Setting_Config</STRONG> (Thumb, 76 bytes, Stack size 24 bytes, a31t21x_system_setting.o(.text))
<BR><BR>[Stack]<UL><LI>Max Depth = 68<LI>Call Chain = System_Setting_Config &rArr; HAL_SCU_SetPLLConfig &rArr; __aeabi_uidivmod
</UL>
<BR>[Calls]<UL><LI><a href="#[5e]">&gt;&gt;</a>&nbsp;&nbsp;&nbsp;HAL_SCU_SetPLLConfig
<LI><a href="#[4d]">&gt;&gt;</a>&nbsp;&nbsp;&nbsp;HAL_SCU_UpdateMainClock
<LI><a href="#[31]">&gt;&gt;</a>&nbsp;&nbsp;&nbsp;__aeabi_uidivmod
</UL>
<BR>[Called By]<UL><LI><a href="#[23]">&gt;&gt;</a>&nbsp;&nbsp;&nbsp;main
</UL>

<P><STRONG><a name="[58]"></a>Port_Init</STRONG> (Thumb, 8 bytes, Stack size 8 bytes, a31t21x_port_init.o(.text))
<BR><BR>[Stack]<UL><LI>Max Depth = 24<LI>Call Chain = Port_Init &rArr; HAL_GPIO_Init
</UL>
<BR>[Calls]<UL><LI><a href="#[5f]">&gt;&gt;</a>&nbsp;&nbsp;&nbsp;HAL_GPIO_Init
</UL>
<BR>[Called By]<UL><LI><a href="#[23]">&gt;&gt;</a>&nbsp;&nbsp;&nbsp;main
</UL>

<P><STRONG><a name="[60]"></a>Port_Configure_CLKO</STRONG> (Thumb, 30 bytes, Stack size 8 bytes, a31t21x_port_init.o(.text), UNUSED)
<BR><BR>[Calls]<UL><LI><a href="#[61]">&gt;&gt;</a>&nbsp;&nbsp;&nbsp;HAL_SCU_EnableClockOut
<LI><a href="#[34]">&gt;&gt;</a>&nbsp;&nbsp;&nbsp;HAL_GPIO_SetMode
<LI><a href="#[33]">&gt;&gt;</a>&nbsp;&nbsp;&nbsp;HAL_GPIO_SetFunction
</UL>

<P><STRONG><a name="[62]"></a>Port_Configure_UART</STRONG> (Thumb, 64 bytes, Stack size 8 bytes, a31t21x_port_init.o(.text), UNUSED)
<BR><BR>[Calls]<UL><LI><a href="#[63]">&gt;&gt;</a>&nbsp;&nbsp;&nbsp;HAL_GPIO_SetPull
<LI><a href="#[34]">&gt;&gt;</a>&nbsp;&nbsp;&nbsp;HAL_GPIO_SetMode
<LI><a href="#[33]">&gt;&gt;</a>&nbsp;&nbsp;&nbsp;HAL_GPIO_SetFunction
</UL>

<P><STRONG><a name="[26]"></a>app_uart_irq_handler</STRONG> (Thumb, 88 bytes, Stack size 16 bytes, debug.o(.text))
<BR><BR>[Stack]<UL><LI>Max Depth = 104<LI>Call Chain = app_uart_irq_handler &rArr; HAL_UART_Receive &rArr; HAL_DMA_Start
</UL>
<BR>[Calls]<UL><LI><a href="#[64]">&gt;&gt;</a>&nbsp;&nbsp;&nbsp;HAL_UART_Receive
</UL>
<BR>[Address Reference Count : 1]<UL><LI> debug.o(.text)
</UL>
<P><STRONG><a name="[49]"></a>DBG_Set_Baudrate</STRONG> (Thumb, 20 bytes, Stack size 0 bytes, debug.o(.text))
<BR><BR>[Called By]<UL><LI><a href="#[35]">&gt;&gt;</a>&nbsp;&nbsp;&nbsp;Set_Library
</UL>

<P><STRONG><a name="[df]"></a>fputc</STRONG> (Thumb, 20 bytes, Stack size 0 bytes, debug.o(.text), UNUSED)

<P><STRONG><a name="[65]"></a>DBG_Init_UART</STRONG> (Thumb, 112 bytes, Stack size 16 bytes, debug.o(.text))
<BR><BR>[Stack]<UL><LI>Max Depth = 116<LI>Call Chain = DBG_Init_UART &rArr; HAL_UART_Init &rArr; UART_Configure &rArr; __aeabi_uidivmod
</UL>
<BR>[Calls]<UL><LI><a href="#[64]">&gt;&gt;</a>&nbsp;&nbsp;&nbsp;HAL_UART_Receive
<LI><a href="#[66]">&gt;&gt;</a>&nbsp;&nbsp;&nbsp;HAL_UART_Init
<LI><a href="#[63]">&gt;&gt;</a>&nbsp;&nbsp;&nbsp;HAL_GPIO_SetPull
<LI><a href="#[34]">&gt;&gt;</a>&nbsp;&nbsp;&nbsp;HAL_GPIO_SetMode
<LI><a href="#[33]">&gt;&gt;</a>&nbsp;&nbsp;&nbsp;HAL_GPIO_SetFunction
</UL>
<BR>[Called By]<UL><LI><a href="#[5d]">&gt;&gt;</a>&nbsp;&nbsp;&nbsp;DBG_Do_Task
</UL>

<P><STRONG><a name="[6d]"></a>DBG_Init_UART_Param</STRONG> (Thumb, 70 bytes, Stack size 0 bytes, debug.o(.text))
<BR><BR>[Called By]<UL><LI><a href="#[5d]">&gt;&gt;</a>&nbsp;&nbsp;&nbsp;DBG_Do_Task
</UL>

<P><STRONG><a name="[6f]"></a>Hexstr_To_Binary</STRONG> (Thumb, 74 bytes, Stack size 0 bytes, debug.o(.text))
<BR><BR>[Called By]<UL><LI><a href="#[5d]">&gt;&gt;</a>&nbsp;&nbsp;&nbsp;DBG_Do_Task
</UL>

<P><STRONG><a name="[67]"></a>DBG_RX_Check</STRONG> (Thumb, 142 bytes, Stack size 16 bytes, debug.o(.text))
<BR><BR>[Stack]<UL><LI>Max Depth = 28<LI>Call Chain = DBG_RX_Check &rArr; __aeabi_uidivmod
</UL>
<BR>[Calls]<UL><LI><a href="#[31]">&gt;&gt;</a>&nbsp;&nbsp;&nbsp;__aeabi_uidivmod
</UL>
<BR>[Called By]<UL><LI><a href="#[5d]">&gt;&gt;</a>&nbsp;&nbsp;&nbsp;DBG_Do_Task
</UL>

<P><STRONG><a name="[6e]"></a>DBG_Init_Variable</STRONG> (Thumb, 16 bytes, Stack size 0 bytes, debug.o(.text))
<BR><BR>[Called By]<UL><LI><a href="#[5d]">&gt;&gt;</a>&nbsp;&nbsp;&nbsp;DBG_Do_Task
</UL>

<P><STRONG><a name="[69]"></a>Make_Packet_Byte</STRONG> (Thumb, 32 bytes, Stack size 0 bytes, debug.o(.text))
<BR><BR>[Called By]<UL><LI><a href="#[68]">&gt;&gt;</a>&nbsp;&nbsp;&nbsp;DBG_Send_Data
</UL>

<P><STRONG><a name="[6a]"></a>Make_Packet_Word</STRONG> (Thumb, 68 bytes, Stack size 8 bytes, debug.o(.text))
<BR><BR>[Stack]<UL><LI>Max Depth = 8<LI>Call Chain = Make_Packet_Word
</UL>
<BR>[Called By]<UL><LI><a href="#[68]">&gt;&gt;</a>&nbsp;&nbsp;&nbsp;DBG_Send_Data
</UL>

<P><STRONG><a name="[68]"></a>DBG_Send_Data</STRONG> (Thumb, 616 bytes, Stack size 24 bytes, debug.o(.text))
<BR><BR>[Stack]<UL><LI>Max Depth = 104<LI>Call Chain = DBG_Send_Data &rArr; HAL_UART_Transmit &rArr; HAL_DMA_Start
</UL>
<BR>[Calls]<UL><LI><a href="#[6c]">&gt;&gt;</a>&nbsp;&nbsp;&nbsp;HAL_UART_Transmit
<LI><a href="#[6a]">&gt;&gt;</a>&nbsp;&nbsp;&nbsp;Make_Packet_Word
<LI><a href="#[69]">&gt;&gt;</a>&nbsp;&nbsp;&nbsp;Make_Packet_Byte
<LI><a href="#[6b]">&gt;&gt;</a>&nbsp;&nbsp;&nbsp;__aeabi_idivmod
</UL>
<BR>[Called By]<UL><LI><a href="#[5d]">&gt;&gt;</a>&nbsp;&nbsp;&nbsp;DBG_Do_Task
</UL>

<P><STRONG><a name="[5d]"></a>DBG_Do_Task</STRONG> (Thumb, 380 bytes, Stack size 24 bytes, debug.o(.text))
<BR><BR>[Stack]<UL><LI>Max Depth = 140<LI>Call Chain = DBG_Do_Task &rArr; DBG_Init_UART &rArr; HAL_UART_Init &rArr; UART_Configure &rArr; __aeabi_uidivmod
</UL>
<BR>[Calls]<UL><LI><a href="#[68]">&gt;&gt;</a>&nbsp;&nbsp;&nbsp;DBG_Send_Data
<LI><a href="#[6e]">&gt;&gt;</a>&nbsp;&nbsp;&nbsp;DBG_Init_Variable
<LI><a href="#[67]">&gt;&gt;</a>&nbsp;&nbsp;&nbsp;DBG_RX_Check
<LI><a href="#[6f]">&gt;&gt;</a>&nbsp;&nbsp;&nbsp;Hexstr_To_Binary
<LI><a href="#[6d]">&gt;&gt;</a>&nbsp;&nbsp;&nbsp;DBG_Init_UART_Param
<LI><a href="#[65]">&gt;&gt;</a>&nbsp;&nbsp;&nbsp;DBG_Init_UART
</UL>
<BR>[Called By]<UL><LI><a href="#[23]">&gt;&gt;</a>&nbsp;&nbsp;&nbsp;main
</UL>

<P><STRONG><a name="[27]"></a>app_led_irq_handler</STRONG> (Thumb, 88 bytes, Stack size 16 bytes, led_driver.o(.text))
<BR><BR>[Stack]<UL><LI>Max Depth = 24<LI>Call Chain = app_led_irq_handler &rArr; TS_Start_Touch
</UL>
<BR>[Calls]<UL><LI><a href="#[70]">&gt;&gt;</a>&nbsp;&nbsp;&nbsp;TS_Start_Touch
</UL>
<BR>[Address Reference Count : 1]<UL><LI> led_driver.o(.text)
</UL>
<P><STRONG><a name="[48]"></a>LED_Set_Actv_Time</STRONG> (Thumb, 122 bytes, Stack size 40 bytes, led_driver.o(.text))
<BR><BR>[Stack]<UL><LI>Max Depth = 64<LI>Call Chain = LED_Set_Actv_Time &rArr; HAL_LED_Init &rArr; __NVIC_SetPriority
</UL>
<BR>[Calls]<UL><LI><a href="#[72]">&gt;&gt;</a>&nbsp;&nbsp;&nbsp;HAL_LED_Init
<LI><a href="#[71]">&gt;&gt;</a>&nbsp;&nbsp;&nbsp;__aeabi_memcpy4
<LI><a href="#[31]">&gt;&gt;</a>&nbsp;&nbsp;&nbsp;__aeabi_uidivmod
</UL>
<BR>[Called By]<UL><LI><a href="#[35]">&gt;&gt;</a>&nbsp;&nbsp;&nbsp;Set_Library
</UL>

<P><STRONG><a name="[47]"></a>LED_Set_Current</STRONG> (Thumb, 40 bytes, Stack size 0 bytes, led_driver.o(.text))
<BR><BR>[Called By]<UL><LI><a href="#[35]">&gt;&gt;</a>&nbsp;&nbsp;&nbsp;Set_Library
</UL>

<P><STRONG><a name="[73]"></a>LED_Init_IO</STRONG> (Thumb, 288 bytes, Stack size 8 bytes, led_driver.o(.text))
<BR><BR>[Stack]<UL><LI>Max Depth = 24<LI>Call Chain = LED_Init_IO &rArr; HAL_GPIO_SetPin
</UL>
<BR>[Calls]<UL><LI><a href="#[74]">&gt;&gt;</a>&nbsp;&nbsp;&nbsp;HAL_GPIO_SetPin
</UL>
<BR>[Called By]<UL><LI><a href="#[5b]">&gt;&gt;</a>&nbsp;&nbsp;&nbsp;LED_Do_Task
</UL>

<P><STRONG><a name="[75]"></a>LED_Init_Reg</STRONG> (Thumb, 534 bytes, Stack size 8 bytes, led_driver.o(.text))
<BR><BR>[Stack]<UL><LI>Max Depth = 40<LI>Call Chain = LED_Init_Reg &rArr; HAL_GPIO_SetMode
</UL>
<BR>[Calls]<UL><LI><a href="#[76]">&gt;&gt;</a>&nbsp;&nbsp;&nbsp;__NVIC_SetPriority
<LI><a href="#[34]">&gt;&gt;</a>&nbsp;&nbsp;&nbsp;HAL_GPIO_SetMode
<LI><a href="#[33]">&gt;&gt;</a>&nbsp;&nbsp;&nbsp;HAL_GPIO_SetFunction
</UL>
<BR>[Called By]<UL><LI><a href="#[5b]">&gt;&gt;</a>&nbsp;&nbsp;&nbsp;LED_Do_Task
</UL>

<P><STRONG><a name="[5b]"></a>LED_Do_Task</STRONG> (Thumb, 100 bytes, Stack size 8 bytes, led_driver.o(.text))
<BR><BR>[Stack]<UL><LI>Max Depth = 48<LI>Call Chain = LED_Do_Task &rArr; LED_Init_Reg &rArr; HAL_GPIO_SetMode
</UL>
<BR>[Calls]<UL><LI><a href="#[75]">&gt;&gt;</a>&nbsp;&nbsp;&nbsp;LED_Init_Reg
<LI><a href="#[73]">&gt;&gt;</a>&nbsp;&nbsp;&nbsp;LED_Init_IO
</UL>
<BR>[Called By]<UL><LI><a href="#[23]">&gt;&gt;</a>&nbsp;&nbsp;&nbsp;main
</UL>

<P><STRONG><a name="[25]"></a>led_RenewData</STRONG> (Thumb, 244 bytes, Stack size 68 bytes, user.o(.text))
<BR><BR>[Stack]<UL><LI>Max Depth = 68<LI>Call Chain = led_RenewData
</UL>
<BR>[Address Reference Count : 1]<UL><LI> main.o(.text)
</UL>
<P><STRONG><a name="[77]"></a>get_max</STRONG> (Thumb, 42 bytes, Stack size 12 bytes, user.o(.text))
<BR><BR>[Stack]<UL><LI>Max Depth = 12<LI>Call Chain = get_max
</UL>
<BR>[Called By]<UL><LI><a href="#[24]">&gt;&gt;</a>&nbsp;&nbsp;&nbsp;TS_User_Filter
</UL>

<P><STRONG><a name="[24]"></a>TS_User_Filter</STRONG> (Thumb, 236 bytes, Stack size 16 bytes, user.o(.text))
<BR><BR>[Stack]<UL><LI>Max Depth = 44<LI>Call Chain = TS_User_Filter &rArr; __aeabi_idivmod &rArr; __aeabi_uidivmod
</UL>
<BR>[Calls]<UL><LI><a href="#[77]">&gt;&gt;</a>&nbsp;&nbsp;&nbsp;get_max
<LI><a href="#[6b]">&gt;&gt;</a>&nbsp;&nbsp;&nbsp;__aeabi_idivmod
<LI><a href="#[31]">&gt;&gt;</a>&nbsp;&nbsp;&nbsp;__aeabi_uidivmod
</UL>
<BR>[Address Reference Count : 1]<UL><LI> main.o(.text)
</UL>
<P><STRONG><a name="[28]"></a>SystemInit</STRONG> (Thumb, 38 bytes, Stack size 0 bytes, a31t21x_system.o(.text))
<BR>[Address Reference Count : 1]<UL><LI> a31t21x_startup_arm.o(.text)
</UL>
<P><STRONG><a name="[e0]"></a>SystemDelay</STRONG> (Thumb, 20 bytes, Stack size 0 bytes, a31t21x_system.o(.text), UNUSED)

<P><STRONG><a name="[0]"></a>Reset_Handler</STRONG> (Thumb, 8 bytes, Stack size 0 bytes, a31t21x_startup_arm.o(.text))
<BR>[Address Reference Count : 1]<UL><LI> a31t21x_startup_arm.o(RESET)
</UL>
<P><STRONG><a name="[1]"></a>NMI_Handler</STRONG> (Thumb, 2 bytes, Stack size 0 bytes, a31t21x_startup_arm.o(.text))
<BR><BR>[Calls]<UL><LI><a href="#[1]">&gt;&gt;</a>&nbsp;&nbsp;&nbsp;NMI_Handler
</UL>
<BR>[Called By]<UL><LI><a href="#[1]">&gt;&gt;</a>&nbsp;&nbsp;&nbsp;NMI_Handler
</UL>
<BR>[Address Reference Count : 1]<UL><LI> a31t21x_startup_arm.o(RESET)
</UL>
<P><STRONG><a name="[2a]"></a>HardFault_HandlerC</STRONG> (Thumb, 2 bytes, Stack size 0 bytes, a31t21x_startup_arm.o(.text))
<BR><BR>[Calls]<UL><LI><a href="#[2a]">&gt;&gt;</a>&nbsp;&nbsp;&nbsp;HardFault_HandlerC
</UL>
<BR>[Called By]<UL><LI><a href="#[2a]">&gt;&gt;</a>&nbsp;&nbsp;&nbsp;HardFault_HandlerC
</UL>
<BR>[Address Reference Count : 1]<UL><LI> a31t21x_startup_arm.o(.text)
</UL>
<P><STRONG><a name="[3]"></a>SVC_Handler</STRONG> (Thumb, 2 bytes, Stack size 0 bytes, a31t21x_startup_arm.o(.text))
<BR><BR>[Calls]<UL><LI><a href="#[3]">&gt;&gt;</a>&nbsp;&nbsp;&nbsp;SVC_Handler
</UL>
<BR>[Called By]<UL><LI><a href="#[3]">&gt;&gt;</a>&nbsp;&nbsp;&nbsp;SVC_Handler
</UL>
<BR>[Address Reference Count : 1]<UL><LI> a31t21x_startup_arm.o(RESET)
</UL>
<P><STRONG><a name="[4]"></a>PendSV_Handler</STRONG> (Thumb, 2 bytes, Stack size 0 bytes, a31t21x_startup_arm.o(.text))
<BR><BR>[Calls]<UL><LI><a href="#[4]">&gt;&gt;</a>&nbsp;&nbsp;&nbsp;PendSV_Handler
</UL>
<BR>[Called By]<UL><LI><a href="#[4]">&gt;&gt;</a>&nbsp;&nbsp;&nbsp;PendSV_Handler
</UL>
<BR>[Address Reference Count : 1]<UL><LI> a31t21x_startup_arm.o(RESET)
</UL>
<P><STRONG><a name="[8]"></a>WDT_IRQHandler</STRONG> (Thumb, 24 bytes, Stack size 0 bytes, a31t21x_startup_arm.o(.text))
<BR>[Address Reference Count : 1]<UL><LI> a31t21x_startup_arm.o(RESET)
</UL>
<P><STRONG><a name="[18]"></a>ADC_IRQHandler</STRONG> (Thumb, 0 bytes, Stack size 0 bytes, a31t21x_startup_arm.o(.text))
<BR>[Address Reference Count : 1]<UL><LI> a31t21x_startup_arm.o(RESET)
</UL>
<P><STRONG><a name="[22]"></a>CRC_IRQHandler</STRONG> (Thumb, 0 bytes, Stack size 0 bytes, a31t21x_startup_arm.o(.text))
<BR>[Address Reference Count : 1]<UL><LI> a31t21x_startup_arm.o(RESET)
</UL>
<P><STRONG><a name="[10]"></a>I2C0_IRQHandler</STRONG> (Thumb, 0 bytes, Stack size 0 bytes, a31t21x_startup_arm.o(.text))
<BR>[Address Reference Count : 1]<UL><LI> a31t21x_startup_arm.o(RESET)
</UL>
<P><STRONG><a name="[14]"></a>I2C1_IRQHandler</STRONG> (Thumb, 0 bytes, Stack size 0 bytes, a31t21x_startup_arm.o(.text))
<BR>[Address Reference Count : 1]<UL><LI> a31t21x_startup_arm.o(RESET)
</UL>
<P><STRONG><a name="[1d]"></a>SPI20_IRQHandler</STRONG> (Thumb, 0 bytes, Stack size 0 bytes, a31t21x_startup_arm.o(.text))
<BR>[Address Reference Count : 1]<UL><LI> a31t21x_startup_arm.o(RESET)
</UL>
<P><STRONG><a name="[1e]"></a>SPI21_IRQHandler</STRONG> (Thumb, 0 bytes, Stack size 0 bytes, a31t21x_startup_arm.o(.text))
<BR>[Address Reference Count : 1]<UL><LI> a31t21x_startup_arm.o(RESET)
</UL>
<P><STRONG><a name="[13]"></a>TIMER30_IRQHandler</STRONG> (Thumb, 0 bytes, Stack size 0 bytes, a31t21x_startup_arm.o(.text))
<BR>[Address Reference Count : 1]<UL><LI> a31t21x_startup_arm.o(RESET)
</UL>
<P><STRONG><a name="[1f]"></a>TSENSE_IRQHandler</STRONG> (Thumb, 0 bytes, Stack size 0 bytes, a31t21x_startup_arm.o(.text))
<BR>[Address Reference Count : 1]<UL><LI> a31t21x_startup_arm.o(RESET)
</UL>
<P><STRONG><a name="[12]"></a>WT_IRQHandler</STRONG> (Thumb, 0 bytes, Stack size 0 bytes, a31t21x_startup_arm.o(.text))
<BR>[Address Reference Count : 1]<UL><LI> a31t21x_startup_arm.o(RESET)
</UL>
<P><STRONG><a name="[af]"></a>HAL_DMA_Init</STRONG> (Thumb, 86 bytes, Stack size 0 bytes, a31t21x_dma.o(.text), UNUSED)
<BR><BR>[Called By]<UL><LI><a href="#[c2]">&gt;&gt;</a>&nbsp;&nbsp;&nbsp;HAL_USART_SetReceiveDMA
<LI><a href="#[c1]">&gt;&gt;</a>&nbsp;&nbsp;&nbsp;HAL_USART_SetTransmitDMA
<LI><a href="#[b1]">&gt;&gt;</a>&nbsp;&nbsp;&nbsp;HAL_UART_SetReceiveDMA
<LI><a href="#[ae]">&gt;&gt;</a>&nbsp;&nbsp;&nbsp;HAL_UART_SetTransmitDMA
</UL>

<P><STRONG><a name="[e1]"></a>HAL_DMA_Deinit</STRONG> (Thumb, 60 bytes, Stack size 0 bytes, a31t21x_dma.o(.text), UNUSED)

<P><STRONG><a name="[78]"></a>HAL_DMA_Setup</STRONG> (Thumb, 74 bytes, Stack size 16 bytes, a31t21x_dma.o(.text), UNUSED)
<BR><BR>[Calls]<UL><LI><a href="#[79]">&gt;&gt;</a>&nbsp;&nbsp;&nbsp;DMA_REG
</UL>
<BR>[Called By]<UL><LI><a href="#[c2]">&gt;&gt;</a>&nbsp;&nbsp;&nbsp;HAL_USART_SetReceiveDMA
<LI><a href="#[c1]">&gt;&gt;</a>&nbsp;&nbsp;&nbsp;HAL_USART_SetTransmitDMA
<LI><a href="#[b1]">&gt;&gt;</a>&nbsp;&nbsp;&nbsp;HAL_UART_SetReceiveDMA
<LI><a href="#[ae]">&gt;&gt;</a>&nbsp;&nbsp;&nbsp;HAL_UART_SetTransmitDMA
</UL>

<P><STRONG><a name="[b0]"></a>HAL_DMA_Clear</STRONG> (Thumb, 10 bytes, Stack size 0 bytes, a31t21x_dma.o(.text), UNUSED)
<BR><BR>[Called By]<UL><LI><a href="#[c2]">&gt;&gt;</a>&nbsp;&nbsp;&nbsp;HAL_USART_SetReceiveDMA
<LI><a href="#[c1]">&gt;&gt;</a>&nbsp;&nbsp;&nbsp;HAL_USART_SetTransmitDMA
<LI><a href="#[b1]">&gt;&gt;</a>&nbsp;&nbsp;&nbsp;HAL_UART_SetReceiveDMA
<LI><a href="#[ae]">&gt;&gt;</a>&nbsp;&nbsp;&nbsp;HAL_UART_SetTransmitDMA
</UL>

<P><STRONG><a name="[7a]"></a>HAL_DMA_Start</STRONG> (Thumb, 70 bytes, Stack size 40 bytes, a31t21x_dma.o(.text))
<BR><BR>[Stack]<UL><LI>Max Depth = 40<LI>Call Chain = HAL_DMA_Start
</UL>
<BR>[Calls]<UL><LI><a href="#[79]">&gt;&gt;</a>&nbsp;&nbsp;&nbsp;DMA_REG
</UL>
<BR>[Called By]<UL><LI><a href="#[c0]">&gt;&gt;</a>&nbsp;&nbsp;&nbsp;HAL_USART_Receive
<LI><a href="#[bf]">&gt;&gt;</a>&nbsp;&nbsp;&nbsp;HAL_USART_Transmit
<LI><a href="#[bd]">&gt;&gt;</a>&nbsp;&nbsp;&nbsp;HAL_USART_Transfer
<LI><a href="#[6c]">&gt;&gt;</a>&nbsp;&nbsp;&nbsp;HAL_UART_Transmit
<LI><a href="#[64]">&gt;&gt;</a>&nbsp;&nbsp;&nbsp;HAL_UART_Receive
</UL>

<P><STRONG><a name="[7b]"></a>HAL_DMA_Stop</STRONG> (Thumb, 24 bytes, Stack size 16 bytes, a31t21x_dma.o(.text), UNUSED)
<BR><BR>[Calls]<UL><LI><a href="#[79]">&gt;&gt;</a>&nbsp;&nbsp;&nbsp;DMA_REG
</UL>

<P><STRONG><a name="[7c]"></a>HAL_GPIO_SetIRQHandler</STRONG> (Thumb, 72 bytes, Stack size 40 bytes, a31t21x_gpio.o(.text), UNUSED)
<BR><BR>[Calls]<UL><LI><a href="#[7d]">&gt;&gt;</a>&nbsp;&nbsp;&nbsp;GPIO_EmptySlot
</UL>

<P><STRONG><a name="[5f]"></a>HAL_GPIO_Init</STRONG> (Thumb, 148 bytes, Stack size 16 bytes, a31t21x_gpio.o(.text))
<BR><BR>[Stack]<UL><LI>Max Depth = 16<LI>Call Chain = HAL_GPIO_Init
</UL>
<BR>[Calls]<UL><LI><a href="#[81]">&gt;&gt;</a>&nbsp;&nbsp;&nbsp;GPIO_REG
</UL>
<BR>[Called By]<UL><LI><a href="#[58]">&gt;&gt;</a>&nbsp;&nbsp;&nbsp;Port_Init
</UL>

<P><STRONG><a name="[34]"></a>HAL_GPIO_SetMode</STRONG> (Thumb, 42 bytes, Stack size 32 bytes, a31t21x_gpio.o(.text))
<BR><BR>[Stack]<UL><LI>Max Depth = 32<LI>Call Chain = HAL_GPIO_SetMode
</UL>
<BR>[Calls]<UL><LI><a href="#[81]">&gt;&gt;</a>&nbsp;&nbsp;&nbsp;GPIO_REG
</UL>
<BR>[Called By]<UL><LI><a href="#[75]">&gt;&gt;</a>&nbsp;&nbsp;&nbsp;LED_Init_Reg
<LI><a href="#[65]">&gt;&gt;</a>&nbsp;&nbsp;&nbsp;DBG_Init_UART
<LI><a href="#[62]">&gt;&gt;</a>&nbsp;&nbsp;&nbsp;Port_Configure_UART
<LI><a href="#[60]">&gt;&gt;</a>&nbsp;&nbsp;&nbsp;Port_Configure_CLKO
<LI><a href="#[39]">&gt;&gt;</a>&nbsp;&nbsp;&nbsp;TS_Set_Shield
<LI><a href="#[32]">&gt;&gt;</a>&nbsp;&nbsp;&nbsp;Set_TS_IO
</UL>

<P><STRONG><a name="[33]"></a>HAL_GPIO_SetFunction</STRONG> (Thumb, 74 bytes, Stack size 32 bytes, a31t21x_gpio.o(.text))
<BR><BR>[Stack]<UL><LI>Max Depth = 32<LI>Call Chain = HAL_GPIO_SetFunction
</UL>
<BR>[Calls]<UL><LI><a href="#[81]">&gt;&gt;</a>&nbsp;&nbsp;&nbsp;GPIO_REG
</UL>
<BR>[Called By]<UL><LI><a href="#[75]">&gt;&gt;</a>&nbsp;&nbsp;&nbsp;LED_Init_Reg
<LI><a href="#[65]">&gt;&gt;</a>&nbsp;&nbsp;&nbsp;DBG_Init_UART
<LI><a href="#[62]">&gt;&gt;</a>&nbsp;&nbsp;&nbsp;Port_Configure_UART
<LI><a href="#[60]">&gt;&gt;</a>&nbsp;&nbsp;&nbsp;Port_Configure_CLKO
<LI><a href="#[39]">&gt;&gt;</a>&nbsp;&nbsp;&nbsp;TS_Set_Shield
<LI><a href="#[32]">&gt;&gt;</a>&nbsp;&nbsp;&nbsp;Set_TS_IO
</UL>

<P><STRONG><a name="[82]"></a>HAL_GPIO_SetOutput</STRONG> (Thumb, 38 bytes, Stack size 32 bytes, a31t21x_gpio.o(.text), UNUSED)
<BR><BR>[Calls]<UL><LI><a href="#[81]">&gt;&gt;</a>&nbsp;&nbsp;&nbsp;GPIO_REG
</UL>

<P><STRONG><a name="[63]"></a>HAL_GPIO_SetPull</STRONG> (Thumb, 42 bytes, Stack size 32 bytes, a31t21x_gpio.o(.text))
<BR><BR>[Stack]<UL><LI>Max Depth = 32<LI>Call Chain = HAL_GPIO_SetPull
</UL>
<BR>[Calls]<UL><LI><a href="#[81]">&gt;&gt;</a>&nbsp;&nbsp;&nbsp;GPIO_REG
</UL>
<BR>[Called By]<UL><LI><a href="#[65]">&gt;&gt;</a>&nbsp;&nbsp;&nbsp;DBG_Init_UART
<LI><a href="#[62]">&gt;&gt;</a>&nbsp;&nbsp;&nbsp;Port_Configure_UART
</UL>

<P><STRONG><a name="[83]"></a>HAL_GPIO_SetDebounce</STRONG> (Thumb, 42 bytes, Stack size 32 bytes, a31t21x_gpio.o(.text), UNUSED)
<BR><BR>[Calls]<UL><LI><a href="#[81]">&gt;&gt;</a>&nbsp;&nbsp;&nbsp;GPIO_REG
</UL>

<P><STRONG><a name="[84]"></a>HAL_GPIO_SetDebounceClock</STRONG> (Thumb, 80 bytes, Stack size 12 bytes, a31t21x_gpio.o(.text), UNUSED)
<BR><BR>[Calls]<UL><LI><a href="#[4c]">&gt;&gt;</a>&nbsp;&nbsp;&nbsp;__ARM_common_switch8
</UL>

<P><STRONG><a name="[74]"></a>HAL_GPIO_SetPin</STRONG> (Thumb, 24 bytes, Stack size 16 bytes, a31t21x_gpio.o(.text))
<BR><BR>[Stack]<UL><LI>Max Depth = 16<LI>Call Chain = HAL_GPIO_SetPin
</UL>
<BR>[Calls]<UL><LI><a href="#[81]">&gt;&gt;</a>&nbsp;&nbsp;&nbsp;GPIO_REG
</UL>
<BR>[Called By]<UL><LI><a href="#[73]">&gt;&gt;</a>&nbsp;&nbsp;&nbsp;LED_Init_IO
</UL>

<P><STRONG><a name="[85]"></a>HAL_GPIO_ClearPin</STRONG> (Thumb, 24 bytes, Stack size 16 bytes, a31t21x_gpio.o(.text), UNUSED)
<BR><BR>[Calls]<UL><LI><a href="#[81]">&gt;&gt;</a>&nbsp;&nbsp;&nbsp;GPIO_REG
</UL>

<P><STRONG><a name="[86]"></a>HAL_GPIO_ReadPin</STRONG> (Thumb, 44 bytes, Stack size 32 bytes, a31t21x_gpio.o(.text), UNUSED)
<BR><BR>[Calls]<UL><LI><a href="#[81]">&gt;&gt;</a>&nbsp;&nbsp;&nbsp;GPIO_REG
</UL>

<P><STRONG><a name="[87]"></a>HAL_GPIO_WritePort</STRONG> (Thumb, 20 bytes, Stack size 16 bytes, a31t21x_gpio.o(.text), UNUSED)
<BR><BR>[Calls]<UL><LI><a href="#[81]">&gt;&gt;</a>&nbsp;&nbsp;&nbsp;GPIO_REG
</UL>

<P><STRONG><a name="[88]"></a>HAL_GPIO_ReadPort</STRONG> (Thumb, 22 bytes, Stack size 16 bytes, a31t21x_gpio.o(.text), UNUSED)
<BR><BR>[Calls]<UL><LI><a href="#[81]">&gt;&gt;</a>&nbsp;&nbsp;&nbsp;GPIO_REG
</UL>

<P><STRONG><a name="[89]"></a>HAL_GPIO_EnableIRQ</STRONG> (Thumb, 96 bytes, Stack size 40 bytes, a31t21x_gpio.o(.text), UNUSED)
<BR><BR>[Calls]<UL><LI><a href="#[81]">&gt;&gt;</a>&nbsp;&nbsp;&nbsp;GPIO_REG
<LI><a href="#[7e]">&gt;&gt;</a>&nbsp;&nbsp;&nbsp;GPIO_SetupIRQ
</UL>

<P><STRONG><a name="[8a]"></a>HAL_GPIO_DisableIRQ</STRONG> (Thumb, 182 bytes, Stack size 40 bytes, a31t21x_gpio.o(.text), UNUSED)
<BR><BR>[Calls]<UL><LI><a href="#[7f]">&gt;&gt;</a>&nbsp;&nbsp;&nbsp;GPIO_IRQ_NUM
<LI><a href="#[81]">&gt;&gt;</a>&nbsp;&nbsp;&nbsp;GPIO_REG
</UL>

<P><STRONG><a name="[9]"></a>GPIOAB_IRQHandler</STRONG> (Thumb, 16 bytes, Stack size 8 bytes, a31t21x_gpio.o(.text))
<BR><BR>[Stack]<UL><LI>Max Depth = 40<LI>Call Chain = GPIOAB_IRQHandler &rArr; GPIO_Handler
</UL>
<BR>[Calls]<UL><LI><a href="#[8b]">&gt;&gt;</a>&nbsp;&nbsp;&nbsp;GPIO_Handler
</UL>
<BR>[Address Reference Count : 1]<UL><LI> a31t21x_startup_arm.o(RESET)
</UL>
<P><STRONG><a name="[a]"></a>GPIOCD_IRQHandler</STRONG> (Thumb, 16 bytes, Stack size 8 bytes, a31t21x_gpio.o(.text))
<BR><BR>[Stack]<UL><LI>Max Depth = 40<LI>Call Chain = GPIOCD_IRQHandler &rArr; GPIO_Handler
</UL>
<BR>[Calls]<UL><LI><a href="#[8b]">&gt;&gt;</a>&nbsp;&nbsp;&nbsp;GPIO_Handler
</UL>
<BR>[Address Reference Count : 1]<UL><LI> a31t21x_startup_arm.o(RESET)
</UL>
<P><STRONG><a name="[b]"></a>GPIOE_IRQHandler</STRONG> (Thumb, 10 bytes, Stack size 8 bytes, a31t21x_gpio.o(.text))
<BR><BR>[Stack]<UL><LI>Max Depth = 40<LI>Call Chain = GPIOE_IRQHandler &rArr; GPIO_Handler
</UL>
<BR>[Calls]<UL><LI><a href="#[8b]">&gt;&gt;</a>&nbsp;&nbsp;&nbsp;GPIO_Handler
</UL>
<BR>[Address Reference Count : 1]<UL><LI> a31t21x_startup_arm.o(RESET)
</UL>
<P><STRONG><a name="[c]"></a>GPIOF_IRQHandler</STRONG> (Thumb, 10 bytes, Stack size 8 bytes, a31t21x_gpio.o(.text))
<BR><BR>[Stack]<UL><LI>Max Depth = 40<LI>Call Chain = GPIOF_IRQHandler &rArr; GPIO_Handler
</UL>
<BR>[Calls]<UL><LI><a href="#[8b]">&gt;&gt;</a>&nbsp;&nbsp;&nbsp;GPIO_Handler
</UL>
<BR>[Address Reference Count : 1]<UL><LI> a31t21x_startup_arm.o(RESET)
</UL>
<P><STRONG><a name="[72]"></a>HAL_LED_Init</STRONG> (Thumb, 320 bytes, Stack size 16 bytes, a31t21x_led.o(.text))
<BR><BR>[Stack]<UL><LI>Max Depth = 24<LI>Call Chain = HAL_LED_Init &rArr; __NVIC_SetPriority
</UL>
<BR>[Calls]<UL><LI><a href="#[8c]">&gt;&gt;</a>&nbsp;&nbsp;&nbsp;__NVIC_SetPriority
</UL>
<BR>[Called By]<UL><LI><a href="#[48]">&gt;&gt;</a>&nbsp;&nbsp;&nbsp;LED_Set_Actv_Time
</UL>

<P><STRONG><a name="[e2]"></a>HAL_LED_DISP_ON</STRONG> (Thumb, 16 bytes, Stack size 0 bytes, a31t21x_led.o(.text), UNUSED)

<P><STRONG><a name="[e3]"></a>HAL_LED_DISP_OFF</STRONG> (Thumb, 16 bytes, Stack size 0 bytes, a31t21x_led.o(.text), UNUSED)

<P><STRONG><a name="[e4]"></a>HAL_LED_SetClock</STRONG> (Thumb, 88 bytes, Stack size 12 bytes, a31t21x_led.o(.text), UNUSED)

<P><STRONG><a name="[20]"></a>LED_IRQHandler</STRONG> (Thumb, 8 bytes, Stack size 8 bytes, a31t21x_led.o(.text))
<BR><BR>[Stack]<UL><LI>Max Depth = 24<LI>Call Chain = LED_IRQHandler &rArr; LED_IRQHandlerC
</UL>
<BR>[Calls]<UL><LI><a href="#[8d]">&gt;&gt;</a>&nbsp;&nbsp;&nbsp;LED_IRQHandlerC
</UL>
<BR>[Address Reference Count : 1]<UL><LI> a31t21x_startup_arm.o(RESET)
</UL>
<P><STRONG><a name="[8f]"></a>HAL_LVR_Deinit</STRONG> (Thumb, 24 bytes, Stack size 0 bytes, a31t21x_pwr.o(.text), UNUSED)
<BR><BR>[Called By]<UL><LI><a href="#[8e]">&gt;&gt;</a>&nbsp;&nbsp;&nbsp;PWR_SYSTEM_Configure
</UL>

<P><STRONG><a name="[90]"></a>HAL_LVI_Init</STRONG> (Thumb, 72 bytes, Stack size 24 bytes, a31t21x_pwr.o(.text), UNUSED)
<BR><BR>[Calls]<UL><LI><a href="#[91]">&gt;&gt;</a>&nbsp;&nbsp;&nbsp;__NVIC_SetPriority
</UL>

<P><STRONG><a name="[e5]"></a>HAL_LVI_Deinit</STRONG> (Thumb, 70 bytes, Stack size 0 bytes, a31t21x_pwr.o(.text), UNUSED)

<P><STRONG><a name="[e6]"></a>HAL_LVR_Init</STRONG> (Thumb, 24 bytes, Stack size 0 bytes, a31t21x_pwr.o(.text), UNUSED)

<P><STRONG><a name="[e7]"></a>HAL_PWR_EnterSleepMode</STRONG> (Thumb, 34 bytes, Stack size 0 bytes, a31t21x_pwr.o(.text), UNUSED)

<P><STRONG><a name="[54]"></a>HAL_PWR_EnterDeepSleepMode</STRONG> (Thumb, 44 bytes, Stack size 8 bytes, a31t21x_pwr.o(.text), UNUSED)
<BR><BR>[Calls]<UL><LI><a href="#[8e]">&gt;&gt;</a>&nbsp;&nbsp;&nbsp;PWR_SYSTEM_Configure
</UL>
<BR>[Called By]<UL><LI><a href="#[4e]">&gt;&gt;</a>&nbsp;&nbsp;&nbsp;Check_LPM_Entry
</UL>

<P><STRONG><a name="[6]"></a>LVI_IRQHandler</STRONG> (Thumb, 26 bytes, Stack size 8 bytes, a31t21x_pwr.o(.text))
<BR><BR>[Stack]<UL><LI>Max Depth = 8<LI>Call Chain = LVI_IRQHandler
</UL>
<BR>[Address Reference Count : 1]<UL><LI> a31t21x_startup_arm.o(RESET)
</UL>
<P><STRONG><a name="[4d]"></a>HAL_SCU_UpdateMainClock</STRONG> (Thumb, 76 bytes, Stack size 8 bytes, a31t21x_scu.o(.text))
<BR><BR>[Stack]<UL><LI>Max Depth = 44<LI>Call Chain = HAL_SCU_UpdateMainClock &rArr; SCU_ClockEnable &rArr; __aeabi_uidivmod
</UL>
<BR>[Calls]<UL><LI><a href="#[92]">&gt;&gt;</a>&nbsp;&nbsp;&nbsp;SCU_ClockEnable
<LI><a href="#[93]">&gt;&gt;</a>&nbsp;&nbsp;&nbsp;SCU_FlashLatencySet
<LI><a href="#[31]">&gt;&gt;</a>&nbsp;&nbsp;&nbsp;__aeabi_uidivmod
</UL>
<BR>[Called By]<UL><LI><a href="#[59]">&gt;&gt;</a>&nbsp;&nbsp;&nbsp;System_Setting_Config
<LI><a href="#[4b]">&gt;&gt;</a>&nbsp;&nbsp;&nbsp;Change_SysClock
</UL>

<P><STRONG><a name="[5e]"></a>HAL_SCU_SetPLLConfig</STRONG> (Thumb, 350 bytes, Stack size 32 bytes, a31t21x_scu.o(.text))
<BR><BR>[Stack]<UL><LI>Max Depth = 44<LI>Call Chain = HAL_SCU_SetPLLConfig &rArr; __aeabi_uidivmod
</UL>
<BR>[Calls]<UL><LI><a href="#[31]">&gt;&gt;</a>&nbsp;&nbsp;&nbsp;__aeabi_uidivmod
</UL>
<BR>[Called By]<UL><LI><a href="#[59]">&gt;&gt;</a>&nbsp;&nbsp;&nbsp;System_Setting_Config
</UL>

<P><STRONG><a name="[4f]"></a>HAL_SCU_EnableClock</STRONG> (Thumb, 184 bytes, Stack size 0 bytes, a31t21x_scu.o(.text), UNUSED)
<BR><BR>[Called By]<UL><LI><a href="#[4e]">&gt;&gt;</a>&nbsp;&nbsp;&nbsp;Check_LPM_Entry
</UL>

<P><STRONG><a name="[e8]"></a>HAL_SCU_DisableClock</STRONG> (Thumb, 80 bytes, Stack size 0 bytes, a31t21x_scu.o(.text), UNUSED)

<P><STRONG><a name="[94]"></a>HAL_SCU_EnableClockMonitor</STRONG> (Thumb, 148 bytes, Stack size 24 bytes, a31t21x_scu.o(.text), UNUSED)
<BR><BR>[Calls]<UL><LI><a href="#[95]">&gt;&gt;</a>&nbsp;&nbsp;&nbsp;__NVIC_SetPriority
</UL>

<P><STRONG><a name="[e9]"></a>HAL_SCU_DisableClockMonitor</STRONG> (Thumb, 130 bytes, Stack size 0 bytes, a31t21x_scu.o(.text), UNUSED)

<P><STRONG><a name="[61]"></a>HAL_SCU_EnableClockOut</STRONG> (Thumb, 28 bytes, Stack size 0 bytes, a31t21x_scu.o(.text), UNUSED)
<BR><BR>[Called By]<UL><LI><a href="#[60]">&gt;&gt;</a>&nbsp;&nbsp;&nbsp;Port_Configure_CLKO
</UL>

<P><STRONG><a name="[ea]"></a>HAL_SCU_DisableClockOut</STRONG> (Thumb, 16 bytes, Stack size 0 bytes, a31t21x_scu.o(.text), UNUSED)

<P><STRONG><a name="[51]"></a>HAL_SCU_EnableWakeupSource</STRONG> (Thumb, 20 bytes, Stack size 0 bytes, a31t21x_scu.o(.text), UNUSED)
<BR><BR>[Called By]<UL><LI><a href="#[4e]">&gt;&gt;</a>&nbsp;&nbsp;&nbsp;Check_LPM_Entry
</UL>

<P><STRONG><a name="[eb]"></a>HAL_SCU_DisableWakeupSource</STRONG> (Thumb, 20 bytes, Stack size 0 bytes, a31t21x_scu.o(.text), UNUSED)

<P><STRONG><a name="[ec]"></a>HAL_SCU_EnableResetSource</STRONG> (Thumb, 20 bytes, Stack size 0 bytes, a31t21x_scu.o(.text), UNUSED)

<P><STRONG><a name="[50]"></a>HAL_SCU_DisableResetSource</STRONG> (Thumb, 20 bytes, Stack size 0 bytes, a31t21x_scu.o(.text), UNUSED)
<BR><BR>[Called By]<UL><LI><a href="#[4e]">&gt;&gt;</a>&nbsp;&nbsp;&nbsp;Check_LPM_Entry
</UL>

<P><STRONG><a name="[ed]"></a>HAL_SCU_GetResetReason</STRONG> (Thumb, 14 bytes, Stack size 0 bytes, a31t21x_scu.o(.text), UNUSED)

<P><STRONG><a name="[ee]"></a>HAL_SCU_GetWakeupReason</STRONG> (Thumb, 14 bytes, Stack size 0 bytes, a31t21x_scu.o(.text), UNUSED)

<P><STRONG><a name="[ef]"></a>HAL_SCU_Timer1n_ClockConfig</STRONG> (Thumb, 28 bytes, Stack size 0 bytes, a31t21x_scu.o(.text), UNUSED)

<P><STRONG><a name="[f0]"></a>HAL_SCU_Timer20_ClockConfig</STRONG> (Thumb, 28 bytes, Stack size 0 bytes, a31t21x_scu.o(.text), UNUSED)

<P><STRONG><a name="[f1]"></a>HAL_SCU_Timer30_ClockConfig</STRONG> (Thumb, 28 bytes, Stack size 0 bytes, a31t21x_scu.o(.text), UNUSED)

<P><STRONG><a name="[f2]"></a>HAL_SCU_LED_ClockConfig</STRONG> (Thumb, 28 bytes, Stack size 0 bytes, a31t21x_scu.o(.text), UNUSED)

<P><STRONG><a name="[f3]"></a>HAL_SCU_WT_ClockConfig</STRONG> (Thumb, 30 bytes, Stack size 0 bytes, a31t21x_scu.o(.text), UNUSED)

<P><STRONG><a name="[f4]"></a>HAL_SCU_WDT_ClockConfig</STRONG> (Thumb, 28 bytes, Stack size 0 bytes, a31t21x_scu.o(.text), UNUSED)

<P><STRONG><a name="[f5]"></a>HAL_SCU_LCD_ClockConfig</STRONG> (Thumb, 28 bytes, Stack size 0 bytes, a31t21x_scu.o(.text), UNUSED)

<P><STRONG><a name="[7]"></a>SYSCLKFAIL_IRQHandler</STRONG> (Thumb, 98 bytes, Stack size 8 bytes, a31t21x_scu.o(.text))
<BR><BR>[Stack]<UL><LI>Max Depth = 8<LI>Call Chain = SYSCLKFAIL_IRQHandler
</UL>
<BR>[Address Reference Count : 1]<UL><LI> a31t21x_startup_arm.o(RESET)
</UL>
<P><STRONG><a name="[96]"></a>HAL_TIMER_Deinit</STRONG> (Thumb, 254 bytes, Stack size 16 bytes, a31t21x_timer.o(.text), UNUSED)
<BR><BR>[Calls]<UL><LI><a href="#[97]">&gt;&gt;</a>&nbsp;&nbsp;&nbsp;TIMER_IRQ_NUM
</UL>
<BR>[Called By]<UL><LI><a href="#[98]">&gt;&gt;</a>&nbsp;&nbsp;&nbsp;HAL_TIMER_Init
</UL>

<P><STRONG><a name="[98]"></a>HAL_TIMER_Init</STRONG> (Thumb, 482 bytes, Stack size 48 bytes, a31t21x_timer.o(.text), UNUSED)
<BR><BR>[Calls]<UL><LI><a href="#[96]">&gt;&gt;</a>&nbsp;&nbsp;&nbsp;HAL_TIMER_Deinit
<LI><a href="#[9b]">&gt;&gt;</a>&nbsp;&nbsp;&nbsp;__NVIC_SetPriority
<LI><a href="#[9a]">&gt;&gt;</a>&nbsp;&nbsp;&nbsp;TIMER_Configure
<LI><a href="#[97]">&gt;&gt;</a>&nbsp;&nbsp;&nbsp;TIMER_IRQ_NUM
<LI><a href="#[99]">&gt;&gt;</a>&nbsp;&nbsp;&nbsp;TIMER_REG
</UL>

<P><STRONG><a name="[9c]"></a>HAL_TIMER_GetStatus</STRONG> (Thumb, 26 bytes, Stack size 16 bytes, a31t21x_timer.o(.text), UNUSED)
<BR><BR>[Calls]<UL><LI><a href="#[99]">&gt;&gt;</a>&nbsp;&nbsp;&nbsp;TIMER_REG
</UL>

<P><STRONG><a name="[9d]"></a>HAL_TIMER_Start</STRONG> (Thumb, 62 bytes, Stack size 16 bytes, a31t21x_timer.o(.text), UNUSED)
<BR><BR>[Calls]<UL><LI><a href="#[99]">&gt;&gt;</a>&nbsp;&nbsp;&nbsp;TIMER_REG
</UL>

<P><STRONG><a name="[9e]"></a>HAL_TIMER_StartPWM</STRONG> (Thumb, 98 bytes, Stack size 40 bytes, a31t21x_timer.o(.text), UNUSED)
<BR><BR>[Calls]<UL><LI><a href="#[99]">&gt;&gt;</a>&nbsp;&nbsp;&nbsp;TIMER_REG
</UL>

<P><STRONG><a name="[9f]"></a>HAL_TIMER_StartCapture</STRONG> (Thumb, 52 bytes, Stack size 16 bytes, a31t21x_timer.o(.text), UNUSED)
<BR><BR>[Calls]<UL><LI><a href="#[99]">&gt;&gt;</a>&nbsp;&nbsp;&nbsp;TIMER_REG
</UL>

<P><STRONG><a name="[a0]"></a>HAL_TIMER_Stop</STRONG> (Thumb, 26 bytes, Stack size 16 bytes, a31t21x_timer.o(.text), UNUSED)
<BR><BR>[Calls]<UL><LI><a href="#[99]">&gt;&gt;</a>&nbsp;&nbsp;&nbsp;TIMER_REG
</UL>

<P><STRONG><a name="[a1]"></a>HAL_TIMER_GetCount</STRONG> (Thumb, 22 bytes, Stack size 16 bytes, a31t21x_timer.o(.text), UNUSED)
<BR><BR>[Calls]<UL><LI><a href="#[99]">&gt;&gt;</a>&nbsp;&nbsp;&nbsp;TIMER_REG
</UL>

<P><STRONG><a name="[a2]"></a>HAL_TIMER_ClearCount</STRONG> (Thumb, 20 bytes, Stack size 16 bytes, a31t21x_timer.o(.text), UNUSED)
<BR><BR>[Calls]<UL><LI><a href="#[99]">&gt;&gt;</a>&nbsp;&nbsp;&nbsp;TIMER_REG
</UL>

<P><STRONG><a name="[a3]"></a>HAL_TIMER_GetCaptureCount</STRONG> (Thumb, 36 bytes, Stack size 24 bytes, a31t21x_timer.o(.text), UNUSED)
<BR><BR>[Calls]<UL><LI><a href="#[99]">&gt;&gt;</a>&nbsp;&nbsp;&nbsp;TIMER_REG
</UL>

<P><STRONG><a name="[a4]"></a>HAL_TIMER_SetClock</STRONG> (Thumb, 204 bytes, Stack size 40 bytes, a31t21x_timer.o(.text), UNUSED)
<BR><BR>[Calls]<UL><LI><a href="#[99]">&gt;&gt;</a>&nbsp;&nbsp;&nbsp;TIMER_REG
</UL>

<P><STRONG><a name="[a5]"></a>HAL_TIMER_SetIRQ</STRONG> (Thumb, 92 bytes, Stack size 24 bytes, a31t21x_timer.o(.text), UNUSED)
<BR><BR>[Calls]<UL><LI><a href="#[99]">&gt;&gt;</a>&nbsp;&nbsp;&nbsp;TIMER_REG
</UL>

<P><STRONG><a name="[d]"></a>TIMER10_IRQHandler</STRONG> (Thumb, 10 bytes, Stack size 8 bytes, a31t21x_timer.o(.text))
<BR><BR>[Stack]<UL><LI>Max Depth = 32<LI>Call Chain = TIMER10_IRQHandler &rArr; TIMER_IRQHandler
</UL>
<BR>[Calls]<UL><LI><a href="#[a6]">&gt;&gt;</a>&nbsp;&nbsp;&nbsp;TIMER_IRQHandler
</UL>
<BR>[Address Reference Count : 1]<UL><LI> a31t21x_startup_arm.o(RESET)
</UL>
<P><STRONG><a name="[e]"></a>TIMER11_IRQHandler</STRONG> (Thumb, 10 bytes, Stack size 8 bytes, a31t21x_timer.o(.text))
<BR><BR>[Stack]<UL><LI>Max Depth = 32<LI>Call Chain = TIMER11_IRQHandler &rArr; TIMER_IRQHandler
</UL>
<BR>[Calls]<UL><LI><a href="#[a6]">&gt;&gt;</a>&nbsp;&nbsp;&nbsp;TIMER_IRQHandler
</UL>
<BR>[Address Reference Count : 1]<UL><LI> a31t21x_startup_arm.o(RESET)
</UL>
<P><STRONG><a name="[f]"></a>TIMER12_IRQHandler</STRONG> (Thumb, 10 bytes, Stack size 8 bytes, a31t21x_timer.o(.text))
<BR><BR>[Stack]<UL><LI>Max Depth = 32<LI>Call Chain = TIMER12_IRQHandler &rArr; TIMER_IRQHandler
</UL>
<BR>[Calls]<UL><LI><a href="#[a6]">&gt;&gt;</a>&nbsp;&nbsp;&nbsp;TIMER_IRQHandler
</UL>
<BR>[Address Reference Count : 1]<UL><LI> a31t21x_startup_arm.o(RESET)
</UL>
<P><STRONG><a name="[1b]"></a>TIMER13_IRQHandler</STRONG> (Thumb, 10 bytes, Stack size 8 bytes, a31t21x_timer.o(.text))
<BR><BR>[Stack]<UL><LI>Max Depth = 32<LI>Call Chain = TIMER13_IRQHandler &rArr; TIMER_IRQHandler
</UL>
<BR>[Calls]<UL><LI><a href="#[a6]">&gt;&gt;</a>&nbsp;&nbsp;&nbsp;TIMER_IRQHandler
</UL>
<BR>[Address Reference Count : 1]<UL><LI> a31t21x_startup_arm.o(RESET)
</UL>
<P><STRONG><a name="[15]"></a>TIMER20_IRQHandler</STRONG> (Thumb, 10 bytes, Stack size 8 bytes, a31t21x_timer.o(.text))
<BR><BR>[Stack]<UL><LI>Max Depth = 32<LI>Call Chain = TIMER20_IRQHandler &rArr; TIMER_IRQHandler
</UL>
<BR>[Calls]<UL><LI><a href="#[a6]">&gt;&gt;</a>&nbsp;&nbsp;&nbsp;TIMER_IRQHandler
</UL>
<BR>[Address Reference Count : 1]<UL><LI> a31t21x_startup_arm.o(RESET)
</UL>
<P><STRONG><a name="[16]"></a>TIMER21_IRQHandler</STRONG> (Thumb, 10 bytes, Stack size 8 bytes, a31t21x_timer.o(.text))
<BR><BR>[Stack]<UL><LI>Max Depth = 32<LI>Call Chain = TIMER21_IRQHandler &rArr; TIMER_IRQHandler
</UL>
<BR>[Calls]<UL><LI><a href="#[a6]">&gt;&gt;</a>&nbsp;&nbsp;&nbsp;TIMER_IRQHandler
</UL>
<BR>[Address Reference Count : 1]<UL><LI> a31t21x_startup_arm.o(RESET)
</UL>
<P><STRONG><a name="[a8]"></a>HAL_UART_Deinit</STRONG> (Thumb, 128 bytes, Stack size 16 bytes, a31t21x_uart.o(.text))
<BR><BR>[Stack]<UL><LI>Max Depth = 16<LI>Call Chain = HAL_UART_Deinit
</UL>
<BR>[Calls]<UL><LI><a href="#[a9]">&gt;&gt;</a>&nbsp;&nbsp;&nbsp;UART_IRQ_NUM
</UL>
<BR>[Called By]<UL><LI><a href="#[66]">&gt;&gt;</a>&nbsp;&nbsp;&nbsp;HAL_UART_Init
</UL>

<P><STRONG><a name="[66]"></a>HAL_UART_Init</STRONG> (Thumb, 304 bytes, Stack size 48 bytes, a31t21x_uart.o(.text))
<BR><BR>[Stack]<UL><LI>Max Depth = 100<LI>Call Chain = HAL_UART_Init &rArr; UART_Configure &rArr; __aeabi_uidivmod
</UL>
<BR>[Calls]<UL><LI><a href="#[a8]">&gt;&gt;</a>&nbsp;&nbsp;&nbsp;HAL_UART_Deinit
<LI><a href="#[a9]">&gt;&gt;</a>&nbsp;&nbsp;&nbsp;UART_IRQ_NUM
<LI><a href="#[aa]">&gt;&gt;</a>&nbsp;&nbsp;&nbsp;UART_REG
<LI><a href="#[ac]">&gt;&gt;</a>&nbsp;&nbsp;&nbsp;__NVIC_SetPriority
<LI><a href="#[a7]">&gt;&gt;</a>&nbsp;&nbsp;&nbsp;UART_Configure
<LI><a href="#[ab]">&gt;&gt;</a>&nbsp;&nbsp;&nbsp;__aeabi_memclr4
</UL>
<BR>[Called By]<UL><LI><a href="#[65]">&gt;&gt;</a>&nbsp;&nbsp;&nbsp;DBG_Init_UART
</UL>

<P><STRONG><a name="[6c]"></a>HAL_UART_Transmit</STRONG> (Thumb, 210 bytes, Stack size 40 bytes, a31t21x_uart.o(.text))
<BR><BR>[Stack]<UL><LI>Max Depth = 80<LI>Call Chain = HAL_UART_Transmit &rArr; HAL_DMA_Start
</UL>
<BR>[Calls]<UL><LI><a href="#[aa]">&gt;&gt;</a>&nbsp;&nbsp;&nbsp;UART_REG
<LI><a href="#[7a]">&gt;&gt;</a>&nbsp;&nbsp;&nbsp;HAL_DMA_Start
</UL>
<BR>[Called By]<UL><LI><a href="#[68]">&gt;&gt;</a>&nbsp;&nbsp;&nbsp;DBG_Send_Data
</UL>

<P><STRONG><a name="[64]"></a>HAL_UART_Receive</STRONG> (Thumb, 238 bytes, Stack size 48 bytes, a31t21x_uart.o(.text))
<BR><BR>[Stack]<UL><LI>Max Depth = 88<LI>Call Chain = HAL_UART_Receive &rArr; HAL_DMA_Start
</UL>
<BR>[Calls]<UL><LI><a href="#[aa]">&gt;&gt;</a>&nbsp;&nbsp;&nbsp;UART_REG
<LI><a href="#[7a]">&gt;&gt;</a>&nbsp;&nbsp;&nbsp;HAL_DMA_Start
</UL>
<BR>[Called By]<UL><LI><a href="#[65]">&gt;&gt;</a>&nbsp;&nbsp;&nbsp;DBG_Init_UART
<LI><a href="#[26]">&gt;&gt;</a>&nbsp;&nbsp;&nbsp;app_uart_irq_handler
</UL>

<P><STRONG><a name="[ad]"></a>HAL_UART_Abort</STRONG> (Thumb, 82 bytes, Stack size 16 bytes, a31t21x_uart.o(.text), UNUSED)
<BR><BR>[Calls]<UL><LI><a href="#[aa]">&gt;&gt;</a>&nbsp;&nbsp;&nbsp;UART_REG
</UL>

<P><STRONG><a name="[ae]"></a>HAL_UART_SetTransmitDMA</STRONG> (Thumb, 70 bytes, Stack size 24 bytes, a31t21x_uart.o(.text), UNUSED)
<BR><BR>[Calls]<UL><LI><a href="#[b0]">&gt;&gt;</a>&nbsp;&nbsp;&nbsp;HAL_DMA_Clear
<LI><a href="#[78]">&gt;&gt;</a>&nbsp;&nbsp;&nbsp;HAL_DMA_Setup
<LI><a href="#[af]">&gt;&gt;</a>&nbsp;&nbsp;&nbsp;HAL_DMA_Init
</UL>

<P><STRONG><a name="[b1]"></a>HAL_UART_SetReceiveDMA</STRONG> (Thumb, 72 bytes, Stack size 24 bytes, a31t21x_uart.o(.text), UNUSED)
<BR><BR>[Calls]<UL><LI><a href="#[b0]">&gt;&gt;</a>&nbsp;&nbsp;&nbsp;HAL_DMA_Clear
<LI><a href="#[78]">&gt;&gt;</a>&nbsp;&nbsp;&nbsp;HAL_DMA_Setup
<LI><a href="#[af]">&gt;&gt;</a>&nbsp;&nbsp;&nbsp;HAL_DMA_Init
</UL>

<P><STRONG><a name="[b2]"></a>HAL_UART_GetBusyStatus</STRONG> (Thumb, 38 bytes, Stack size 16 bytes, a31t21x_uart.o(.text), UNUSED)
<BR><BR>[Calls]<UL><LI><a href="#[aa]">&gt;&gt;</a>&nbsp;&nbsp;&nbsp;UART_REG
</UL>

<P><STRONG><a name="[b3]"></a>HAL_UART_GetLineStatus</STRONG> (Thumb, 26 bytes, Stack size 16 bytes, a31t21x_uart.o(.text), UNUSED)
<BR><BR>[Calls]<UL><LI><a href="#[aa]">&gt;&gt;</a>&nbsp;&nbsp;&nbsp;UART_REG
</UL>

<P><STRONG><a name="[b4]"></a>HAL_UART_SetIFDelay</STRONG> (Thumb, 20 bytes, Stack size 16 bytes, a31t21x_uart.o(.text), UNUSED)
<BR><BR>[Calls]<UL><LI><a href="#[aa]">&gt;&gt;</a>&nbsp;&nbsp;&nbsp;UART_REG
</UL>

<P><STRONG><a name="[b5]"></a>HAL_UART_SetIRQ</STRONG> (Thumb, 84 bytes, Stack size 32 bytes, a31t21x_uart.o(.text), UNUSED)
<BR><BR>[Calls]<UL><LI><a href="#[aa]">&gt;&gt;</a>&nbsp;&nbsp;&nbsp;UART_REG
<LI><a href="#[4c]">&gt;&gt;</a>&nbsp;&nbsp;&nbsp;__ARM_common_switch8
</UL>

<P><STRONG><a name="[19]"></a>UART0_IRQHandler</STRONG> (Thumb, 10 bytes, Stack size 8 bytes, a31t21x_uart.o(.text))
<BR><BR>[Stack]<UL><LI>Max Depth = 48<LI>Call Chain = UART0_IRQHandler &rArr; UART_IRQHandler
</UL>
<BR>[Calls]<UL><LI><a href="#[b6]">&gt;&gt;</a>&nbsp;&nbsp;&nbsp;UART_IRQHandler
</UL>
<BR>[Address Reference Count : 1]<UL><LI> a31t21x_startup_arm.o(RESET)
</UL>
<P><STRONG><a name="[1a]"></a>UART1_IRQHandler</STRONG> (Thumb, 10 bytes, Stack size 8 bytes, a31t21x_uart.o(.text))
<BR><BR>[Stack]<UL><LI>Max Depth = 48<LI>Call Chain = UART1_IRQHandler &rArr; UART_IRQHandler
</UL>
<BR>[Calls]<UL><LI><a href="#[b6]">&gt;&gt;</a>&nbsp;&nbsp;&nbsp;UART_IRQHandler
</UL>
<BR>[Address Reference Count : 1]<UL><LI> a31t21x_startup_arm.o(RESET)
</UL>
<P><STRONG><a name="[b8]"></a>HAL_USART_Deinit</STRONG> (Thumb, 128 bytes, Stack size 16 bytes, a31t21x_usart1n.o(.text), UNUSED)
<BR><BR>[Calls]<UL><LI><a href="#[b9]">&gt;&gt;</a>&nbsp;&nbsp;&nbsp;USART_IRQ_NUM
</UL>
<BR>[Called By]<UL><LI><a href="#[ba]">&gt;&gt;</a>&nbsp;&nbsp;&nbsp;HAL_USART_Init
</UL>

<P><STRONG><a name="[ba]"></a>HAL_USART_Init</STRONG> (Thumb, 268 bytes, Stack size 40 bytes, a31t21x_usart1n.o(.text), UNUSED)
<BR><BR>[Calls]<UL><LI><a href="#[b8]">&gt;&gt;</a>&nbsp;&nbsp;&nbsp;HAL_USART_Deinit
<LI><a href="#[b9]">&gt;&gt;</a>&nbsp;&nbsp;&nbsp;USART_IRQ_NUM
<LI><a href="#[bb]">&gt;&gt;</a>&nbsp;&nbsp;&nbsp;USART_REG
<LI><a href="#[bc]">&gt;&gt;</a>&nbsp;&nbsp;&nbsp;__NVIC_SetPriority
<LI><a href="#[b7]">&gt;&gt;</a>&nbsp;&nbsp;&nbsp;USART_Configure
<LI><a href="#[ab]">&gt;&gt;</a>&nbsp;&nbsp;&nbsp;__aeabi_memclr4
</UL>

<P><STRONG><a name="[bd]"></a>HAL_USART_Transfer</STRONG> (Thumb, 500 bytes, Stack size 40 bytes, a31t21x_usart1n.o(.text), UNUSED)
<BR><BR>[Calls]<UL><LI><a href="#[be]">&gt;&gt;</a>&nbsp;&nbsp;&nbsp;USART_StatusCheck
<LI><a href="#[bb]">&gt;&gt;</a>&nbsp;&nbsp;&nbsp;USART_REG
<LI><a href="#[7a]">&gt;&gt;</a>&nbsp;&nbsp;&nbsp;HAL_DMA_Start
</UL>
<BR>[Called By]<UL><LI><a href="#[c0]">&gt;&gt;</a>&nbsp;&nbsp;&nbsp;HAL_USART_Receive
<LI><a href="#[bf]">&gt;&gt;</a>&nbsp;&nbsp;&nbsp;HAL_USART_Transmit
</UL>

<P><STRONG><a name="[bf]"></a>HAL_USART_Transmit</STRONG> (Thumb, 184 bytes, Stack size 48 bytes, a31t21x_usart1n.o(.text), UNUSED)
<BR><BR>[Calls]<UL><LI><a href="#[bd]">&gt;&gt;</a>&nbsp;&nbsp;&nbsp;HAL_USART_Transfer
<LI><a href="#[bb]">&gt;&gt;</a>&nbsp;&nbsp;&nbsp;USART_REG
<LI><a href="#[7a]">&gt;&gt;</a>&nbsp;&nbsp;&nbsp;HAL_DMA_Start
</UL>

<P><STRONG><a name="[c0]"></a>HAL_USART_Receive</STRONG> (Thumb, 190 bytes, Stack size 48 bytes, a31t21x_usart1n.o(.text), UNUSED)
<BR><BR>[Calls]<UL><LI><a href="#[bd]">&gt;&gt;</a>&nbsp;&nbsp;&nbsp;HAL_USART_Transfer
<LI><a href="#[bb]">&gt;&gt;</a>&nbsp;&nbsp;&nbsp;USART_REG
<LI><a href="#[7a]">&gt;&gt;</a>&nbsp;&nbsp;&nbsp;HAL_DMA_Start
</UL>

<P><STRONG><a name="[c1]"></a>HAL_USART_SetTransmitDMA</STRONG> (Thumb, 70 bytes, Stack size 24 bytes, a31t21x_usart1n.o(.text), UNUSED)
<BR><BR>[Calls]<UL><LI><a href="#[b0]">&gt;&gt;</a>&nbsp;&nbsp;&nbsp;HAL_DMA_Clear
<LI><a href="#[78]">&gt;&gt;</a>&nbsp;&nbsp;&nbsp;HAL_DMA_Setup
<LI><a href="#[af]">&gt;&gt;</a>&nbsp;&nbsp;&nbsp;HAL_DMA_Init
</UL>

<P><STRONG><a name="[c2]"></a>HAL_USART_SetReceiveDMA</STRONG> (Thumb, 72 bytes, Stack size 24 bytes, a31t21x_usart1n.o(.text), UNUSED)
<BR><BR>[Calls]<UL><LI><a href="#[b0]">&gt;&gt;</a>&nbsp;&nbsp;&nbsp;HAL_DMA_Clear
<LI><a href="#[78]">&gt;&gt;</a>&nbsp;&nbsp;&nbsp;HAL_DMA_Setup
<LI><a href="#[af]">&gt;&gt;</a>&nbsp;&nbsp;&nbsp;HAL_DMA_Init
</UL>

<P><STRONG><a name="[c3]"></a>HAL_USART_GetBusyStatus</STRONG> (Thumb, 38 bytes, Stack size 16 bytes, a31t21x_usart1n.o(.text), UNUSED)
<BR><BR>[Calls]<UL><LI><a href="#[bb]">&gt;&gt;</a>&nbsp;&nbsp;&nbsp;USART_REG
</UL>

<P><STRONG><a name="[c4]"></a>HAL_USART_GetLineStatus</STRONG> (Thumb, 22 bytes, Stack size 16 bytes, a31t21x_usart1n.o(.text), UNUSED)
<BR><BR>[Calls]<UL><LI><a href="#[bb]">&gt;&gt;</a>&nbsp;&nbsp;&nbsp;USART_REG
</UL>

<P><STRONG><a name="[c5]"></a>HAL_USART_SetIRQ</STRONG> (Thumb, 80 bytes, Stack size 32 bytes, a31t21x_usart1n.o(.text), UNUSED)
<BR><BR>[Calls]<UL><LI><a href="#[bb]">&gt;&gt;</a>&nbsp;&nbsp;&nbsp;USART_REG
</UL>

<P><STRONG><a name="[11]"></a>USART10_IRQHandler</STRONG> (Thumb, 10 bytes, Stack size 8 bytes, a31t21x_usart1n.o(.text))
<BR><BR>[Stack]<UL><LI>Max Depth = 48<LI>Call Chain = USART10_IRQHandler &rArr; USART_IRQHandler
</UL>
<BR>[Calls]<UL><LI><a href="#[c6]">&gt;&gt;</a>&nbsp;&nbsp;&nbsp;USART_IRQHandler
</UL>
<BR>[Address Reference Count : 1]<UL><LI> a31t21x_startup_arm.o(RESET)
</UL>
<P><STRONG><a name="[17]"></a>USART11_IRQHandler</STRONG> (Thumb, 10 bytes, Stack size 8 bytes, a31t21x_usart1n.o(.text))
<BR><BR>[Stack]<UL><LI>Max Depth = 48<LI>Call Chain = USART11_IRQHandler &rArr; USART_IRQHandler
</UL>
<BR>[Calls]<UL><LI><a href="#[c6]">&gt;&gt;</a>&nbsp;&nbsp;&nbsp;USART_IRQHandler
</UL>
<BR>[Address Reference Count : 1]<UL><LI> a31t21x_startup_arm.o(RESET)
</UL>
<P><STRONG><a name="[52]"></a>HAL_WDT_Init</STRONG> (Thumb, 32 bytes, Stack size 16 bytes, a31t21x_wdt.o(.text), UNUSED)
<BR><BR>[Calls]<UL><LI><a href="#[c7]">&gt;&gt;</a>&nbsp;&nbsp;&nbsp;WDT_Configure
</UL>
<BR>[Called By]<UL><LI><a href="#[4e]">&gt;&gt;</a>&nbsp;&nbsp;&nbsp;Check_LPM_Entry
</UL>

<P><STRONG><a name="[f6]"></a>HAL_WDT_Deinit</STRONG> (Thumb, 76 bytes, Stack size 0 bytes, a31t21x_wdt.o(.text), UNUSED)

<P><STRONG><a name="[53]"></a>HAL_WDT_Start</STRONG> (Thumb, 110 bytes, Stack size 0 bytes, a31t21x_wdt.o(.text), UNUSED)
<BR><BR>[Called By]<UL><LI><a href="#[4e]">&gt;&gt;</a>&nbsp;&nbsp;&nbsp;Check_LPM_Entry
</UL>

<P><STRONG><a name="[f7]"></a>HAL_WDT_Stop</STRONG> (Thumb, 28 bytes, Stack size 0 bytes, a31t21x_wdt.o(.text), UNUSED)

<P><STRONG><a name="[f8]"></a>HAL_WDT_Feed</STRONG> (Thumb, 48 bytes, Stack size 0 bytes, a31t21x_wdt.o(.text), UNUSED)

<P><STRONG><a name="[f9]"></a>HAL_WDT_GetCounter</STRONG> (Thumb, 12 bytes, Stack size 0 bytes, a31t21x_wdt.o(.text), UNUSED)

<P><STRONG><a name="[c9]"></a>HAL_WDT_ClearStatus</STRONG> (Thumb, 36 bytes, Stack size 0 bytes, a31t21x_wdt.o(.text))
<BR><BR>[Called By]<UL><LI><a href="#[2b]">&gt;&gt;</a>&nbsp;&nbsp;&nbsp;WDT_IRQHandlerC
</UL>

<P><STRONG><a name="[fa]"></a>HAL_WDT_SetClock</STRONG> (Thumb, 74 bytes, Stack size 8 bytes, a31t21x_wdt.o(.text), UNUSED)

<P><STRONG><a name="[2b]"></a>WDT_IRQHandlerC</STRONG> (Thumb, 60 bytes, Stack size 8 bytes, a31t21x_wdt.o(.text))
<BR><BR>[Stack]<UL><LI>Max Depth = 8<LI>Call Chain = WDT_IRQHandlerC
</UL>
<BR>[Calls]<UL><LI><a href="#[c9]">&gt;&gt;</a>&nbsp;&nbsp;&nbsp;HAL_WDT_ClearStatus
</UL>
<BR>[Address Reference Count : 1]<UL><LI> a31t21x_startup_arm.o(.text)
</UL>
<P><STRONG><a name="[21]"></a>TOUCH_IRQHandler</STRONG> (Thumb, 248 bytes, Stack size 8 bytes, touch.o(.text))
<BR><BR>[Stack]<UL><LI>Max Depth = 8<LI>Call Chain = TOUCH_IRQHandler
</UL>
<BR>[Calls]<UL><LI><a href="#[ca]">&gt;&gt;</a>&nbsp;&nbsp;&nbsp;__NVIC_DisableIRQ
</UL>
<BR>[Address Reference Count : 1]<UL><LI> a31t21x_startup_arm.o(RESET)
</UL>
<P><STRONG><a name="[36]"></a>TS_Set_Mode</STRONG> (Thumb, 8 bytes, Stack size 0 bytes, touch.o(.text))
<BR><BR>[Called By]<UL><LI><a href="#[35]">&gt;&gt;</a>&nbsp;&nbsp;&nbsp;Set_Library
</UL>

<P><STRONG><a name="[39]"></a>TS_Set_Shield</STRONG> (Thumb, 186 bytes, Stack size 16 bytes, touch.o(.text))
<BR><BR>[Stack]<UL><LI>Max Depth = 48<LI>Call Chain = TS_Set_Shield &rArr; HAL_GPIO_SetMode
</UL>
<BR>[Calls]<UL><LI><a href="#[34]">&gt;&gt;</a>&nbsp;&nbsp;&nbsp;HAL_GPIO_SetMode
<LI><a href="#[33]">&gt;&gt;</a>&nbsp;&nbsp;&nbsp;HAL_GPIO_SetFunction
</UL>
<BR>[Called By]<UL><LI><a href="#[35]">&gt;&gt;</a>&nbsp;&nbsp;&nbsp;Set_Library
</UL>

<P><STRONG><a name="[3a]"></a>TS_Set_Sum_Count</STRONG> (Thumb, 8 bytes, Stack size 0 bytes, touch.o(.text))
<BR><BR>[Called By]<UL><LI><a href="#[35]">&gt;&gt;</a>&nbsp;&nbsp;&nbsp;Set_Library
</UL>

<P><STRONG><a name="[3c]"></a>TS_Set_Common_THD</STRONG> (Thumb, 32 bytes, Stack size 0 bytes, touch.o(.text))
<BR><BR>[Called By]<UL><LI><a href="#[35]">&gt;&gt;</a>&nbsp;&nbsp;&nbsp;Set_Library
</UL>

<P><STRONG><a name="[3d]"></a>TS_Set_CH_THD</STRONG> (Thumb, 12 bytes, Stack size 0 bytes, touch.o(.text))
<BR><BR>[Called By]<UL><LI><a href="#[35]">&gt;&gt;</a>&nbsp;&nbsp;&nbsp;Set_Library
</UL>

<P><STRONG><a name="[3e]"></a>TS_Set_NoiseTHD_Rate</STRONG> (Thumb, 6 bytes, Stack size 0 bytes, touch.o(.text))
<BR><BR>[Called By]<UL><LI><a href="#[35]">&gt;&gt;</a>&nbsp;&nbsp;&nbsp;Set_Library
</UL>

<P><STRONG><a name="[3f]"></a>TS_Set_BaseHold_Rate</STRONG> (Thumb, 6 bytes, Stack size 0 bytes, touch.o(.text))
<BR><BR>[Called By]<UL><LI><a href="#[35]">&gt;&gt;</a>&nbsp;&nbsp;&nbsp;Set_Library
</UL>

<P><STRONG><a name="[40]"></a>TS_Set_Base_Tracking</STRONG> (Thumb, 14 bytes, Stack size 0 bytes, touch.o(.text))
<BR><BR>[Called By]<UL><LI><a href="#[35]">&gt;&gt;</a>&nbsp;&nbsp;&nbsp;Set_Library
</UL>

<P><STRONG><a name="[41]"></a>TS_Set_Release_Rate</STRONG> (Thumb, 8 bytes, Stack size 0 bytes, touch.o(.text))
<BR><BR>[Called By]<UL><LI><a href="#[35]">&gt;&gt;</a>&nbsp;&nbsp;&nbsp;Set_Library
</UL>

<P><STRONG><a name="[42]"></a>TS_Set_Reverse_Rate</STRONG> (Thumb, 8 bytes, Stack size 0 bytes, touch.o(.text))
<BR><BR>[Called By]<UL><LI><a href="#[35]">&gt;&gt;</a>&nbsp;&nbsp;&nbsp;Set_Library
</UL>

<P><STRONG><a name="[43]"></a>TS_Set_Reverse_Time</STRONG> (Thumb, 8 bytes, Stack size 0 bytes, touch.o(.text))
<BR><BR>[Called By]<UL><LI><a href="#[35]">&gt;&gt;</a>&nbsp;&nbsp;&nbsp;Set_Library
</UL>

<P><STRONG><a name="[44]"></a>TS_Set_Debounce</STRONG> (Thumb, 10 bytes, Stack size 0 bytes, touch.o(.text))
<BR><BR>[Called By]<UL><LI><a href="#[35]">&gt;&gt;</a>&nbsp;&nbsp;&nbsp;Set_Library
</UL>

<P><STRONG><a name="[45]"></a>TS_Set_IIR</STRONG> (Thumb, 8 bytes, Stack size 0 bytes, touch.o(.text))
<BR><BR>[Called By]<UL><LI><a href="#[35]">&gt;&gt;</a>&nbsp;&nbsp;&nbsp;Set_Library
</UL>

<P><STRONG><a name="[46]"></a>TS_Set_Init_Delay</STRONG> (Thumb, 8 bytes, Stack size 0 bytes, touch.o(.text))
<BR><BR>[Called By]<UL><LI><a href="#[35]">&gt;&gt;</a>&nbsp;&nbsp;&nbsp;Set_Library
</UL>

<P><STRONG><a name="[3b]"></a>TS_Set_Inact_Port</STRONG> (Thumb, 18 bytes, Stack size 0 bytes, touch.o(.text))
<BR><BR>[Called By]<UL><LI><a href="#[35]">&gt;&gt;</a>&nbsp;&nbsp;&nbsp;Set_Library
</UL>

<P><STRONG><a name="[38]"></a>TS_Set_Comp_RefV</STRONG> (Thumb, 20 bytes, Stack size 8 bytes, touch.o(.text))
<BR><BR>[Stack]<UL><LI>Max Depth = 36<LI>Call Chain = TS_Set_Comp_RefV &rArr; __aeabi_idivmod &rArr; __aeabi_uidivmod
</UL>
<BR>[Calls]<UL><LI><a href="#[6b]">&gt;&gt;</a>&nbsp;&nbsp;&nbsp;__aeabi_idivmod
</UL>
<BR>[Called By]<UL><LI><a href="#[35]">&gt;&gt;</a>&nbsp;&nbsp;&nbsp;Set_Library
</UL>

<P><STRONG><a name="[37]"></a>TS_Set_Hisense_Level</STRONG> (Thumb, 36 bytes, Stack size 16 bytes, touch.o(.text))
<BR><BR>[Stack]<UL><LI>Max Depth = 44<LI>Call Chain = TS_Set_Hisense_Level &rArr; __aeabi_idivmod &rArr; __aeabi_uidivmod
</UL>
<BR>[Calls]<UL><LI><a href="#[6b]">&gt;&gt;</a>&nbsp;&nbsp;&nbsp;__aeabi_idivmod
</UL>
<BR>[Called By]<UL><LI><a href="#[35]">&gt;&gt;</a>&nbsp;&nbsp;&nbsp;Set_Library
</UL>

<P><STRONG><a name="[fb]"></a>TS_Get_Key</STRONG> (Thumb, 8 bytes, Stack size 0 bytes, touch.o(.text), UNUSED)

<P><STRONG><a name="[d2]"></a>TS_Init_Variable</STRONG> (Thumb, 174 bytes, Stack size 0 bytes, touch.o(.text))
<BR><BR>[Called By]<UL><LI><a href="#[5c]">&gt;&gt;</a>&nbsp;&nbsp;&nbsp;TS_Do_Task
</UL>

<P><STRONG><a name="[d3]"></a>TS_Init_Register</STRONG> (Thumb, 220 bytes, Stack size 12 bytes, touch.o(.text))
<BR><BR>[Stack]<UL><LI>Max Depth = 12<LI>Call Chain = TS_Init_Register
</UL>
<BR>[Called By]<UL><LI><a href="#[5c]">&gt;&gt;</a>&nbsp;&nbsp;&nbsp;TS_Do_Task
</UL>

<P><STRONG><a name="[cc]"></a>TS_Get_Single_CH</STRONG> (Thumb, 120 bytes, Stack size 8 bytes, touch.o(.text))
<BR><BR>[Stack]<UL><LI>Max Depth = 8<LI>Call Chain = TS_Get_Single_CH
</UL>
<BR>[Called By]<UL><LI><a href="#[cb]">&gt;&gt;</a>&nbsp;&nbsp;&nbsp;TS_Config_Mode
</UL>

<P><STRONG><a name="[70]"></a>TS_Start_Touch</STRONG> (Thumb, 98 bytes, Stack size 8 bytes, touch.o(.text))
<BR><BR>[Stack]<UL><LI>Max Depth = 8<LI>Call Chain = TS_Start_Touch
</UL>
<BR>[Called By]<UL><LI><a href="#[27]">&gt;&gt;</a>&nbsp;&nbsp;&nbsp;app_led_irq_handler
<LI><a href="#[5c]">&gt;&gt;</a>&nbsp;&nbsp;&nbsp;TS_Do_Task
</UL>

<P><STRONG><a name="[cb]"></a>TS_Config_Mode</STRONG> (Thumb, 656 bytes, Stack size 12 bytes, touch.o(.text))
<BR><BR>[Stack]<UL><LI>Max Depth = 20<LI>Call Chain = TS_Config_Mode &rArr; TS_Get_Single_CH
</UL>
<BR>[Calls]<UL><LI><a href="#[cc]">&gt;&gt;</a>&nbsp;&nbsp;&nbsp;TS_Get_Single_CH
</UL>
<BR>[Called By]<UL><LI><a href="#[5c]">&gt;&gt;</a>&nbsp;&nbsp;&nbsp;TS_Do_Task
</UL>

<P><STRONG><a name="[cd]"></a>TS_Init_Base</STRONG> (Thumb, 174 bytes, Stack size 8 bytes, touch.o(.text))
<BR><BR>[Stack]<UL><LI>Max Depth = 24<LI>Call Chain = TS_Init_Base &rArr; UT_Is_Expired
</UL>
<BR>[Calls]<UL><LI><a href="#[57]">&gt;&gt;</a>&nbsp;&nbsp;&nbsp;UT_Set_Timer
<LI><a href="#[56]">&gt;&gt;</a>&nbsp;&nbsp;&nbsp;UT_Is_Expired
<LI><a href="#[55]">&gt;&gt;</a>&nbsp;&nbsp;&nbsp;UT_Get_Status
</UL>
<BR>[Called By]<UL><LI><a href="#[5c]">&gt;&gt;</a>&nbsp;&nbsp;&nbsp;TS_Do_Task
</UL>

<P><STRONG><a name="[ce]"></a>TS_Update_Base</STRONG> (Thumb, 566 bytes, Stack size 24 bytes, touch.o(.text))
<BR><BR>[Stack]<UL><LI>Max Depth = 52<LI>Call Chain = TS_Update_Base &rArr; __aeabi_idivmod &rArr; __aeabi_uidivmod
</UL>
<BR>[Calls]<UL><LI><a href="#[57]">&gt;&gt;</a>&nbsp;&nbsp;&nbsp;UT_Set_Timer
<LI><a href="#[56]">&gt;&gt;</a>&nbsp;&nbsp;&nbsp;UT_Is_Expired
<LI><a href="#[55]">&gt;&gt;</a>&nbsp;&nbsp;&nbsp;UT_Get_Status
<LI><a href="#[6b]">&gt;&gt;</a>&nbsp;&nbsp;&nbsp;__aeabi_idivmod
<LI><a href="#[31]">&gt;&gt;</a>&nbsp;&nbsp;&nbsp;__aeabi_uidivmod
</UL>
<BR>[Called By]<UL><LI><a href="#[5c]">&gt;&gt;</a>&nbsp;&nbsp;&nbsp;TS_Do_Task
</UL>

<P><STRONG><a name="[cf]"></a>TS_Make_Data</STRONG> (Thumb, 338 bytes, Stack size 24 bytes, touch.o(.text))
<BR><BR>[Stack]<UL><LI>Max Depth = 36<LI>Call Chain = TS_Make_Data &rArr; __aeabi_uidivmod
</UL>
<BR>[Calls]<UL><LI><a href="#[31]">&gt;&gt;</a>&nbsp;&nbsp;&nbsp;__aeabi_uidivmod
</UL>
<BR>[Called By]<UL><LI><a href="#[5c]">&gt;&gt;</a>&nbsp;&nbsp;&nbsp;TS_Do_Task
</UL>

<P><STRONG><a name="[d0]"></a>TS_Judge_Key</STRONG> (Thumb, 642 bytes, Stack size 16 bytes, touch.o(.text))
<BR><BR>[Stack]<UL><LI>Max Depth = 44<LI>Call Chain = TS_Judge_Key &rArr; __aeabi_idivmod &rArr; __aeabi_uidivmod
</UL>
<BR>[Calls]<UL><LI><a href="#[57]">&gt;&gt;</a>&nbsp;&nbsp;&nbsp;UT_Set_Timer
<LI><a href="#[56]">&gt;&gt;</a>&nbsp;&nbsp;&nbsp;UT_Is_Expired
<LI><a href="#[6b]">&gt;&gt;</a>&nbsp;&nbsp;&nbsp;__aeabi_idivmod
<LI><a href="#[d1]">&gt;&gt;</a>&nbsp;&nbsp;&nbsp;UT_Clear_Timer
</UL>
<BR>[Called By]<UL><LI><a href="#[5c]">&gt;&gt;</a>&nbsp;&nbsp;&nbsp;TS_Do_Task
</UL>

<P><STRONG><a name="[5c]"></a>TS_Do_Task</STRONG> (Thumb, 832 bytes, Stack size 8 bytes, touch.o(.text))
<BR><BR>[Stack]<UL><LI>Max Depth = 60<LI>Call Chain = TS_Do_Task &rArr; TS_Update_Base &rArr; __aeabi_idivmod &rArr; __aeabi_uidivmod
</UL>
<BR>[Calls]<UL><LI><a href="#[70]">&gt;&gt;</a>&nbsp;&nbsp;&nbsp;TS_Start_Touch
<LI><a href="#[4c]">&gt;&gt;</a>&nbsp;&nbsp;&nbsp;__ARM_common_switch8
<LI><a href="#[d0]">&gt;&gt;</a>&nbsp;&nbsp;&nbsp;TS_Judge_Key
<LI><a href="#[cf]">&gt;&gt;</a>&nbsp;&nbsp;&nbsp;TS_Make_Data
<LI><a href="#[ce]">&gt;&gt;</a>&nbsp;&nbsp;&nbsp;TS_Update_Base
<LI><a href="#[cd]">&gt;&gt;</a>&nbsp;&nbsp;&nbsp;TS_Init_Base
<LI><a href="#[cb]">&gt;&gt;</a>&nbsp;&nbsp;&nbsp;TS_Config_Mode
<LI><a href="#[d3]">&gt;&gt;</a>&nbsp;&nbsp;&nbsp;TS_Init_Register
<LI><a href="#[d2]">&gt;&gt;</a>&nbsp;&nbsp;&nbsp;TS_Init_Variable
</UL>
<BR>[Called By]<UL><LI><a href="#[23]">&gt;&gt;</a>&nbsp;&nbsp;&nbsp;main
</UL>

<P><STRONG><a name="[4a]"></a>UT_Run_Timer</STRONG> (Thumb, 44 bytes, Stack size 0 bytes, user_timer.o(.text))
<BR><BR>[Called By]<UL><LI><a href="#[35]">&gt;&gt;</a>&nbsp;&nbsp;&nbsp;Set_Library
</UL>

<P><STRONG><a name="[5]"></a>SysTick_Handler</STRONG> (Thumb, 12 bytes, Stack size 0 bytes, user_timer.o(.text))
<BR>[Address Reference Count : 1]<UL><LI> a31t21x_startup_arm.o(RESET)
</UL>
<P><STRONG><a name="[57]"></a>UT_Set_Timer</STRONG> (Thumb, 140 bytes, Stack size 8 bytes, user_timer.o(.text))
<BR><BR>[Stack]<UL><LI>Max Depth = 8<LI>Call Chain = UT_Set_Timer
</UL>
<BR>[Called By]<UL><LI><a href="#[4e]">&gt;&gt;</a>&nbsp;&nbsp;&nbsp;Check_LPM_Entry
<LI><a href="#[d0]">&gt;&gt;</a>&nbsp;&nbsp;&nbsp;TS_Judge_Key
<LI><a href="#[ce]">&gt;&gt;</a>&nbsp;&nbsp;&nbsp;TS_Update_Base
<LI><a href="#[cd]">&gt;&gt;</a>&nbsp;&nbsp;&nbsp;TS_Init_Base
</UL>

<P><STRONG><a name="[55]"></a>UT_Get_Status</STRONG> (Thumb, 6 bytes, Stack size 0 bytes, user_timer.o(.text))
<BR><BR>[Called By]<UL><LI><a href="#[4e]">&gt;&gt;</a>&nbsp;&nbsp;&nbsp;Check_LPM_Entry
<LI><a href="#[ce]">&gt;&gt;</a>&nbsp;&nbsp;&nbsp;TS_Update_Base
<LI><a href="#[cd]">&gt;&gt;</a>&nbsp;&nbsp;&nbsp;TS_Init_Base
</UL>

<P><STRONG><a name="[d1]"></a>UT_Clear_Timer</STRONG> (Thumb, 132 bytes, Stack size 0 bytes, user_timer.o(.text))
<BR><BR>[Called By]<UL><LI><a href="#[56]">&gt;&gt;</a>&nbsp;&nbsp;&nbsp;UT_Is_Expired
<LI><a href="#[d0]">&gt;&gt;</a>&nbsp;&nbsp;&nbsp;TS_Judge_Key
</UL>

<P><STRONG><a name="[56]"></a>UT_Is_Expired</STRONG> (Thumb, 64 bytes, Stack size 16 bytes, user_timer.o(.text))
<BR><BR>[Stack]<UL><LI>Max Depth = 16<LI>Call Chain = UT_Is_Expired
</UL>
<BR>[Calls]<UL><LI><a href="#[d4]">&gt;&gt;</a>&nbsp;&nbsp;&nbsp;UT_Check_Expire
<LI><a href="#[d1]">&gt;&gt;</a>&nbsp;&nbsp;&nbsp;UT_Clear_Timer
</UL>
<BR>[Called By]<UL><LI><a href="#[4e]">&gt;&gt;</a>&nbsp;&nbsp;&nbsp;Check_LPM_Entry
<LI><a href="#[d0]">&gt;&gt;</a>&nbsp;&nbsp;&nbsp;TS_Judge_Key
<LI><a href="#[ce]">&gt;&gt;</a>&nbsp;&nbsp;&nbsp;TS_Update_Base
<LI><a href="#[cd]">&gt;&gt;</a>&nbsp;&nbsp;&nbsp;TS_Init_Base
</UL>

<P><STRONG><a name="[fc]"></a>__aeabi_uidiv</STRONG> (Thumb, 0 bytes, Stack size 12 bytes, uidiv.o(.text), UNUSED)

<P><STRONG><a name="[31]"></a>__aeabi_uidivmod</STRONG> (Thumb, 44 bytes, Stack size 12 bytes, uidiv.o(.text))
<BR><BR>[Stack]<UL><LI>Max Depth = 12<LI>Call Chain = __aeabi_uidivmod
</UL>
<BR>[Called By]<UL><LI><a href="#[b7]">&gt;&gt;</a>&nbsp;&nbsp;&nbsp;USART_Configure
<LI><a href="#[a7]">&gt;&gt;</a>&nbsp;&nbsp;&nbsp;UART_Configure
<LI><a href="#[92]">&gt;&gt;</a>&nbsp;&nbsp;&nbsp;SCU_ClockEnable
<LI><a href="#[67]">&gt;&gt;</a>&nbsp;&nbsp;&nbsp;DBG_RX_Check
<LI><a href="#[5e]">&gt;&gt;</a>&nbsp;&nbsp;&nbsp;HAL_SCU_SetPLLConfig
<LI><a href="#[24]">&gt;&gt;</a>&nbsp;&nbsp;&nbsp;TS_User_Filter
<LI><a href="#[59]">&gt;&gt;</a>&nbsp;&nbsp;&nbsp;System_Setting_Config
<LI><a href="#[48]">&gt;&gt;</a>&nbsp;&nbsp;&nbsp;LED_Set_Actv_Time
<LI><a href="#[4d]">&gt;&gt;</a>&nbsp;&nbsp;&nbsp;HAL_SCU_UpdateMainClock
<LI><a href="#[23]">&gt;&gt;</a>&nbsp;&nbsp;&nbsp;main
<LI><a href="#[30]">&gt;&gt;</a>&nbsp;&nbsp;&nbsp;SysTick_Configure
<LI><a href="#[6b]">&gt;&gt;</a>&nbsp;&nbsp;&nbsp;__aeabi_idivmod
<LI><a href="#[cf]">&gt;&gt;</a>&nbsp;&nbsp;&nbsp;TS_Make_Data
<LI><a href="#[ce]">&gt;&gt;</a>&nbsp;&nbsp;&nbsp;TS_Update_Base
</UL>

<P><STRONG><a name="[fd]"></a>__aeabi_idiv</STRONG> (Thumb, 0 bytes, Stack size 16 bytes, idiv.o(.text), UNUSED)

<P><STRONG><a name="[6b]"></a>__aeabi_idivmod</STRONG> (Thumb, 40 bytes, Stack size 16 bytes, idiv.o(.text))
<BR><BR>[Stack]<UL><LI>Max Depth = 28<LI>Call Chain = __aeabi_idivmod &rArr; __aeabi_uidivmod
</UL>
<BR>[Calls]<UL><LI><a href="#[31]">&gt;&gt;</a>&nbsp;&nbsp;&nbsp;__aeabi_uidivmod
</UL>
<BR>[Called By]<UL><LI><a href="#[68]">&gt;&gt;</a>&nbsp;&nbsp;&nbsp;DBG_Send_Data
<LI><a href="#[24]">&gt;&gt;</a>&nbsp;&nbsp;&nbsp;TS_User_Filter
<LI><a href="#[37]">&gt;&gt;</a>&nbsp;&nbsp;&nbsp;TS_Set_Hisense_Level
<LI><a href="#[38]">&gt;&gt;</a>&nbsp;&nbsp;&nbsp;TS_Set_Comp_RefV
<LI><a href="#[d0]">&gt;&gt;</a>&nbsp;&nbsp;&nbsp;TS_Judge_Key
<LI><a href="#[ce]">&gt;&gt;</a>&nbsp;&nbsp;&nbsp;TS_Update_Base
</UL>

<P><STRONG><a name="[fe]"></a>__aeabi_memcpy</STRONG> (Thumb, 36 bytes, Stack size 0 bytes, memcpya.o(.text), UNUSED)

<P><STRONG><a name="[71]"></a>__aeabi_memcpy4</STRONG> (Thumb, 0 bytes, Stack size 0 bytes, memcpya.o(.text))
<BR><BR>[Called By]<UL><LI><a href="#[48]">&gt;&gt;</a>&nbsp;&nbsp;&nbsp;LED_Set_Actv_Time
</UL>

<P><STRONG><a name="[ff]"></a>__aeabi_memcpy8</STRONG> (Thumb, 0 bytes, Stack size 0 bytes, memcpya.o(.text), UNUSED)

<P><STRONG><a name="[d6]"></a>__aeabi_memset</STRONG> (Thumb, 14 bytes, Stack size 0 bytes, memseta.o(.text), UNUSED)
<BR><BR>[Called By]<UL><LI><a href="#[d7]">&gt;&gt;</a>&nbsp;&nbsp;&nbsp;_memset$wrapper
<LI><a href="#[d5]">&gt;&gt;</a>&nbsp;&nbsp;&nbsp;__aeabi_memclr
</UL>

<P><STRONG><a name="[100]"></a>__aeabi_memset4</STRONG> (Thumb, 0 bytes, Stack size 0 bytes, memseta.o(.text), UNUSED)

<P><STRONG><a name="[101]"></a>__aeabi_memset8</STRONG> (Thumb, 0 bytes, Stack size 0 bytes, memseta.o(.text), UNUSED)

<P><STRONG><a name="[d5]"></a>__aeabi_memclr</STRONG> (Thumb, 4 bytes, Stack size 0 bytes, memseta.o(.text), UNUSED)
<BR><BR>[Calls]<UL><LI><a href="#[d6]">&gt;&gt;</a>&nbsp;&nbsp;&nbsp;__aeabi_memset
</UL>

<P><STRONG><a name="[ab]"></a>__aeabi_memclr4</STRONG> (Thumb, 0 bytes, Stack size 0 bytes, memseta.o(.text))
<BR><BR>[Called By]<UL><LI><a href="#[ba]">&gt;&gt;</a>&nbsp;&nbsp;&nbsp;HAL_USART_Init
<LI><a href="#[66]">&gt;&gt;</a>&nbsp;&nbsp;&nbsp;HAL_UART_Init
</UL>

<P><STRONG><a name="[102]"></a>__aeabi_memclr8</STRONG> (Thumb, 0 bytes, Stack size 0 bytes, memseta.o(.text), UNUSED)

<P><STRONG><a name="[d7]"></a>_memset$wrapper</STRONG> (Thumb, 18 bytes, Stack size 8 bytes, memseta.o(.text), UNUSED)
<BR><BR>[Calls]<UL><LI><a href="#[d6]">&gt;&gt;</a>&nbsp;&nbsp;&nbsp;__aeabi_memset
</UL>

<P><STRONG><a name="[2d]"></a>__scatterload</STRONG> (Thumb, 28 bytes, Stack size 0 bytes, init.o(.text))
<BR><BR>[Calls]<UL><LI><a href="#[d8]">&gt;&gt;</a>&nbsp;&nbsp;&nbsp;__main_after_scatterload
</UL>
<BR>[Called By]<UL><LI><a href="#[2c]">&gt;&gt;</a>&nbsp;&nbsp;&nbsp;_main_scatterload
</UL>

<P><STRONG><a name="[103]"></a>__scatterload_rt2</STRONG> (Thumb, 0 bytes, Stack size 0 bytes, init.o(.text), UNUSED)

<P><STRONG><a name="[4c]"></a>__ARM_common_switch8</STRONG> (Thumb, 28 bytes, Stack size 8 bytes, main.o(i.__ARM_common_switch8))
<BR><BR>[Stack]<UL><LI>Max Depth = 8<LI>Call Chain = __ARM_common_switch8
</UL>
<BR>[Called By]<UL><LI><a href="#[b7]">&gt;&gt;</a>&nbsp;&nbsp;&nbsp;USART_Configure
<LI><a href="#[b5]">&gt;&gt;</a>&nbsp;&nbsp;&nbsp;HAL_UART_SetIRQ
<LI><a href="#[92]">&gt;&gt;</a>&nbsp;&nbsp;&nbsp;SCU_ClockEnable
<LI><a href="#[84]">&gt;&gt;</a>&nbsp;&nbsp;&nbsp;HAL_GPIO_SetDebounceClock
<LI><a href="#[5c]">&gt;&gt;</a>&nbsp;&nbsp;&nbsp;TS_Do_Task
<LI><a href="#[4b]">&gt;&gt;</a>&nbsp;&nbsp;&nbsp;Change_SysClock
</UL>

<P><STRONG><a name="[104]"></a>__scatterload_copy</STRONG> (Thumb, 14 bytes, Stack size unknown bytes, handlers.o(i.__scatterload_copy), UNUSED)

<P><STRONG><a name="[105]"></a>__scatterload_null</STRONG> (Thumb, 2 bytes, Stack size unknown bytes, handlers.o(i.__scatterload_null), UNUSED)

<P><STRONG><a name="[106]"></a>__scatterload_zeroinit</STRONG> (Thumb, 14 bytes, Stack size unknown bytes, handlers.o(i.__scatterload_zeroinit), UNUSED)
<P>
<H3>
Local Symbols
</H3>
<P><STRONG><a name="[2f]"></a>__NVIC_SetPriority</STRONG> (Thumb, 110 bytes, Stack size 8 bytes, main.o(.text))
<BR><BR>[Stack]<UL><LI>Max Depth = 8<LI>Call Chain = __NVIC_SetPriority
</UL>
<BR>[Called By]<UL><LI><a href="#[4e]">&gt;&gt;</a>&nbsp;&nbsp;&nbsp;Check_LPM_Entry
<LI><a href="#[2e]">&gt;&gt;</a>&nbsp;&nbsp;&nbsp;SysTick_Config
</UL>

<P><STRONG><a name="[2e]"></a>SysTick_Config</STRONG> (Thumb, 44 bytes, Stack size 8 bytes, main.o(.text))
<BR><BR>[Stack]<UL><LI>Max Depth = 16<LI>Call Chain = SysTick_Config &rArr; __NVIC_SetPriority
</UL>
<BR>[Calls]<UL><LI><a href="#[2f]">&gt;&gt;</a>&nbsp;&nbsp;&nbsp;__NVIC_SetPriority
</UL>
<BR>[Called By]<UL><LI><a href="#[23]">&gt;&gt;</a>&nbsp;&nbsp;&nbsp;main
<LI><a href="#[30]">&gt;&gt;</a>&nbsp;&nbsp;&nbsp;SysTick_Configure
</UL>

<P><STRONG><a name="[76]"></a>__NVIC_SetPriority</STRONG> (Thumb, 110 bytes, Stack size 8 bytes, led_driver.o(.text))
<BR><BR>[Stack]<UL><LI>Max Depth = 8<LI>Call Chain = __NVIC_SetPriority
</UL>
<BR>[Called By]<UL><LI><a href="#[75]">&gt;&gt;</a>&nbsp;&nbsp;&nbsp;LED_Init_Reg
</UL>

<P><STRONG><a name="[2]"></a>HardFault_Handler</STRONG> (Thumb, 24 bytes, Stack size 0 bytes, a31t21x_startup_arm.o(.text))
<BR>[Address Reference Count : 1]<UL><LI> a31t21x_startup_arm.o(RESET)
</UL>
<P><STRONG><a name="[1c]"></a>NULL_IRQHandler</STRONG> (Thumb, 2 bytes, Stack size 0 bytes, a31t21x_startup_arm.o(.text))
<BR><BR>[Calls]<UL><LI><a href="#[1c]">&gt;&gt;</a>&nbsp;&nbsp;&nbsp;NULL_IRQHandler
</UL>
<BR>[Called By]<UL><LI><a href="#[1c]">&gt;&gt;</a>&nbsp;&nbsp;&nbsp;NULL_IRQHandler
</UL>
<BR>[Address Reference Count : 1]<UL><LI> a31t21x_startup_arm.o(RESET)
</UL>
<P><STRONG><a name="[79]"></a>DMA_REG</STRONG> (Thumb, 10 bytes, Stack size 0 bytes, a31t21x_dma.o(.text))
<BR><BR>[Called By]<UL><LI><a href="#[7b]">&gt;&gt;</a>&nbsp;&nbsp;&nbsp;HAL_DMA_Stop
<LI><a href="#[7a]">&gt;&gt;</a>&nbsp;&nbsp;&nbsp;HAL_DMA_Start
<LI><a href="#[78]">&gt;&gt;</a>&nbsp;&nbsp;&nbsp;HAL_DMA_Setup
</UL>

<P><STRONG><a name="[7d]"></a>GPIO_EmptySlot</STRONG> (Thumb, 70 bytes, Stack size 8 bytes, a31t21x_gpio.o(.text), UNUSED)
<BR><BR>[Called By]<UL><LI><a href="#[7c]">&gt;&gt;</a>&nbsp;&nbsp;&nbsp;HAL_GPIO_SetIRQHandler
</UL>

<P><STRONG><a name="[7e]"></a>GPIO_SetupIRQ</STRONG> (Thumb, 100 bytes, Stack size 16 bytes, a31t21x_gpio.o(.text), UNUSED)
<BR><BR>[Calls]<UL><LI><a href="#[7f]">&gt;&gt;</a>&nbsp;&nbsp;&nbsp;GPIO_IRQ_NUM
<LI><a href="#[80]">&gt;&gt;</a>&nbsp;&nbsp;&nbsp;__NVIC_SetPriority
</UL>
<BR>[Called By]<UL><LI><a href="#[89]">&gt;&gt;</a>&nbsp;&nbsp;&nbsp;HAL_GPIO_EnableIRQ
</UL>

<P><STRONG><a name="[8b]"></a>GPIO_Handler</STRONG> (Thumb, 108 bytes, Stack size 32 bytes, a31t21x_gpio.o(.text))
<BR><BR>[Stack]<UL><LI>Max Depth = 32<LI>Call Chain = GPIO_Handler
</UL>
<BR>[Calls]<UL><LI><a href="#[81]">&gt;&gt;</a>&nbsp;&nbsp;&nbsp;GPIO_REG
</UL>
<BR>[Called By]<UL><LI><a href="#[c]">&gt;&gt;</a>&nbsp;&nbsp;&nbsp;GPIOF_IRQHandler
<LI><a href="#[b]">&gt;&gt;</a>&nbsp;&nbsp;&nbsp;GPIOE_IRQHandler
<LI><a href="#[a]">&gt;&gt;</a>&nbsp;&nbsp;&nbsp;GPIOCD_IRQHandler
<LI><a href="#[9]">&gt;&gt;</a>&nbsp;&nbsp;&nbsp;GPIOAB_IRQHandler
</UL>

<P><STRONG><a name="[80]"></a>__NVIC_SetPriority</STRONG> (Thumb, 114 bytes, Stack size 8 bytes, a31t21x_gpio.o(.text), UNUSED)
<BR><BR>[Called By]<UL><LI><a href="#[7e]">&gt;&gt;</a>&nbsp;&nbsp;&nbsp;GPIO_SetupIRQ
</UL>

<P><STRONG><a name="[81]"></a>GPIO_REG</STRONG> (Thumb, 10 bytes, Stack size 0 bytes, a31t21x_gpio.o(.text))
<BR><BR>[Called By]<UL><LI><a href="#[8a]">&gt;&gt;</a>&nbsp;&nbsp;&nbsp;HAL_GPIO_DisableIRQ
<LI><a href="#[89]">&gt;&gt;</a>&nbsp;&nbsp;&nbsp;HAL_GPIO_EnableIRQ
<LI><a href="#[88]">&gt;&gt;</a>&nbsp;&nbsp;&nbsp;HAL_GPIO_ReadPort
<LI><a href="#[87]">&gt;&gt;</a>&nbsp;&nbsp;&nbsp;HAL_GPIO_WritePort
<LI><a href="#[86]">&gt;&gt;</a>&nbsp;&nbsp;&nbsp;HAL_GPIO_ReadPin
<LI><a href="#[85]">&gt;&gt;</a>&nbsp;&nbsp;&nbsp;HAL_GPIO_ClearPin
<LI><a href="#[83]">&gt;&gt;</a>&nbsp;&nbsp;&nbsp;HAL_GPIO_SetDebounce
<LI><a href="#[82]">&gt;&gt;</a>&nbsp;&nbsp;&nbsp;HAL_GPIO_SetOutput
<LI><a href="#[8b]">&gt;&gt;</a>&nbsp;&nbsp;&nbsp;GPIO_Handler
<LI><a href="#[74]">&gt;&gt;</a>&nbsp;&nbsp;&nbsp;HAL_GPIO_SetPin
<LI><a href="#[63]">&gt;&gt;</a>&nbsp;&nbsp;&nbsp;HAL_GPIO_SetPull
<LI><a href="#[5f]">&gt;&gt;</a>&nbsp;&nbsp;&nbsp;HAL_GPIO_Init
<LI><a href="#[34]">&gt;&gt;</a>&nbsp;&nbsp;&nbsp;HAL_GPIO_SetMode
<LI><a href="#[33]">&gt;&gt;</a>&nbsp;&nbsp;&nbsp;HAL_GPIO_SetFunction
</UL>

<P><STRONG><a name="[7f]"></a>GPIO_IRQ_NUM</STRONG> (Thumb, 16 bytes, Stack size 0 bytes, a31t21x_gpio.o(.text), UNUSED)
<BR><BR>[Called By]<UL><LI><a href="#[8a]">&gt;&gt;</a>&nbsp;&nbsp;&nbsp;HAL_GPIO_DisableIRQ
<LI><a href="#[7e]">&gt;&gt;</a>&nbsp;&nbsp;&nbsp;GPIO_SetupIRQ
</UL>

<P><STRONG><a name="[8d]"></a>LED_IRQHandlerC</STRONG> (Thumb, 68 bytes, Stack size 16 bytes, a31t21x_led.o(.text))
<BR><BR>[Stack]<UL><LI>Max Depth = 16<LI>Call Chain = LED_IRQHandlerC
</UL>
<BR>[Called By]<UL><LI><a href="#[20]">&gt;&gt;</a>&nbsp;&nbsp;&nbsp;LED_IRQHandler
</UL>

<P><STRONG><a name="[8c]"></a>__NVIC_SetPriority</STRONG> (Thumb, 110 bytes, Stack size 8 bytes, a31t21x_led.o(.text))
<BR><BR>[Stack]<UL><LI>Max Depth = 8<LI>Call Chain = __NVIC_SetPriority
</UL>
<BR>[Called By]<UL><LI><a href="#[72]">&gt;&gt;</a>&nbsp;&nbsp;&nbsp;HAL_LED_Init
</UL>

<P><STRONG><a name="[8e]"></a>PWR_SYSTEM_Configure</STRONG> (Thumb, 96 bytes, Stack size 12 bytes, a31t21x_pwr.o(.text), UNUSED)
<BR><BR>[Calls]<UL><LI><a href="#[8f]">&gt;&gt;</a>&nbsp;&nbsp;&nbsp;HAL_LVR_Deinit
</UL>
<BR>[Called By]<UL><LI><a href="#[54]">&gt;&gt;</a>&nbsp;&nbsp;&nbsp;HAL_PWR_EnterDeepSleepMode
</UL>

<P><STRONG><a name="[91]"></a>__NVIC_SetPriority</STRONG> (Thumb, 114 bytes, Stack size 8 bytes, a31t21x_pwr.o(.text), UNUSED)
<BR><BR>[Called By]<UL><LI><a href="#[90]">&gt;&gt;</a>&nbsp;&nbsp;&nbsp;HAL_LVI_Init
</UL>

<P><STRONG><a name="[93]"></a>SCU_FlashLatencySet</STRONG> (Thumb, 98 bytes, Stack size 0 bytes, a31t21x_scu.o(.text))
<BR><BR>[Called By]<UL><LI><a href="#[4d]">&gt;&gt;</a>&nbsp;&nbsp;&nbsp;HAL_SCU_UpdateMainClock
</UL>

<P><STRONG><a name="[92]"></a>SCU_ClockEnable</STRONG> (Thumb, 414 bytes, Stack size 24 bytes, a31t21x_scu.o(.text))
<BR><BR>[Stack]<UL><LI>Max Depth = 36<LI>Call Chain = SCU_ClockEnable &rArr; __aeabi_uidivmod
</UL>
<BR>[Calls]<UL><LI><a href="#[4c]">&gt;&gt;</a>&nbsp;&nbsp;&nbsp;__ARM_common_switch8
<LI><a href="#[31]">&gt;&gt;</a>&nbsp;&nbsp;&nbsp;__aeabi_uidivmod
</UL>
<BR>[Called By]<UL><LI><a href="#[4d]">&gt;&gt;</a>&nbsp;&nbsp;&nbsp;HAL_SCU_UpdateMainClock
</UL>

<P><STRONG><a name="[95]"></a>__NVIC_SetPriority</STRONG> (Thumb, 110 bytes, Stack size 8 bytes, a31t21x_scu.o(.text), UNUSED)
<BR><BR>[Called By]<UL><LI><a href="#[94]">&gt;&gt;</a>&nbsp;&nbsp;&nbsp;HAL_SCU_EnableClockMonitor
</UL>

<P><STRONG><a name="[99]"></a>TIMER_REG</STRONG> (Thumb, 32 bytes, Stack size 0 bytes, a31t21x_timer.o(.text))
<BR><BR>[Called By]<UL><LI><a href="#[a5]">&gt;&gt;</a>&nbsp;&nbsp;&nbsp;HAL_TIMER_SetIRQ
<LI><a href="#[a4]">&gt;&gt;</a>&nbsp;&nbsp;&nbsp;HAL_TIMER_SetClock
<LI><a href="#[a3]">&gt;&gt;</a>&nbsp;&nbsp;&nbsp;HAL_TIMER_GetCaptureCount
<LI><a href="#[a2]">&gt;&gt;</a>&nbsp;&nbsp;&nbsp;HAL_TIMER_ClearCount
<LI><a href="#[a1]">&gt;&gt;</a>&nbsp;&nbsp;&nbsp;HAL_TIMER_GetCount
<LI><a href="#[a0]">&gt;&gt;</a>&nbsp;&nbsp;&nbsp;HAL_TIMER_Stop
<LI><a href="#[9f]">&gt;&gt;</a>&nbsp;&nbsp;&nbsp;HAL_TIMER_StartCapture
<LI><a href="#[9e]">&gt;&gt;</a>&nbsp;&nbsp;&nbsp;HAL_TIMER_StartPWM
<LI><a href="#[9d]">&gt;&gt;</a>&nbsp;&nbsp;&nbsp;HAL_TIMER_Start
<LI><a href="#[9c]">&gt;&gt;</a>&nbsp;&nbsp;&nbsp;HAL_TIMER_GetStatus
<LI><a href="#[98]">&gt;&gt;</a>&nbsp;&nbsp;&nbsp;HAL_TIMER_Init
<LI><a href="#[a6]">&gt;&gt;</a>&nbsp;&nbsp;&nbsp;TIMER_IRQHandler
</UL>

<P><STRONG><a name="[97]"></a>TIMER_IRQ_NUM</STRONG> (Thumb, 28 bytes, Stack size 0 bytes, a31t21x_timer.o(.text), UNUSED)
<BR><BR>[Called By]<UL><LI><a href="#[98]">&gt;&gt;</a>&nbsp;&nbsp;&nbsp;HAL_TIMER_Init
<LI><a href="#[96]">&gt;&gt;</a>&nbsp;&nbsp;&nbsp;HAL_TIMER_Deinit
</UL>

<P><STRONG><a name="[9a]"></a>TIMER_Configure</STRONG> (Thumb, 164 bytes, Stack size 12 bytes, a31t21x_timer.o(.text), UNUSED)
<BR><BR>[Called By]<UL><LI><a href="#[98]">&gt;&gt;</a>&nbsp;&nbsp;&nbsp;HAL_TIMER_Init
</UL>

<P><STRONG><a name="[a6]"></a>TIMER_IRQHandler</STRONG> (Thumb, 134 bytes, Stack size 24 bytes, a31t21x_timer.o(.text))
<BR><BR>[Stack]<UL><LI>Max Depth = 24<LI>Call Chain = TIMER_IRQHandler
</UL>
<BR>[Calls]<UL><LI><a href="#[99]">&gt;&gt;</a>&nbsp;&nbsp;&nbsp;TIMER_REG
</UL>
<BR>[Called By]<UL><LI><a href="#[16]">&gt;&gt;</a>&nbsp;&nbsp;&nbsp;TIMER21_IRQHandler
<LI><a href="#[15]">&gt;&gt;</a>&nbsp;&nbsp;&nbsp;TIMER20_IRQHandler
<LI><a href="#[1b]">&gt;&gt;</a>&nbsp;&nbsp;&nbsp;TIMER13_IRQHandler
<LI><a href="#[f]">&gt;&gt;</a>&nbsp;&nbsp;&nbsp;TIMER12_IRQHandler
<LI><a href="#[e]">&gt;&gt;</a>&nbsp;&nbsp;&nbsp;TIMER11_IRQHandler
<LI><a href="#[d]">&gt;&gt;</a>&nbsp;&nbsp;&nbsp;TIMER10_IRQHandler
</UL>

<P><STRONG><a name="[9b]"></a>__NVIC_SetPriority</STRONG> (Thumb, 110 bytes, Stack size 8 bytes, a31t21x_timer.o(.text), UNUSED)
<BR><BR>[Called By]<UL><LI><a href="#[98]">&gt;&gt;</a>&nbsp;&nbsp;&nbsp;HAL_TIMER_Init
</UL>

<P><STRONG><a name="[a7]"></a>UART_Configure</STRONG> (Thumb, 222 bytes, Stack size 40 bytes, a31t21x_uart.o(.text))
<BR><BR>[Stack]<UL><LI>Max Depth = 52<LI>Call Chain = UART_Configure &rArr; __aeabi_uidivmod
</UL>
<BR>[Calls]<UL><LI><a href="#[31]">&gt;&gt;</a>&nbsp;&nbsp;&nbsp;__aeabi_uidivmod
</UL>
<BR>[Called By]<UL><LI><a href="#[66]">&gt;&gt;</a>&nbsp;&nbsp;&nbsp;HAL_UART_Init
</UL>

<P><STRONG><a name="[b6]"></a>UART_IRQHandler</STRONG> (Thumb, 362 bytes, Stack size 40 bytes, a31t21x_uart.o(.text))
<BR><BR>[Stack]<UL><LI>Max Depth = 40<LI>Call Chain = UART_IRQHandler
</UL>
<BR>[Calls]<UL><LI><a href="#[aa]">&gt;&gt;</a>&nbsp;&nbsp;&nbsp;UART_REG
</UL>
<BR>[Called By]<UL><LI><a href="#[1a]">&gt;&gt;</a>&nbsp;&nbsp;&nbsp;UART1_IRQHandler
<LI><a href="#[19]">&gt;&gt;</a>&nbsp;&nbsp;&nbsp;UART0_IRQHandler
</UL>

<P><STRONG><a name="[ac]"></a>__NVIC_SetPriority</STRONG> (Thumb, 110 bytes, Stack size 8 bytes, a31t21x_uart.o(.text))
<BR><BR>[Stack]<UL><LI>Max Depth = 8<LI>Call Chain = __NVIC_SetPriority
</UL>
<BR>[Called By]<UL><LI><a href="#[66]">&gt;&gt;</a>&nbsp;&nbsp;&nbsp;HAL_UART_Init
</UL>

<P><STRONG><a name="[aa]"></a>UART_REG</STRONG> (Thumb, 10 bytes, Stack size 0 bytes, a31t21x_uart.o(.text))
<BR><BR>[Called By]<UL><LI><a href="#[b5]">&gt;&gt;</a>&nbsp;&nbsp;&nbsp;HAL_UART_SetIRQ
<LI><a href="#[b4]">&gt;&gt;</a>&nbsp;&nbsp;&nbsp;HAL_UART_SetIFDelay
<LI><a href="#[b3]">&gt;&gt;</a>&nbsp;&nbsp;&nbsp;HAL_UART_GetLineStatus
<LI><a href="#[b2]">&gt;&gt;</a>&nbsp;&nbsp;&nbsp;HAL_UART_GetBusyStatus
<LI><a href="#[ad]">&gt;&gt;</a>&nbsp;&nbsp;&nbsp;HAL_UART_Abort
<LI><a href="#[b6]">&gt;&gt;</a>&nbsp;&nbsp;&nbsp;UART_IRQHandler
<LI><a href="#[6c]">&gt;&gt;</a>&nbsp;&nbsp;&nbsp;HAL_UART_Transmit
<LI><a href="#[64]">&gt;&gt;</a>&nbsp;&nbsp;&nbsp;HAL_UART_Receive
<LI><a href="#[66]">&gt;&gt;</a>&nbsp;&nbsp;&nbsp;HAL_UART_Init
</UL>

<P><STRONG><a name="[a9]"></a>UART_IRQ_NUM</STRONG> (Thumb, 10 bytes, Stack size 0 bytes, a31t21x_uart.o(.text))
<BR><BR>[Called By]<UL><LI><a href="#[a8]">&gt;&gt;</a>&nbsp;&nbsp;&nbsp;HAL_UART_Deinit
<LI><a href="#[66]">&gt;&gt;</a>&nbsp;&nbsp;&nbsp;HAL_UART_Init
</UL>

<P><STRONG><a name="[b7]"></a>USART_Configure</STRONG> (Thumb, 786 bytes, Stack size 40 bytes, a31t21x_usart1n.o(.text), UNUSED)
<BR><BR>[Calls]<UL><LI><a href="#[4c]">&gt;&gt;</a>&nbsp;&nbsp;&nbsp;__ARM_common_switch8
<LI><a href="#[31]">&gt;&gt;</a>&nbsp;&nbsp;&nbsp;__aeabi_uidivmod
</UL>
<BR>[Called By]<UL><LI><a href="#[ba]">&gt;&gt;</a>&nbsp;&nbsp;&nbsp;HAL_USART_Init
</UL>

<P><STRONG><a name="[c6]"></a>USART_IRQHandler</STRONG> (Thumb, 776 bytes, Stack size 40 bytes, a31t21x_usart1n.o(.text))
<BR><BR>[Stack]<UL><LI>Max Depth = 40<LI>Call Chain = USART_IRQHandler
</UL>
<BR>[Calls]<UL><LI><a href="#[be]">&gt;&gt;</a>&nbsp;&nbsp;&nbsp;USART_StatusCheck
<LI><a href="#[bb]">&gt;&gt;</a>&nbsp;&nbsp;&nbsp;USART_REG
</UL>
<BR>[Called By]<UL><LI><a href="#[17]">&gt;&gt;</a>&nbsp;&nbsp;&nbsp;USART11_IRQHandler
<LI><a href="#[11]">&gt;&gt;</a>&nbsp;&nbsp;&nbsp;USART10_IRQHandler
</UL>

<P><STRONG><a name="[bc]"></a>__NVIC_SetPriority</STRONG> (Thumb, 110 bytes, Stack size 8 bytes, a31t21x_usart1n.o(.text), UNUSED)
<BR><BR>[Called By]<UL><LI><a href="#[ba]">&gt;&gt;</a>&nbsp;&nbsp;&nbsp;HAL_USART_Init
</UL>

<P><STRONG><a name="[bb]"></a>USART_REG</STRONG> (Thumb, 10 bytes, Stack size 0 bytes, a31t21x_usart1n.o(.text))
<BR><BR>[Called By]<UL><LI><a href="#[c5]">&gt;&gt;</a>&nbsp;&nbsp;&nbsp;HAL_USART_SetIRQ
<LI><a href="#[c4]">&gt;&gt;</a>&nbsp;&nbsp;&nbsp;HAL_USART_GetLineStatus
<LI><a href="#[c3]">&gt;&gt;</a>&nbsp;&nbsp;&nbsp;HAL_USART_GetBusyStatus
<LI><a href="#[c0]">&gt;&gt;</a>&nbsp;&nbsp;&nbsp;HAL_USART_Receive
<LI><a href="#[bf]">&gt;&gt;</a>&nbsp;&nbsp;&nbsp;HAL_USART_Transmit
<LI><a href="#[bd]">&gt;&gt;</a>&nbsp;&nbsp;&nbsp;HAL_USART_Transfer
<LI><a href="#[ba]">&gt;&gt;</a>&nbsp;&nbsp;&nbsp;HAL_USART_Init
<LI><a href="#[c6]">&gt;&gt;</a>&nbsp;&nbsp;&nbsp;USART_IRQHandler
</UL>

<P><STRONG><a name="[b9]"></a>USART_IRQ_NUM</STRONG> (Thumb, 18 bytes, Stack size 0 bytes, a31t21x_usart1n.o(.text), UNUSED)
<BR><BR>[Called By]<UL><LI><a href="#[ba]">&gt;&gt;</a>&nbsp;&nbsp;&nbsp;HAL_USART_Init
<LI><a href="#[b8]">&gt;&gt;</a>&nbsp;&nbsp;&nbsp;HAL_USART_Deinit
</UL>

<P><STRONG><a name="[be]"></a>USART_StatusCheck</STRONG> (Thumb, 8 bytes, Stack size 0 bytes, a31t21x_usart1n.o(.text))
<BR><BR>[Called By]<UL><LI><a href="#[bd]">&gt;&gt;</a>&nbsp;&nbsp;&nbsp;HAL_USART_Transfer
<LI><a href="#[c6]">&gt;&gt;</a>&nbsp;&nbsp;&nbsp;USART_IRQHandler
</UL>

<P><STRONG><a name="[c7]"></a>WDT_Configure</STRONG> (Thumb, 238 bytes, Stack size 16 bytes, a31t21x_wdt.o(.text), UNUSED)
<BR><BR>[Calls]<UL><LI><a href="#[c8]">&gt;&gt;</a>&nbsp;&nbsp;&nbsp;__NVIC_SetPriority
</UL>
<BR>[Called By]<UL><LI><a href="#[52]">&gt;&gt;</a>&nbsp;&nbsp;&nbsp;HAL_WDT_Init
</UL>

<P><STRONG><a name="[c8]"></a>__NVIC_SetPriority</STRONG> (Thumb, 110 bytes, Stack size 8 bytes, a31t21x_wdt.o(.text), UNUSED)
<BR><BR>[Called By]<UL><LI><a href="#[c7]">&gt;&gt;</a>&nbsp;&nbsp;&nbsp;WDT_Configure
</UL>

<P><STRONG><a name="[ca]"></a>__NVIC_DisableIRQ</STRONG> (Thumb, 50 bytes, Stack size 0 bytes, touch.o(.text))
<BR><BR>[Called By]<UL><LI><a href="#[21]">&gt;&gt;</a>&nbsp;&nbsp;&nbsp;TOUCH_IRQHandler
</UL>

<P><STRONG><a name="[d4]"></a>UT_Check_Expire</STRONG> (Thumb, 372 bytes, Stack size 0 bytes, user_timer.o(.text))
<BR><BR>[Called By]<UL><LI><a href="#[56]">&gt;&gt;</a>&nbsp;&nbsp;&nbsp;UT_Is_Expired
</UL>
<P>
<H3>
Undefined Global Symbols
</H3><HR></body></html>
