Component: ARM Compiler 5.05 update 1 (build 106) Tool: armlink [4d0efa]

==============================================================================

Section Cross References

    main.o(.text) refers to uidiv.o(.text) for __aeabi_uidivmod
    main.o(.text) refers to a31t21x_gpio.o(.text) for HAL_GPIO_SetFunction
    main.o(.text) refers to touch.o(.text) for TS_Set_Mode
    main.o(.text) refers to led_driver.o(.text) for LED_Set_Current
    main.o(.text) refers to debug.o(.text) for DBG_Set_Baudrate
    main.o(.text) refers to user_timer.o(.text) for UT_Run_Timer
    main.o(.text) refers to main.o(i.__ARM_common_switch8) for __ARM_common_switch8
    main.o(.text) refers to a31t21x_scu.o(.text) for HAL_SCU_UpdateMainClock
    main.o(.text) refers to a31t21x_system.o(.data) for SystemCoreClock
    main.o(.text) refers to touch.o(.bss) for ts
    main.o(.text) refers to user.o(.bss) for user
    main.o(.text) refers to user.o(.text) for TS_User_Filter
    main.o(.text) refers to touch.o(.data) for func_p_user_filter
    main.o(.text) refers to led_driver.o(.data) for fpRenewLED
    main.o(.text) refers to led_driver.o(.bss) for led
    main.o(.text) refers to main.o(.data) for t_sysbit
    main.o(.text) refers to a31t21x_wdt.o(.text) for HAL_WDT_Init
    main.o(.text) refers to a31t21x_pwr.o(.text) for HAL_PWR_EnterDeepSleepMode
    main.o(.text) refers to a31t21x_port_init.o(.text) for Port_Init
    main.o(.text) refers to a31t21x_system_setting.o(.text) for System_Setting_Config
    main.o(.text) refers to debug.o(.bss) for dbg
    a31t21x_system_setting.o(.text) refers to uidiv.o(.text) for __aeabi_uidivmod
    a31t21x_system_setting.o(.text) refers to a31t21x_scu.o(.text) for HAL_SCU_SetPLLConfig
    a31t21x_port_init.o(.text) refers to a31t21x_gpio.o(.text) for HAL_GPIO_Init
    a31t21x_port_init.o(.text) refers to a31t21x_scu.o(.text) for HAL_SCU_EnableClockOut
    debug.o(.text) refers to a31t21x_uart.o(.text) for HAL_UART_Receive
    debug.o(.text) refers to a31t21x_gpio.o(.text) for HAL_GPIO_SetFunction
    debug.o(.text) refers to uidiv.o(.text) for __aeabi_uidivmod
    debug.o(.text) refers to idiv.o(.text) for __aeabi_idivmod
    debug.o(.text) refers to debug.o(.data) for app_uart_rx_done
    debug.o(.text) refers to debug.o(.bss) for uart
    debug.o(.text) refers to main.o(.data) for t_sysbit
    debug.o(.text) refers to touch.o(.bss) for ts
    debug.o(.text) refers to user.o(.bss) for user
    led_driver.o(.text) refers to touch.o(.text) for TS_Start_Touch
    led_driver.o(.text) refers to memcpya.o(.text) for __aeabi_memcpy4
    led_driver.o(.text) refers to a31t21x_led.o(.text) for HAL_LED_Init
    led_driver.o(.text) refers to uidiv.o(.text) for __aeabi_uidivmod
    led_driver.o(.text) refers to a31t21x_gpio.o(.text) for HAL_GPIO_SetPin
    led_driver.o(.text) refers to main.o(.data) for t_sysbit
    led_driver.o(.text) refers to touch.o(.bss) for ts
    led_driver.o(.text) refers to led_driver.o(.constdata) for .constdata
    led_driver.o(.text) refers to led_driver.o(.bss) for led
    led_driver.o(.text) refers to led_driver.o(.data) for staStep
    user.o(.text) refers to uidiv.o(.text) for __aeabi_uidivmod
    user.o(.text) refers to idiv.o(.text) for __aeabi_idivmod
    user.o(.text) refers to touch.o(.bss) for ts
    user.o(.text) refers to user.o(.constdata) for coDigit
    user.o(.text) refers to user.o(.bss) for user
    user.o(.text) refers to user.o(.data) for relLevel_n
    a31t21x_system.o(.text) refers to a31t21x_system.o(.data) for SystemDelayCount
    a31t21x_startup_arm.o(RESET) refers to a31t21x_startup_arm.o(STACK) for __initial_sp
    a31t21x_startup_arm.o(RESET) refers to a31t21x_startup_arm.o(.text) for Reset_Handler
    a31t21x_startup_arm.o(RESET) refers to user_timer.o(.text) for SysTick_Handler
    a31t21x_startup_arm.o(RESET) refers to a31t21x_pwr.o(.text) for LVI_IRQHandler
    a31t21x_startup_arm.o(RESET) refers to a31t21x_scu.o(.text) for SYSCLKFAIL_IRQHandler
    a31t21x_startup_arm.o(RESET) refers to a31t21x_gpio.o(.text) for GPIOAB_IRQHandler
    a31t21x_startup_arm.o(RESET) refers to a31t21x_timer.o(.text) for TIMER10_IRQHandler
    a31t21x_startup_arm.o(RESET) refers to a31t21x_usart1n.o(.text) for USART10_IRQHandler
    a31t21x_startup_arm.o(RESET) refers to a31t21x_uart.o(.text) for UART0_IRQHandler
    a31t21x_startup_arm.o(RESET) refers to a31t21x_led.o(.text) for LED_IRQHandler
    a31t21x_startup_arm.o(RESET) refers to touch.o(.text) for TOUCH_IRQHandler
    a31t21x_startup_arm.o(.text) refers to a31t21x_system.o(.text) for SystemInit
    a31t21x_startup_arm.o(.text) refers to entry.o(.ARM.Collect$$$$00000000) for __main
    a31t21x_startup_arm.o(.text) refers to a31t21x_wdt.o(.text) for WDT_IRQHandlerC
    a31t21x_dma.o(.text) refers to a31t21x_dma.o(.data) for g_dma_ref_count
    a31t21x_gpio.o(.text) refers to main.o(i.__ARM_common_switch8) for __ARM_common_switch8
    a31t21x_gpio.o(.text) refers to a31t21x_gpio.o(.bss) for g_gcb
    a31t21x_gpio.o(.text) refers to a31t21x_gpio.o(.data) for gpio_irq_setup
    a31t21x_led.o(.text) refers to a31t21x_led.o(.data) for g_lcb
    a31t21x_pwr.o(.text) refers to a31t21x_pwr.o(.data) for g_pcb
    a31t21x_scu.o(.text) refers to uidiv.o(.text) for __aeabi_uidivmod
    a31t21x_scu.o(.text) refers to main.o(i.__ARM_common_switch8) for __ARM_common_switch8
    a31t21x_scu.o(.text) refers to a31t21x_system.o(.data) for SystemPeriClock
    a31t21x_scu.o(.text) refers to a31t21x_scu.o(.bss) for g_scb
    a31t21x_timer.o(.text) refers to a31t21x_timer.o(.bss) for g_tcb
    a31t21x_uart.o(.text) refers to uidiv.o(.text) for __aeabi_uidivmod
    a31t21x_uart.o(.text) refers to memseta.o(.text) for __aeabi_memclr4
    a31t21x_uart.o(.text) refers to a31t21x_dma.o(.text) for HAL_DMA_Start
    a31t21x_uart.o(.text) refers to a31t21x_system.o(.data) for SystemCoreClock
    a31t21x_uart.o(.text) refers to a31t21x_uart.o(.bss) for g_ucb
    a31t21x_uart.o(.text) refers to main.o(i.__ARM_common_switch8) for __ARM_common_switch8
    a31t21x_uart.o(.text) refers to a31t21x_uart.o(.constdata) for .constdata
    a31t21x_usart1n.o(.text) refers to main.o(i.__ARM_common_switch8) for __ARM_common_switch8
    a31t21x_usart1n.o(.text) refers to uidiv.o(.text) for __aeabi_uidivmod
    a31t21x_usart1n.o(.text) refers to memseta.o(.text) for __aeabi_memclr4
    a31t21x_usart1n.o(.text) refers to a31t21x_system.o(.data) for SystemCoreClock
    a31t21x_usart1n.o(.text) refers to a31t21x_usart1n.o(.bss) for g_ucb
    a31t21x_usart1n.o(.text) refers to a31t21x_dma.o(.text) for HAL_DMA_Start
    a31t21x_usart1n.o(.text) refers to a31t21x_usart1n.o(.constdata) for .constdata
    a31t21x_wdt.o(.text) refers to a31t21x_wdt.o(.bss) for g_wcb
    a31t21x_wdt.o(.text) refers to a31t21x_wdt.o(.data) for gu8ReloadCount
    touch.o(.text) refers to a31t21x_gpio.o(.text) for HAL_GPIO_SetFunction
    touch.o(.text) refers to idiv.o(.text) for __aeabi_idivmod
    touch.o(.text) refers to main.o(.data) for t_sysbit
    touch.o(.text) refers to touch.o(.bss) for ts
    touch.o(.text) refers to user_timer.o(.text) for UT_Get_Status
    touch.o(.text) refers to uidiv.o(.text) for __aeabi_uidivmod
    touch.o(.text) refers to main.o(i.__ARM_common_switch8) for __ARM_common_switch8
    touch.o(.text) refers to touch.o(.data) for base_delay_n
    user_timer.o(.text) refers to user_timer.o(.data) for ut_timer_1
    entry.o(.ARM.Collect$$$$00000000) refers (Special) to entry10a.o(.ARM.Collect$$$$0000000D) for __rt_final_cpp
    entry.o(.ARM.Collect$$$$00000000) refers (Special) to entry11a.o(.ARM.Collect$$$$0000000F) for __rt_final_exit
    entry.o(.ARM.Collect$$$$00000000) refers (Special) to entry7b.o(.ARM.Collect$$$$00000008) for _main_clock
    entry.o(.ARM.Collect$$$$00000000) refers (Special) to entry8b.o(.ARM.Collect$$$$0000000A) for _main_cpp_init
    entry.o(.ARM.Collect$$$$00000000) refers (Special) to entry9a.o(.ARM.Collect$$$$0000000B) for _main_init
    entry.o(.ARM.Collect$$$$00000000) refers (Special) to entry5.o(.ARM.Collect$$$$00000004) for _main_scatterload
    entry.o(.ARM.Collect$$$$00000000) refers (Special) to entry2.o(.ARM.Collect$$$$00000001) for _main_stk
    idiv.o(.text) refers to uidiv.o(.text) for __aeabi_uidivmod
    entry2.o(.ARM.Collect$$$$00000001) refers to entry2.o(.ARM.Collect$$$$00002712) for __lit__00000000
    entry2.o(.ARM.Collect$$$$00002712) refers to a31t21x_startup_arm.o(STACK) for __initial_sp
    entry2.o(__vectab_stack_and_reset_area) refers to a31t21x_startup_arm.o(STACK) for __initial_sp
    entry2.o(__vectab_stack_and_reset_area) refers to entry.o(.ARM.Collect$$$$00000000) for __main
    entry5.o(.ARM.Collect$$$$00000004) refers to init.o(.text) for __scatterload
    entry9a.o(.ARM.Collect$$$$0000000B) refers to main.o(.text) for main
    entry9b.o(.ARM.Collect$$$$0000000C) refers to main.o(.text) for main
    init.o(.text) refers to entry5.o(.ARM.Collect$$$$00000004) for __main_after_scatterload


==============================================================================

Removing Unused input sections from the image.

    Removing main.o(.rev16_text), (4 bytes).
    Removing main.o(.revsh_text), (4 bytes).
    Removing a31t21x_system_setting.o(.rev16_text), (4 bytes).
    Removing a31t21x_system_setting.o(.revsh_text), (4 bytes).
    Removing a31t21x_port_init.o(.rev16_text), (4 bytes).
    Removing a31t21x_port_init.o(.revsh_text), (4 bytes).
    Removing debug.o(.rev16_text), (4 bytes).
    Removing debug.o(.revsh_text), (4 bytes).
    Removing led_driver.o(.rev16_text), (4 bytes).
    Removing led_driver.o(.revsh_text), (4 bytes).
    Removing user.o(.rev16_text), (4 bytes).
    Removing user.o(.revsh_text), (4 bytes).
    Removing a31t21x_system.o(.rev16_text), (4 bytes).
    Removing a31t21x_system.o(.revsh_text), (4 bytes).
    Removing a31t21x_startup_arm.o(HEAP), (1024 bytes).
    Removing a31t21x_dma.o(.rev16_text), (4 bytes).
    Removing a31t21x_dma.o(.revsh_text), (4 bytes).
    Removing a31t21x_gpio.o(.rev16_text), (4 bytes).
    Removing a31t21x_gpio.o(.revsh_text), (4 bytes).
    Removing a31t21x_led.o(.rev16_text), (4 bytes).
    Removing a31t21x_led.o(.revsh_text), (4 bytes).
    Removing a31t21x_pwr.o(.rev16_text), (4 bytes).
    Removing a31t21x_pwr.o(.revsh_text), (4 bytes).
    Removing a31t21x_scu.o(.rev16_text), (4 bytes).
    Removing a31t21x_scu.o(.revsh_text), (4 bytes).
    Removing a31t21x_timer.o(.rev16_text), (4 bytes).
    Removing a31t21x_timer.o(.revsh_text), (4 bytes).
    Removing a31t21x_uart.o(.rev16_text), (4 bytes).
    Removing a31t21x_uart.o(.revsh_text), (4 bytes).
    Removing a31t21x_usart1n.o(.rev16_text), (4 bytes).
    Removing a31t21x_usart1n.o(.revsh_text), (4 bytes).
    Removing a31t21x_wdt.o(.rev16_text), (4 bytes).
    Removing a31t21x_wdt.o(.revsh_text), (4 bytes).
    Removing touch.o(.rev16_text), (4 bytes).
    Removing touch.o(.revsh_text), (4 bytes).
    Removing user_timer.o(.rev16_text), (4 bytes).
    Removing user_timer.o(.revsh_text), (4 bytes).

37 unused section(s) (total 1168 bytes) removed from the image.

==============================================================================

Image Symbol Table

    Local Symbols

    Symbol Name                              Value     Ov Type        Size  Object(Section)

    RESET                                    0x00000000   Section      192  a31t21x_startup_arm.o(RESET)
    ../clib/microlib/division.c              0x00000000   Number         0  uidiv.o ABSOLUTE
    ../clib/microlib/division.c              0x00000000   Number         0  idiv.o ABSOLUTE
    ../clib/microlib/init/entry.s            0x00000000   Number         0  entry10b.o ABSOLUTE
    ../clib/microlib/init/entry.s            0x00000000   Number         0  entry7b.o ABSOLUTE
    ../clib/microlib/init/entry.s            0x00000000   Number         0  entry.o ABSOLUTE
    ../clib/microlib/init/entry.s            0x00000000   Number         0  entry11b.o ABSOLUTE
    ../clib/microlib/init/entry.s            0x00000000   Number         0  entry11a.o ABSOLUTE
    ../clib/microlib/init/entry.s            0x00000000   Number         0  entry9b.o ABSOLUTE
    ../clib/microlib/init/entry.s            0x00000000   Number         0  entry2.o ABSOLUTE
    ../clib/microlib/init/entry.s            0x00000000   Number         0  entry7a.o ABSOLUTE
    ../clib/microlib/init/entry.s            0x00000000   Number         0  entry10a.o ABSOLUTE
    ../clib/microlib/init/entry.s            0x00000000   Number         0  entry5.o ABSOLUTE
    ../clib/microlib/init/entry.s            0x00000000   Number         0  entry9a.o ABSOLUTE
    ../clib/microlib/init/entry.s            0x00000000   Number         0  entry8b.o ABSOLUTE
    ../clib/microlib/init/entry.s            0x00000000   Number         0  entry8a.o ABSOLUTE
    ../clib/microlib/string/memcpy.c         0x00000000   Number         0  memcpyb.o ABSOLUTE
    ../clib/microlib/string/memcpy.c         0x00000000   Number         0  memcpya.o ABSOLUTE
    ../clib/microlib/string/memset.c         0x00000000   Number         0  memseta.o ABSOLUTE
    ..\..\..\..\..\core\device\a31t21x\source\a31t21x_startup_arm.s 0x00000000   Number         0  a31t21x_startup_arm.o ABSOLUTE
    ..\..\..\..\..\core\device\a31t21x\source\a31t21x_system.c 0x00000000   Number         0  a31t21x_system.o ABSOLUTE
    ..\..\..\..\..\driver\a31t21x\source\a31t21x_dma.c 0x00000000   Number         0  a31t21x_dma.o ABSOLUTE
    ..\..\..\..\..\driver\a31t21x\source\a31t21x_gpio.c 0x00000000   Number         0  a31t21x_gpio.o ABSOLUTE
    ..\..\..\..\..\driver\a31t21x\source\a31t21x_led.c 0x00000000   Number         0  a31t21x_led.o ABSOLUTE
    ..\..\..\..\..\driver\a31t21x\source\a31t21x_pwr.c 0x00000000   Number         0  a31t21x_pwr.o ABSOLUTE
    ..\..\..\..\..\driver\a31t21x\source\a31t21x_scu.c 0x00000000   Number         0  a31t21x_scu.o ABSOLUTE
    ..\..\..\..\..\driver\a31t21x\source\a31t21x_timer.c 0x00000000   Number         0  a31t21x_timer.o ABSOLUTE
    ..\..\..\..\..\driver\a31t21x\source\a31t21x_uart.c 0x00000000   Number         0  a31t21x_uart.o ABSOLUTE
    ..\..\..\..\..\driver\a31t21x\source\a31t21x_usart1n.c 0x00000000   Number         0  a31t21x_usart1n.o ABSOLUTE
    ..\..\..\..\..\driver\a31t21x\source\a31t21x_wdt.c 0x00000000   Number         0  a31t21x_wdt.o ABSOLUTE
    ..\..\code_app\a31t21x_port_init.c       0x00000000   Number         0  a31t21x_port_init.o ABSOLUTE
    ..\..\code_app\a31t21x_system_setting.c  0x00000000   Number         0  a31t21x_system_setting.o ABSOLUTE
    ..\..\code_app\debug.c                   0x00000000   Number         0  debug.o ABSOLUTE
    ..\..\code_app\led_driver.c              0x00000000   Number         0  led_driver.o ABSOLUTE
    ..\..\code_app\main.c                    0x00000000   Number         0  main.o ABSOLUTE
    ..\..\code_app\user.c                    0x00000000   Number         0  user.o ABSOLUTE
    ..\..\code_lib\touch.c                   0x00000000   Number         0  touch.o ABSOLUTE
    ..\..\code_lib\user_timer.c              0x00000000   Number         0  user_timer.o ABSOLUTE
    ..\\..\\..\\..\\..\\core\\device\\a31t21x\\source\\a31t21x_system.c 0x00000000   Number         0  a31t21x_system.o ABSOLUTE
    ..\\..\\..\\..\\..\\driver\\a31t21x\\source\\a31t21x_dma.c 0x00000000   Number         0  a31t21x_dma.o ABSOLUTE
    ..\\..\\..\\..\\..\\driver\\a31t21x\\source\\a31t21x_gpio.c 0x00000000   Number         0  a31t21x_gpio.o ABSOLUTE
    ..\\..\\..\\..\\..\\driver\\a31t21x\\source\\a31t21x_led.c 0x00000000   Number         0  a31t21x_led.o ABSOLUTE
    ..\\..\\..\\..\\..\\driver\\a31t21x\\source\\a31t21x_pwr.c 0x00000000   Number         0  a31t21x_pwr.o ABSOLUTE
    ..\\..\\..\\..\\..\\driver\\a31t21x\\source\\a31t21x_scu.c 0x00000000   Number         0  a31t21x_scu.o ABSOLUTE
    ..\\..\\..\\..\\..\\driver\\a31t21x\\source\\a31t21x_timer.c 0x00000000   Number         0  a31t21x_timer.o ABSOLUTE
    ..\\..\\..\\..\\..\\driver\\a31t21x\\source\\a31t21x_uart.c 0x00000000   Number         0  a31t21x_uart.o ABSOLUTE
    ..\\..\\..\\..\\..\\driver\\a31t21x\\source\\a31t21x_usart1n.c 0x00000000   Number         0  a31t21x_usart1n.o ABSOLUTE
    ..\\..\\..\\..\\..\\driver\\a31t21x\\source\\a31t21x_wdt.c 0x00000000   Number         0  a31t21x_wdt.o ABSOLUTE
    ..\\..\\code_app\\a31t21x_port_init.c    0x00000000   Number         0  a31t21x_port_init.o ABSOLUTE
    ..\\..\\code_app\\a31t21x_system_setting.c 0x00000000   Number         0  a31t21x_system_setting.o ABSOLUTE
    ..\\..\\code_app\\debug.c                0x00000000   Number         0  debug.o ABSOLUTE
    ..\\..\\code_app\\led_driver.c           0x00000000   Number         0  led_driver.o ABSOLUTE
    ..\\..\\code_app\\main.c                 0x00000000   Number         0  main.o ABSOLUTE
    ..\\..\\code_app\\user.c                 0x00000000   Number         0  user.o ABSOLUTE
    ..\\..\\code_lib\\touch.c                0x00000000   Number         0  touch.o ABSOLUTE
    ..\\..\\code_lib\\user_timer.c           0x00000000   Number         0  user_timer.o ABSOLUTE
    dc.s                                     0x00000000   Number         0  dc.o ABSOLUTE
    handlers.s                               0x00000000   Number         0  handlers.o ABSOLUTE
    init.s                                   0x00000000   Number         0  init.o ABSOLUTE
    .ARM.Collect$$$$00000000                 0x000000c0   Section        0  entry.o(.ARM.Collect$$$$00000000)
    .ARM.Collect$$$$00000001                 0x000000c0   Section        4  entry2.o(.ARM.Collect$$$$00000001)
    .ARM.Collect$$$$00000004                 0x000000c4   Section        4  entry5.o(.ARM.Collect$$$$00000004)
    .ARM.Collect$$$$00000008                 0x000000c8   Section        0  entry7b.o(.ARM.Collect$$$$00000008)
    .ARM.Collect$$$$0000000A                 0x000000c8   Section        0  entry8b.o(.ARM.Collect$$$$0000000A)
    .ARM.Collect$$$$0000000B                 0x000000c8   Section        8  entry9a.o(.ARM.Collect$$$$0000000B)
    .ARM.Collect$$$$0000000D                 0x000000d0   Section        0  entry10a.o(.ARM.Collect$$$$0000000D)
    .ARM.Collect$$$$0000000F                 0x000000d0   Section        0  entry11a.o(.ARM.Collect$$$$0000000F)
    .ARM.Collect$$$$00002712                 0x000000d0   Section        4  entry2.o(.ARM.Collect$$$$00002712)
    __lit__00000000                          0x000000d0   Data           4  entry2.o(.ARM.Collect$$$$00002712)
    .text                                    0x000000d4   Section        0  main.o(.text)
    __NVIC_SetPriority                       0x000000d5   Thumb Code   110  main.o(.text)
    SysTick_Config                           0x00000143   Thumb Code    44  main.o(.text)
    .text                                    0x000007d8   Section        0  a31t21x_system_setting.o(.text)
    .text                                    0x0000082c   Section        0  a31t21x_port_init.o(.text)
    .text                                    0x00000894   Section        0  debug.o(.text)
    .text                                    0x00000f14   Section        0  led_driver.o(.text)
    __NVIC_SetPriority                       0x000013a9   Thumb Code   110  led_driver.o(.text)
    .text                                    0x0000142c   Section        0  user.o(.text)
    .text                                    0x0000164c   Section        0  a31t21x_system.o(.text)
    .text                                    0x000016a0   Section       88  a31t21x_startup_arm.o(.text)
    HardFault_Handler                        0x000016ad   Thumb Code    24  a31t21x_startup_arm.o(.text)
    NULL_IRQHandler                          0x000016e5   Thumb Code     2  a31t21x_startup_arm.o(.text)
    .text                                    0x000016f8   Section        0  a31t21x_dma.o(.text)
    DMA_REG                                  0x0000183d   Thumb Code    10  a31t21x_dma.o(.text)
    .text                                    0x00001858   Section        0  a31t21x_gpio.o(.text)
    GPIO_EmptySlot                           0x00001859   Thumb Code    70  a31t21x_gpio.o(.text)
    GPIO_SetupIRQ                            0x000018e7   Thumb Code   100  a31t21x_gpio.o(.text)
    GPIO_Handler                             0x00001cb9   Thumb Code   108  a31t21x_gpio.o(.text)
    __NVIC_SetPriority                       0x00001d59   Thumb Code   114  a31t21x_gpio.o(.text)
    GPIO_REG                                 0x00001dcb   Thumb Code    10  a31t21x_gpio.o(.text)
    GPIO_IRQ_NUM                             0x00001dd5   Thumb Code    16  a31t21x_gpio.o(.text)
    .text                                    0x00001df4   Section        0  a31t21x_led.o(.text)
    LED_IRQHandlerC                          0x00001fad   Thumb Code    68  a31t21x_led.o(.text)
    __NVIC_SetPriority                       0x00001ff9   Thumb Code   110  a31t21x_led.o(.text)
    .text                                    0x0000207c   Section        0  a31t21x_pwr.o(.text)
    PWR_SYSTEM_Configure                     0x00002095   Thumb Code    96  a31t21x_pwr.o(.text)
    __NVIC_SetPriority                       0x00002203   Thumb Code   114  a31t21x_pwr.o(.text)
    .text                                    0x00002294   Section        0  a31t21x_scu.o(.text)
    SCU_FlashLatencySet                      0x00002295   Thumb Code    98  a31t21x_scu.o(.text)
    SCU_ClockEnable                          0x000022f7   Thumb Code   414  a31t21x_scu.o(.text)
    __NVIC_SetPriority                       0x00002a1d   Thumb Code   110  a31t21x_scu.o(.text)
    .text                                    0x00002aa4   Section        0  a31t21x_timer.o(.text)
    TIMER_REG                                0x00002aa5   Thumb Code    32  a31t21x_timer.o(.text)
    TIMER_IRQ_NUM                            0x00002ac5   Thumb Code    28  a31t21x_timer.o(.text)
    TIMER_Configure                          0x00002ae1   Thumb Code   164  a31t21x_timer.o(.text)
    TIMER_IRQHandler                         0x000030e3   Thumb Code   134  a31t21x_timer.o(.text)
    __NVIC_SetPriority                       0x000031a5   Thumb Code   110  a31t21x_timer.o(.text)
    .text                                    0x00003230   Section        0  a31t21x_uart.o(.text)
    UART_Configure                           0x00003231   Thumb Code   222  a31t21x_uart.o(.text)
    UART_IRQHandler                          0x00003807   Thumb Code   362  a31t21x_uart.o(.text)
    __NVIC_SetPriority                       0x00003985   Thumb Code   110  a31t21x_uart.o(.text)
    UART_REG                                 0x000039f3   Thumb Code    10  a31t21x_uart.o(.text)
    UART_IRQ_NUM                             0x000039fd   Thumb Code    10  a31t21x_uart.o(.text)
    .text                                    0x00003a1c   Section        0  a31t21x_usart1n.o(.text)
    USART_Configure                          0x00003a1d   Thumb Code   786  a31t21x_usart1n.o(.text)
    USART_IRQHandler                         0x0000433f   Thumb Code   776  a31t21x_usart1n.o(.text)
    __NVIC_SetPriority                       0x0000465b   Thumb Code   110  a31t21x_usart1n.o(.text)
    USART_REG                                0x000046c9   Thumb Code    10  a31t21x_usart1n.o(.text)
    USART_IRQ_NUM                            0x000046d3   Thumb Code    18  a31t21x_usart1n.o(.text)
    USART_StatusCheck                        0x000046e5   Thumb Code     8  a31t21x_usart1n.o(.text)
    .text                                    0x000046f8   Section        0  a31t21x_wdt.o(.text)
    WDT_Configure                            0x000046f9   Thumb Code   238  a31t21x_wdt.o(.text)
    __NVIC_SetPriority                       0x000049c3   Thumb Code   110  a31t21x_wdt.o(.text)
    .text                                    0x00004a60   Section        0  touch.o(.text)
    __NVIC_DisableIRQ                        0x00004a61   Thumb Code    50  touch.o(.text)
    .text                                    0x00005c18   Section        0  user_timer.o(.text)
    UT_Check_Expire                          0x00005d67   Thumb Code   372  user_timer.o(.text)
    .text                                    0x00005f48   Section        0  uidiv.o(.text)
    .text                                    0x00005f74   Section        0  idiv.o(.text)
    .text                                    0x00005f9c   Section        0  memcpya.o(.text)
    .text                                    0x00005fc0   Section        0  memseta.o(.text)
    .text                                    0x00005fe4   Section       36  init.o(.text)
    i.__ARM_common_switch8                   0x00006008   Section        0  main.o(i.__ARM_common_switch8)
    i.__scatterload_copy                     0x00006024   Section       14  handlers.o(i.__scatterload_copy)
    i.__scatterload_null                     0x00006032   Section        2  handlers.o(i.__scatterload_null)
    i.__scatterload_zeroinit                 0x00006034   Section       14  handlers.o(i.__scatterload_zeroinit)
    .constdata                               0x00006044   Section       24  led_driver.o(.constdata)
    .constdata                               0x0000605c   Section      456  user.o(.constdata)
    .constdata                               0x00006224   Section        3  a31t21x_uart.o(.constdata)
    .constdata                               0x00006228   Section        3  a31t21x_usart1n.o(.constdata)
    .data                                    0x20000000   Section        4  main.o(.data)
    .data                                    0x20000004   Section       21  debug.o(.data)
    app_uart_tx_done                         0x20000014   Data           1  debug.o(.data)
    app_uart_rx_done                         0x20000015   Data           1  debug.o(.data)
    s8_step                                  0x20000016   Data           1  debug.o(.data)
    s8_index                                 0x20000017   Data           1  debug.o(.data)
    stStep                                   0x20000018   Data           1  debug.o(.data)
    .data                                    0x2000001c   Section        9  led_driver.o(.data)
    staStep                                  0x20000024   Data           1  led_driver.o(.data)
    .data                                    0x20000025   Section       15  user.o(.data)
    relLevel_n                               0x2000002d   Data           7  user.o(.data)
    .data                                    0x20000034   Section       12  a31t21x_system.o(.data)
    .data                                    0x20000040   Section        5  a31t21x_dma.o(.data)
    g_dma_ref_count                          0x20000040   Data           1  a31t21x_dma.o(.data)
    g_dma_setup                              0x20000041   Data           4  a31t21x_dma.o(.data)
    .data                                    0x20000045   Section        6  a31t21x_gpio.o(.data)
    gpio_irq_setup                           0x20000045   Data           6  a31t21x_gpio.o(.data)
    .data                                    0x2000004c   Section        8  a31t21x_led.o(.data)
    g_lcb                                    0x2000004c   Data           8  a31t21x_led.o(.data)
    .data                                    0x20000054   Section        8  a31t21x_pwr.o(.data)
    g_pcb                                    0x20000054   Data           8  a31t21x_pwr.o(.data)
    .data                                    0x2000005c   Section        1  a31t21x_wdt.o(.data)
    gu8ReloadCount                           0x2000005c   Data           1  a31t21x_wdt.o(.data)
    .data                                    0x20000060   Section        5  touch.o(.data)
    base_delay_n                             0x20000064   Data           1  touch.o(.data)
    .data                                    0x20000068   Section       44  user_timer.o(.data)
    ut_set_flag                              0x2000006c   Data           4  user_timer.o(.data)
    ut_expire_flag                           0x20000070   Data           4  user_timer.o(.data)
    ut_timer_1                               0x20000074   Data           4  user_timer.o(.data)
    ut_timer_2                               0x20000078   Data           4  user_timer.o(.data)
    ut_timer_3                               0x2000007c   Data           4  user_timer.o(.data)
    ut_timer_4                               0x20000080   Data           4  user_timer.o(.data)
    ut_timer_5                               0x20000084   Data           4  user_timer.o(.data)
    ut_timer_6                               0x20000088   Data           4  user_timer.o(.data)
    ut_timer_7                               0x2000008c   Data           4  user_timer.o(.data)
    ut_timer_8                               0x20000090   Data           4  user_timer.o(.data)
    .bss                                     0x20000094   Section      357  debug.o(.bss)
    s8_buff                                  0x200001e0   Data          25  debug.o(.bss)
    .bss                                     0x200001fc   Section       12  led_driver.o(.bss)
    .bss                                     0x20000208   Section      616  user.o(.bss)
    .bss                                     0x20000470   Section       48  a31t21x_gpio.o(.bss)
    g_gcb                                    0x20000470   Data          48  a31t21x_gpio.o(.bss)
    .bss                                     0x200004a0   Section       28  a31t21x_scu.o(.bss)
    g_scb                                    0x200004a0   Data          28  a31t21x_scu.o(.bss)
    .bss                                     0x200004bc   Section       72  a31t21x_timer.o(.bss)
    g_tcb                                    0x200004bc   Data          72  a31t21x_timer.o(.bss)
    .bss                                     0x20000504   Section       80  a31t21x_uart.o(.bss)
    g_ucb                                    0x20000504   Data          80  a31t21x_uart.o(.bss)
    .bss                                     0x20000554   Section       80  a31t21x_usart1n.o(.bss)
    g_ucb                                    0x20000554   Data          80  a31t21x_usart1n.o(.bss)
    .bss                                     0x200005a4   Section       16  a31t21x_wdt.o(.bss)
    g_wcb                                    0x200005a4   Data          16  a31t21x_wdt.o(.bss)
    .bss                                     0x200005b4   Section      300  touch.o(.bss)
    STACK                                    0x200006e0   Section     1024  a31t21x_startup_arm.o(STACK)

    Global Symbols

    Symbol Name                              Value     Ov Type        Size  Object(Section)

    BuildAttributes$$THM_ISAv3M$S$PE$A:L22$X:L11$S22$IEEE1$IW$USESV6$~STKCKD$USESV7$~SHL$OSPACE$EBA8$MICROLIB$REQ8$PRES8$EABIv2 0x00000000   Number         0  anon$$obj.o ABSOLUTE
    __ARM_use_no_argv                        0x00000000   Number         0  main.o ABSOLUTE
    __Vectors                                0x00000000   Data           4  a31t21x_startup_arm.o(RESET)
    __cpp_initialize__aeabi_                  - Undefined Weak Reference
    __cxa_finalize                            - Undefined Weak Reference
    __decompress                              - Undefined Weak Reference
    _clock_init                               - Undefined Weak Reference
    _microlib_exit                            - Undefined Weak Reference
    __Vectors_End                            0x000000c0   Data           0  a31t21x_startup_arm.o(RESET)
    __Vectors_Size                           0x000000c0   Number         0  a31t21x_startup_arm.o ABSOLUTE
    __main                                   0x000000c1   Thumb Code     0  entry.o(.ARM.Collect$$$$00000000)
    _main_stk                                0x000000c1   Thumb Code     0  entry2.o(.ARM.Collect$$$$00000001)
    _main_scatterload                        0x000000c5   Thumb Code     0  entry5.o(.ARM.Collect$$$$00000004)
    __main_after_scatterload                 0x000000c9   Thumb Code     0  entry5.o(.ARM.Collect$$$$00000004)
    _main_clock                              0x000000c9   Thumb Code     0  entry7b.o(.ARM.Collect$$$$00000008)
    _main_cpp_init                           0x000000c9   Thumb Code     0  entry8b.o(.ARM.Collect$$$$0000000A)
    _main_init                               0x000000c9   Thumb Code     0  entry9a.o(.ARM.Collect$$$$0000000B)
    __rt_final_cpp                           0x000000d1   Thumb Code     0  entry10a.o(.ARM.Collect$$$$0000000D)
    __rt_final_exit                          0x000000d1   Thumb Code     0  entry11a.o(.ARM.Collect$$$$0000000F)
    SysTick_Configure                        0x0000016f   Thumb Code    22  main.o(.text)
    Init_Library                             0x00000185   Thumb Code   180  main.o(.text)
    Set_TS_IO                                0x00000239   Thumb Code   264  main.o(.text)
    Set_Library                              0x00000341   Thumb Code   212  main.o(.text)
    Change_SysClock                          0x00000415   Thumb Code   124  main.o(.text)
    Check_LPM_Entry                          0x00000491   Thumb Code   666  main.o(.text)
    main                                     0x0000072b   Thumb Code   114  main.o(.text)
    System_Setting_Config                    0x000007d9   Thumb Code    76  a31t21x_system_setting.o(.text)
    Port_Init                                0x0000082d   Thumb Code     8  a31t21x_port_init.o(.text)
    Port_Configure_CLKO                      0x00000835   Thumb Code    30  a31t21x_port_init.o(.text)
    Port_Configure_UART                      0x00000853   Thumb Code    64  a31t21x_port_init.o(.text)
    app_uart_irq_handler                     0x00000895   Thumb Code    88  debug.o(.text)
    DBG_Set_Baudrate                         0x000008ed   Thumb Code    20  debug.o(.text)
    fputc                                    0x00000901   Thumb Code    20  debug.o(.text)
    DBG_Init_UART                            0x00000915   Thumb Code   112  debug.o(.text)
    DBG_Init_UART_Param                      0x00000985   Thumb Code    70  debug.o(.text)
    Hexstr_To_Binary                         0x000009cb   Thumb Code    74  debug.o(.text)
    DBG_RX_Check                             0x00000a15   Thumb Code   142  debug.o(.text)
    DBG_Init_Variable                        0x00000aa3   Thumb Code    16  debug.o(.text)
    Make_Packet_Byte                         0x00000ab3   Thumb Code    32  debug.o(.text)
    Make_Packet_Word                         0x00000ad3   Thumb Code    68  debug.o(.text)
    DBG_Send_Data                            0x00000b17   Thumb Code   616  debug.o(.text)
    DBG_Do_Task                              0x00000d7f   Thumb Code   380  debug.o(.text)
    app_led_irq_handler                      0x00000f15   Thumb Code    88  led_driver.o(.text)
    LED_Set_Actv_Time                        0x00000f6d   Thumb Code   122  led_driver.o(.text)
    LED_Set_Current                          0x00000fe7   Thumb Code    40  led_driver.o(.text)
    LED_Init_IO                              0x0000100f   Thumb Code   288  led_driver.o(.text)
    LED_Init_Reg                             0x0000112f   Thumb Code   534  led_driver.o(.text)
    LED_Do_Task                              0x00001345   Thumb Code   100  led_driver.o(.text)
    led_RenewData                            0x0000142d   Thumb Code   244  user.o(.text)
    get_max                                  0x00001521   Thumb Code    42  user.o(.text)
    TS_User_Filter                           0x0000154b   Thumb Code   236  user.o(.text)
    SystemInit                               0x0000164d   Thumb Code    38  a31t21x_system.o(.text)
    SystemDelay                              0x00001673   Thumb Code    20  a31t21x_system.o(.text)
    Reset_Handler                            0x000016a1   Thumb Code     8  a31t21x_startup_arm.o(.text)
    NMI_Handler                              0x000016a9   Thumb Code     2  a31t21x_startup_arm.o(.text)
    HardFault_HandlerC                       0x000016ab   Thumb Code     2  a31t21x_startup_arm.o(.text)
    SVC_Handler                              0x000016c5   Thumb Code     2  a31t21x_startup_arm.o(.text)
    PendSV_Handler                           0x000016c7   Thumb Code     2  a31t21x_startup_arm.o(.text)
    WDT_IRQHandler                           0x000016cd   Thumb Code    24  a31t21x_startup_arm.o(.text)
    ADC_IRQHandler                           0x000016e5   Thumb Code     0  a31t21x_startup_arm.o(.text)
    CRC_IRQHandler                           0x000016e5   Thumb Code     0  a31t21x_startup_arm.o(.text)
    I2C0_IRQHandler                          0x000016e5   Thumb Code     0  a31t21x_startup_arm.o(.text)
    I2C1_IRQHandler                          0x000016e5   Thumb Code     0  a31t21x_startup_arm.o(.text)
    SPI20_IRQHandler                         0x000016e5   Thumb Code     0  a31t21x_startup_arm.o(.text)
    SPI21_IRQHandler                         0x000016e5   Thumb Code     0  a31t21x_startup_arm.o(.text)
    TIMER30_IRQHandler                       0x000016e5   Thumb Code     0  a31t21x_startup_arm.o(.text)
    TSENSE_IRQHandler                        0x000016e5   Thumb Code     0  a31t21x_startup_arm.o(.text)
    WT_IRQHandler                            0x000016e5   Thumb Code     0  a31t21x_startup_arm.o(.text)
    HAL_DMA_Init                             0x000016f9   Thumb Code    86  a31t21x_dma.o(.text)
    HAL_DMA_Deinit                           0x0000174f   Thumb Code    60  a31t21x_dma.o(.text)
    HAL_DMA_Setup                            0x0000178b   Thumb Code    74  a31t21x_dma.o(.text)
    HAL_DMA_Clear                            0x000017d5   Thumb Code    10  a31t21x_dma.o(.text)
    HAL_DMA_Start                            0x000017df   Thumb Code    70  a31t21x_dma.o(.text)
    HAL_DMA_Stop                             0x00001825   Thumb Code    24  a31t21x_dma.o(.text)
    HAL_GPIO_SetIRQHandler                   0x0000189f   Thumb Code    72  a31t21x_gpio.o(.text)
    HAL_GPIO_Init                            0x0000194b   Thumb Code   148  a31t21x_gpio.o(.text)
    HAL_GPIO_SetMode                         0x000019df   Thumb Code    42  a31t21x_gpio.o(.text)
    HAL_GPIO_SetFunction                     0x00001a09   Thumb Code    74  a31t21x_gpio.o(.text)
    HAL_GPIO_SetOutput                       0x00001a53   Thumb Code    38  a31t21x_gpio.o(.text)
    HAL_GPIO_SetPull                         0x00001a79   Thumb Code    42  a31t21x_gpio.o(.text)
    HAL_GPIO_SetDebounce                     0x00001aa3   Thumb Code    42  a31t21x_gpio.o(.text)
    HAL_GPIO_SetDebounceClock                0x00001acd   Thumb Code    80  a31t21x_gpio.o(.text)
    HAL_GPIO_SetPin                          0x00001b1d   Thumb Code    24  a31t21x_gpio.o(.text)
    HAL_GPIO_ClearPin                        0x00001b35   Thumb Code    24  a31t21x_gpio.o(.text)
    HAL_GPIO_ReadPin                         0x00001b4d   Thumb Code    44  a31t21x_gpio.o(.text)
    HAL_GPIO_WritePort                       0x00001b79   Thumb Code    20  a31t21x_gpio.o(.text)
    HAL_GPIO_ReadPort                        0x00001b8d   Thumb Code    22  a31t21x_gpio.o(.text)
    HAL_GPIO_EnableIRQ                       0x00001ba3   Thumb Code    96  a31t21x_gpio.o(.text)
    HAL_GPIO_DisableIRQ                      0x00001c03   Thumb Code   182  a31t21x_gpio.o(.text)
    GPIOAB_IRQHandler                        0x00001d25   Thumb Code    16  a31t21x_gpio.o(.text)
    GPIOCD_IRQHandler                        0x00001d35   Thumb Code    16  a31t21x_gpio.o(.text)
    GPIOE_IRQHandler                         0x00001d45   Thumb Code    10  a31t21x_gpio.o(.text)
    GPIOF_IRQHandler                         0x00001d4f   Thumb Code    10  a31t21x_gpio.o(.text)
    HAL_LED_Init                             0x00001df5   Thumb Code   320  a31t21x_led.o(.text)
    HAL_LED_DISP_ON                          0x00001f35   Thumb Code    16  a31t21x_led.o(.text)
    HAL_LED_DISP_OFF                         0x00001f45   Thumb Code    16  a31t21x_led.o(.text)
    HAL_LED_SetClock                         0x00001f55   Thumb Code    88  a31t21x_led.o(.text)
    LED_IRQHandler                           0x00001ff1   Thumb Code     8  a31t21x_led.o(.text)
    HAL_LVR_Deinit                           0x0000207d   Thumb Code    24  a31t21x_pwr.o(.text)
    HAL_LVI_Init                             0x000020f5   Thumb Code    72  a31t21x_pwr.o(.text)
    HAL_LVI_Deinit                           0x0000213d   Thumb Code    70  a31t21x_pwr.o(.text)
    HAL_LVR_Init                             0x00002183   Thumb Code    24  a31t21x_pwr.o(.text)
    HAL_PWR_EnterSleepMode                   0x0000219b   Thumb Code    34  a31t21x_pwr.o(.text)
    HAL_PWR_EnterDeepSleepMode               0x000021bd   Thumb Code    44  a31t21x_pwr.o(.text)
    LVI_IRQHandler                           0x000021e9   Thumb Code    26  a31t21x_pwr.o(.text)
    HAL_SCU_UpdateMainClock                  0x00002495   Thumb Code    76  a31t21x_scu.o(.text)
    HAL_SCU_SetPLLConfig                     0x000024e1   Thumb Code   350  a31t21x_scu.o(.text)
    HAL_SCU_EnableClock                      0x0000263f   Thumb Code   184  a31t21x_scu.o(.text)
    HAL_SCU_DisableClock                     0x000026f7   Thumb Code    80  a31t21x_scu.o(.text)
    HAL_SCU_EnableClockMonitor               0x00002747   Thumb Code   148  a31t21x_scu.o(.text)
    HAL_SCU_DisableClockMonitor              0x000027db   Thumb Code   130  a31t21x_scu.o(.text)
    HAL_SCU_EnableClockOut                   0x0000285d   Thumb Code    28  a31t21x_scu.o(.text)
    HAL_SCU_DisableClockOut                  0x00002879   Thumb Code    16  a31t21x_scu.o(.text)
    HAL_SCU_EnableWakeupSource               0x00002889   Thumb Code    20  a31t21x_scu.o(.text)
    HAL_SCU_DisableWakeupSource              0x0000289d   Thumb Code    20  a31t21x_scu.o(.text)
    HAL_SCU_EnableResetSource                0x000028b1   Thumb Code    20  a31t21x_scu.o(.text)
    HAL_SCU_DisableResetSource               0x000028c5   Thumb Code    20  a31t21x_scu.o(.text)
    HAL_SCU_GetResetReason                   0x000028d9   Thumb Code    14  a31t21x_scu.o(.text)
    HAL_SCU_GetWakeupReason                  0x000028e7   Thumb Code    14  a31t21x_scu.o(.text)
    HAL_SCU_Timer1n_ClockConfig              0x000028f5   Thumb Code    28  a31t21x_scu.o(.text)
    HAL_SCU_Timer20_ClockConfig              0x00002911   Thumb Code    28  a31t21x_scu.o(.text)
    HAL_SCU_Timer30_ClockConfig              0x0000292d   Thumb Code    28  a31t21x_scu.o(.text)
    HAL_SCU_LED_ClockConfig                  0x00002949   Thumb Code    28  a31t21x_scu.o(.text)
    HAL_SCU_WT_ClockConfig                   0x00002965   Thumb Code    30  a31t21x_scu.o(.text)
    HAL_SCU_WDT_ClockConfig                  0x00002983   Thumb Code    28  a31t21x_scu.o(.text)
    HAL_SCU_LCD_ClockConfig                  0x0000299f   Thumb Code    28  a31t21x_scu.o(.text)
    SYSCLKFAIL_IRQHandler                    0x000029bb   Thumb Code    98  a31t21x_scu.o(.text)
    HAL_TIMER_Deinit                         0x00002b85   Thumb Code   254  a31t21x_timer.o(.text)
    HAL_TIMER_Init                           0x00002c83   Thumb Code   482  a31t21x_timer.o(.text)
    HAL_TIMER_GetStatus                      0x00002e65   Thumb Code    26  a31t21x_timer.o(.text)
    HAL_TIMER_Start                          0x00002e7f   Thumb Code    62  a31t21x_timer.o(.text)
    HAL_TIMER_StartPWM                       0x00002ebd   Thumb Code    98  a31t21x_timer.o(.text)
    HAL_TIMER_StartCapture                   0x00002f1f   Thumb Code    52  a31t21x_timer.o(.text)
    HAL_TIMER_Stop                           0x00002f53   Thumb Code    26  a31t21x_timer.o(.text)
    HAL_TIMER_GetCount                       0x00002f6d   Thumb Code    22  a31t21x_timer.o(.text)
    HAL_TIMER_ClearCount                     0x00002f83   Thumb Code    20  a31t21x_timer.o(.text)
    HAL_TIMER_GetCaptureCount                0x00002f97   Thumb Code    36  a31t21x_timer.o(.text)
    HAL_TIMER_SetClock                       0x00002fbb   Thumb Code   204  a31t21x_timer.o(.text)
    HAL_TIMER_SetIRQ                         0x00003087   Thumb Code    92  a31t21x_timer.o(.text)
    TIMER10_IRQHandler                       0x00003169   Thumb Code    10  a31t21x_timer.o(.text)
    TIMER11_IRQHandler                       0x00003173   Thumb Code    10  a31t21x_timer.o(.text)
    TIMER12_IRQHandler                       0x0000317d   Thumb Code    10  a31t21x_timer.o(.text)
    TIMER13_IRQHandler                       0x00003187   Thumb Code    10  a31t21x_timer.o(.text)
    TIMER20_IRQHandler                       0x00003191   Thumb Code    10  a31t21x_timer.o(.text)
    TIMER21_IRQHandler                       0x0000319b   Thumb Code    10  a31t21x_timer.o(.text)
    HAL_UART_Deinit                          0x0000330f   Thumb Code   128  a31t21x_uart.o(.text)
    HAL_UART_Init                            0x0000338f   Thumb Code   304  a31t21x_uart.o(.text)
    HAL_UART_Transmit                        0x000034bf   Thumb Code   210  a31t21x_uart.o(.text)
    HAL_UART_Receive                         0x00003591   Thumb Code   238  a31t21x_uart.o(.text)
    HAL_UART_Abort                           0x0000367f   Thumb Code    82  a31t21x_uart.o(.text)
    HAL_UART_SetTransmitDMA                  0x000036d1   Thumb Code    70  a31t21x_uart.o(.text)
    HAL_UART_SetReceiveDMA                   0x00003717   Thumb Code    72  a31t21x_uart.o(.text)
    HAL_UART_GetBusyStatus                   0x0000375f   Thumb Code    38  a31t21x_uart.o(.text)
    HAL_UART_GetLineStatus                   0x00003785   Thumb Code    26  a31t21x_uart.o(.text)
    HAL_UART_SetIFDelay                      0x0000379f   Thumb Code    20  a31t21x_uart.o(.text)
    HAL_UART_SetIRQ                          0x000037b3   Thumb Code    84  a31t21x_uart.o(.text)
    UART0_IRQHandler                         0x00003971   Thumb Code    10  a31t21x_uart.o(.text)
    UART1_IRQHandler                         0x0000397b   Thumb Code    10  a31t21x_uart.o(.text)
    HAL_USART_Deinit                         0x00003d2f   Thumb Code   128  a31t21x_usart1n.o(.text)
    HAL_USART_Init                           0x00003daf   Thumb Code   268  a31t21x_usart1n.o(.text)
    HAL_USART_Transfer                       0x00003ebb   Thumb Code   500  a31t21x_usart1n.o(.text)
    HAL_USART_Transmit                       0x000040af   Thumb Code   184  a31t21x_usart1n.o(.text)
    HAL_USART_Receive                        0x00004167   Thumb Code   190  a31t21x_usart1n.o(.text)
    HAL_USART_SetTransmitDMA                 0x00004225   Thumb Code    70  a31t21x_usart1n.o(.text)
    HAL_USART_SetReceiveDMA                  0x0000426b   Thumb Code    72  a31t21x_usart1n.o(.text)
    HAL_USART_GetBusyStatus                  0x000042b3   Thumb Code    38  a31t21x_usart1n.o(.text)
    HAL_USART_GetLineStatus                  0x000042d9   Thumb Code    22  a31t21x_usart1n.o(.text)
    HAL_USART_SetIRQ                         0x000042ef   Thumb Code    80  a31t21x_usart1n.o(.text)
    USART10_IRQHandler                       0x00004647   Thumb Code    10  a31t21x_usart1n.o(.text)
    USART11_IRQHandler                       0x00004651   Thumb Code    10  a31t21x_usart1n.o(.text)
    HAL_WDT_Init                             0x000047e7   Thumb Code    32  a31t21x_wdt.o(.text)
    HAL_WDT_Deinit                           0x00004807   Thumb Code    76  a31t21x_wdt.o(.text)
    HAL_WDT_Start                            0x00004853   Thumb Code   110  a31t21x_wdt.o(.text)
    HAL_WDT_Stop                             0x000048c1   Thumb Code    28  a31t21x_wdt.o(.text)
    HAL_WDT_Feed                             0x000048dd   Thumb Code    48  a31t21x_wdt.o(.text)
    HAL_WDT_GetCounter                       0x0000490d   Thumb Code    12  a31t21x_wdt.o(.text)
    HAL_WDT_ClearStatus                      0x00004919   Thumb Code    36  a31t21x_wdt.o(.text)
    HAL_WDT_SetClock                         0x0000493d   Thumb Code    74  a31t21x_wdt.o(.text)
    WDT_IRQHandlerC                          0x00004987   Thumb Code    60  a31t21x_wdt.o(.text)
    TOUCH_IRQHandler                         0x00004a93   Thumb Code   248  touch.o(.text)
    TS_Set_Mode                              0x00004b8b   Thumb Code     8  touch.o(.text)
    TS_Set_Shield                            0x00004b93   Thumb Code   186  touch.o(.text)
    TS_Set_Sum_Count                         0x00004c4d   Thumb Code     8  touch.o(.text)
    TS_Set_Common_THD                        0x00004c55   Thumb Code    32  touch.o(.text)
    TS_Set_CH_THD                            0x00004c75   Thumb Code    12  touch.o(.text)
    TS_Set_NoiseTHD_Rate                     0x00004c81   Thumb Code     6  touch.o(.text)
    TS_Set_BaseHold_Rate                     0x00004c87   Thumb Code     6  touch.o(.text)
    TS_Set_Base_Tracking                     0x00004c8d   Thumb Code    14  touch.o(.text)
    TS_Set_Release_Rate                      0x00004c9b   Thumb Code     8  touch.o(.text)
    TS_Set_Reverse_Rate                      0x00004ca3   Thumb Code     8  touch.o(.text)
    TS_Set_Reverse_Time                      0x00004cab   Thumb Code     8  touch.o(.text)
    TS_Set_Debounce                          0x00004cb3   Thumb Code    10  touch.o(.text)
    TS_Set_IIR                               0x00004cbd   Thumb Code     8  touch.o(.text)
    TS_Set_Init_Delay                        0x00004cc5   Thumb Code     8  touch.o(.text)
    TS_Set_Inact_Port                        0x00004ccd   Thumb Code    18  touch.o(.text)
    TS_Set_Comp_RefV                         0x00004cdf   Thumb Code    20  touch.o(.text)
    TS_Set_Hisense_Level                     0x00004cf3   Thumb Code    36  touch.o(.text)
    TS_Get_Key                               0x00004d17   Thumb Code     8  touch.o(.text)
    TS_Init_Variable                         0x00004d1f   Thumb Code   174  touch.o(.text)
    TS_Init_Register                         0x00004dcd   Thumb Code   220  touch.o(.text)
    TS_Get_Single_CH                         0x00004ea9   Thumb Code   120  touch.o(.text)
    TS_Start_Touch                           0x00004f21   Thumb Code    98  touch.o(.text)
    TS_Config_Mode                           0x00004f83   Thumb Code   656  touch.o(.text)
    TS_Init_Base                             0x00005213   Thumb Code   174  touch.o(.text)
    TS_Update_Base                           0x000052c1   Thumb Code   566  touch.o(.text)
    TS_Make_Data                             0x000054f7   Thumb Code   338  touch.o(.text)
    TS_Judge_Key                             0x00005649   Thumb Code   642  touch.o(.text)
    TS_Do_Task                               0x000058cb   Thumb Code   832  touch.o(.text)
    UT_Run_Timer                             0x00005c19   Thumb Code    44  user_timer.o(.text)
    SysTick_Handler                          0x00005c45   Thumb Code    12  user_timer.o(.text)
    UT_Set_Timer                             0x00005c51   Thumb Code   140  user_timer.o(.text)
    UT_Get_Status                            0x00005cdd   Thumb Code     6  user_timer.o(.text)
    UT_Clear_Timer                           0x00005ce3   Thumb Code   132  user_timer.o(.text)
    UT_Is_Expired                            0x00005edb   Thumb Code    64  user_timer.o(.text)
    __aeabi_uidiv                            0x00005f49   Thumb Code     0  uidiv.o(.text)
    __aeabi_uidivmod                         0x00005f49   Thumb Code    44  uidiv.o(.text)
    __aeabi_idiv                             0x00005f75   Thumb Code     0  idiv.o(.text)
    __aeabi_idivmod                          0x00005f75   Thumb Code    40  idiv.o(.text)
    __aeabi_memcpy                           0x00005f9d   Thumb Code    36  memcpya.o(.text)
    __aeabi_memcpy4                          0x00005f9d   Thumb Code     0  memcpya.o(.text)
    __aeabi_memcpy8                          0x00005f9d   Thumb Code     0  memcpya.o(.text)
    __aeabi_memset                           0x00005fc1   Thumb Code    14  memseta.o(.text)
    __aeabi_memset4                          0x00005fc1   Thumb Code     0  memseta.o(.text)
    __aeabi_memset8                          0x00005fc1   Thumb Code     0  memseta.o(.text)
    __aeabi_memclr                           0x00005fcf   Thumb Code     4  memseta.o(.text)
    __aeabi_memclr4                          0x00005fcf   Thumb Code     0  memseta.o(.text)
    __aeabi_memclr8                          0x00005fcf   Thumb Code     0  memseta.o(.text)
    _memset$wrapper                          0x00005fd3   Thumb Code    18  memseta.o(.text)
    __scatterload                            0x00005fe5   Thumb Code    28  init.o(.text)
    __scatterload_rt2                        0x00005fe5   Thumb Code     0  init.o(.text)
    __ARM_common_switch8                     0x00006009   Thumb Code    28  main.o(i.__ARM_common_switch8)
    __scatterload_copy                       0x00006025   Thumb Code    14  handlers.o(i.__scatterload_copy)
    __scatterload_null                       0x00006033   Thumb Code     2  handlers.o(i.__scatterload_null)
    __scatterload_zeroinit                   0x00006035   Thumb Code    14  handlers.o(i.__scatterload_zeroinit)
    coT4Digit                                0x0000605c   Data         320  user.o(.constdata)
    coDigit                                  0x0000619c   Data          72  user.o(.constdata)
    DIGIT_HEX                                0x000061e4   Data          64  user.o(.constdata)
    Region$$Table$$Base                      0x0000622c   Number         0  anon$$obj.o(Region$$Table)
    Region$$Table$$Limit                     0x0000624c   Number         0  anon$$obj.o(Region$$Table)
    t_sysbit                                 0x20000000   Data           4  main.o(.data)
    app_uart_rx_buf                          0x20000004   Data           8  debug.o(.data)
    app_uart_tx_buf                          0x2000000c   Data           8  debug.o(.data)
    led_lib_ver                              0x2000001c   Data           1  led_driver.o(.data)
    fpRenewLED                               0x20000020   Data           4  led_driver.o(.data)
    t_led                                    0x20000025   Data           8  user.o(.data)
    SystemCoreClock                          0x20000034   Data           4  a31t21x_system.o(.data)
    SystemPeriClock                          0x20000038   Data           4  a31t21x_system.o(.data)
    SystemDelayCount                         0x2000003c   Data           4  a31t21x_system.o(.data)
    func_p_user_filter                       0x20000060   Data           4  touch.o(.data)
    ut_tick                                  0x20000068   Data           4  user_timer.o(.data)
    dbg                                      0x20000094   Data          12  debug.o(.bss)
    uart                                     0x200000a0   Data         320  debug.o(.bss)
    led                                      0x200001fc   Data          12  led_driver.o(.bss)
    user                                     0x20000208   Data         616  user.o(.bss)
    ts                                       0x200005b4   Data         128  touch.o(.bss)
    ts_reg                                   0x20000634   Data         172  touch.o(.bss)
    __initial_sp                             0x20000ae0   Data           0  a31t21x_startup_arm.o(STACK)



==============================================================================

Memory Map of the image

  Image Entry point : 0x000000c1

  Load Region LR_IROM1 (Base: 0x00000000, Size: 0x000062e0, Max: 0x0003ffff, ABSOLUTE)

    Execution Region ER_IROM1 (Base: 0x00000000, Size: 0x0000624c, Max: 0x0003ffff, ABSOLUTE)

    Base Addr    Size         Type   Attr      Idx    E Section Name        Object

    0x00000000   0x000000c0   Data   RO          336    RESET               a31t21x_startup_arm.o
    0x000000c0   0x00000000   Code   RO          666  * .ARM.Collect$$$$00000000  mc_p.l(entry.o)
    0x000000c0   0x00000004   Code   RO          679    .ARM.Collect$$$$00000001  mc_p.l(entry2.o)
    0x000000c4   0x00000004   Code   RO          682    .ARM.Collect$$$$00000004  mc_p.l(entry5.o)
    0x000000c8   0x00000000   Code   RO          684    .ARM.Collect$$$$00000008  mc_p.l(entry7b.o)
    0x000000c8   0x00000000   Code   RO          686    .ARM.Collect$$$$0000000A  mc_p.l(entry8b.o)
    0x000000c8   0x00000008   Code   RO          687    .ARM.Collect$$$$0000000B  mc_p.l(entry9a.o)
    0x000000d0   0x00000000   Code   RO          689    .ARM.Collect$$$$0000000D  mc_p.l(entry10a.o)
    0x000000d0   0x00000000   Code   RO          691    .ARM.Collect$$$$0000000F  mc_p.l(entry11a.o)
    0x000000d0   0x00000004   Code   RO          680    .ARM.Collect$$$$00002712  mc_p.l(entry2.o)
    0x000000d4   0x00000704   Code   RO            3    .text               main.o
    0x000007d8   0x00000054   Code   RO          116    .text               a31t21x_system_setting.o
    0x0000082c   0x00000066   Code   RO          163    .text               a31t21x_port_init.o
    0x00000892   0x00000002   PAD
    0x00000894   0x00000680   Code   RO          183    .text               debug.o
    0x00000f14   0x00000518   Code   RO          226    .text               led_driver.o
    0x0000142c   0x00000220   Code   RO          272    .text               user.o
    0x0000164c   0x00000054   Code   RO          310    .text               a31t21x_system.o
    0x000016a0   0x00000058   Code   RO          337    .text               a31t21x_startup_arm.o
    0x000016f8   0x00000160   Code   RO          343    .text               a31t21x_dma.o
    0x00001858   0x0000059c   Code   RO          365    .text               a31t21x_gpio.o
    0x00001df4   0x00000288   Code   RO          391    .text               a31t21x_led.o
    0x0000207c   0x00000218   Code   RO          419    .text               a31t21x_pwr.o
    0x00002294   0x00000810   Code   RO          444    .text               a31t21x_scu.o
    0x00002aa4   0x0000078c   Code   RO          466    .text               a31t21x_timer.o
    0x00003230   0x000007ec   Code   RO          491    .text               a31t21x_uart.o
    0x00003a1c   0x00000cdc   Code   RO          517    .text               a31t21x_usart1n.o
    0x000046f8   0x00000368   Code   RO          543    .text               a31t21x_wdt.o
    0x00004a60   0x000011b8   Code   RO          566    .text               touch.lib(touch.o)
    0x00005c18   0x00000330   Code   RO          639    .text               touch.lib(user_timer.o)
    0x00005f48   0x0000002c   Code   RO          669    .text               mc_p.l(uidiv.o)
    0x00005f74   0x00000028   Code   RO          671    .text               mc_p.l(idiv.o)
    0x00005f9c   0x00000024   Code   RO          673    .text               mc_p.l(memcpya.o)
    0x00005fc0   0x00000024   Code   RO          675    .text               mc_p.l(memseta.o)
    0x00005fe4   0x00000024   Code   RO          693    .text               mc_p.l(init.o)
    0x00006008   0x0000001c   Code   RO           22    i.__ARM_common_switch8  main.o
    0x00006024   0x0000000e   Code   RO          697    i.__scatterload_copy  mc_p.l(handlers.o)
    0x00006032   0x00000002   Code   RO          698    i.__scatterload_null  mc_p.l(handlers.o)
    0x00006034   0x0000000e   Code   RO          699    i.__scatterload_zeroinit  mc_p.l(handlers.o)
    0x00006042   0x00000002   PAD
    0x00006044   0x00000018   Data   RO          228    .constdata          led_driver.o
    0x0000605c   0x000001c8   Data   RO          274    .constdata          user.o
    0x00006224   0x00000003   Data   RO          493    .constdata          a31t21x_uart.o
    0x00006227   0x00000001   PAD
    0x00006228   0x00000003   Data   RO          519    .constdata          a31t21x_usart1n.o
    0x0000622b   0x00000001   PAD
    0x0000622c   0x00000020   Data   RO          695    Region$$Table       anon$$obj.o


    Execution Region RW_IRAM1 (Base: 0x20000000, Size: 0x00000ae0, Max: 0x00003000, ABSOLUTE)

    Base Addr    Size         Type   Attr      Idx    E Section Name        Object

    0x20000000   0x00000004   Data   RW            4    .data               main.o
    0x20000004   0x00000015   Data   RW          185    .data               debug.o
    0x20000019   0x00000003   PAD
    0x2000001c   0x00000009   Data   RW          229    .data               led_driver.o
    0x20000025   0x0000000f   Data   RW          275    .data               user.o
    0x20000034   0x0000000c   Data   RW          311    .data               a31t21x_system.o
    0x20000040   0x00000005   Data   RW          344    .data               a31t21x_dma.o
    0x20000045   0x00000006   Data   RW          367    .data               a31t21x_gpio.o
    0x2000004b   0x00000001   PAD
    0x2000004c   0x00000008   Data   RW          392    .data               a31t21x_led.o
    0x20000054   0x00000008   Data   RW          420    .data               a31t21x_pwr.o
    0x2000005c   0x00000001   Data   RW          545    .data               a31t21x_wdt.o
    0x2000005d   0x00000003   PAD
    0x20000060   0x00000005   Data   RW          568    .data               touch.lib(touch.o)
    0x20000065   0x00000003   PAD
    0x20000068   0x0000002c   Data   RW          640    .data               touch.lib(user_timer.o)
    0x20000094   0x00000165   Zero   RW          184    .bss                debug.o
    0x200001f9   0x00000003   PAD
    0x200001fc   0x0000000c   Zero   RW          227    .bss                led_driver.o
    0x20000208   0x00000268   Zero   RW          273    .bss                user.o
    0x20000470   0x00000030   Zero   RW          366    .bss                a31t21x_gpio.o
    0x200004a0   0x0000001c   Zero   RW          445    .bss                a31t21x_scu.o
    0x200004bc   0x00000048   Zero   RW          467    .bss                a31t21x_timer.o
    0x20000504   0x00000050   Zero   RW          492    .bss                a31t21x_uart.o
    0x20000554   0x00000050   Zero   RW          518    .bss                a31t21x_usart1n.o
    0x200005a4   0x00000010   Zero   RW          544    .bss                a31t21x_wdt.o
    0x200005b4   0x0000012c   Zero   RW          567    .bss                touch.lib(touch.o)
    0x200006e0   0x00000400   Zero   RW          334    STACK               a31t21x_startup_arm.o


==============================================================================

Image component sizes


      Code (inc. data)   RO Data    RW Data    ZI Data      Debug   Object Name

       352         18          0          5          0       2721   a31t21x_dma.o
      1436         64          0          6         48      16341   a31t21x_gpio.o
       648         22          0          8          0      11796   a31t21x_led.o
       102          0          0          0          0        772   a31t21x_port_init.o
       536         32          0          8          0      11119   a31t21x_pwr.o
      2064        106          0          0         28       7798   a31t21x_scu.o
        88         18        192          0       1024        860   a31t21x_startup_arm.o
        84         26          0         12          0       1136   a31t21x_system.o
        84          8          0          0          0       2767   a31t21x_system_setting.o
      1932         58          0          0         72       9427   a31t21x_timer.o
      2028         58          3          0         80       9521   a31t21x_uart.o
      3292         60          3          0         80      11482   a31t21x_usart1n.o
       872         48          0          1         16       3990   a31t21x_wdt.o
      1664         78          0         21        357      16376   debug.o
      1304         58         24          9         12      14209   led_driver.o
      1824        168          0          4          0      36007   main.o
       544         22        456         15        616       7016   user.o

    ----------------------------------------------------------------------
     18856        844        712         96       2336     163338   Object Totals
         0          0         32          0          0          0   (incl. Generated)
         2          0          2          7          3          0   (incl. Padding)

    ----------------------------------------------------------------------

      Code (inc. data)   RO Data    RW Data    ZI Data      Debug   Library Member Name

         0          0          0          0          0          0   entry.o
         0          0          0          0          0          0   entry10a.o
         0          0          0          0          0          0   entry11a.o
         8          4          0          0          0          0   entry2.o
         4          0          0          0          0          0   entry5.o
         0          0          0          0          0          0   entry7b.o
         0          0          0          0          0          0   entry8b.o
         8          4          0          0          0          0   entry9a.o
        30          0          0          0          0          0   handlers.o
        40          0          0          0          0         72   idiv.o
        36          8          0          0          0         68   init.o
        36          0          0          0          0         60   memcpya.o
        36          0          0          0          0        100   memseta.o
        44          0          0          0          0         72   uidiv.o
      4536        108          0          5        300      32013   touch.o
       816         46          0         44          0       2493   user_timer.o

    ----------------------------------------------------------------------
      5596        170          0         52        300      34878   Library Totals
         2          0          0          3          0          0   (incl. Padding)

    ----------------------------------------------------------------------

      Code (inc. data)   RO Data    RW Data    ZI Data      Debug   Library Name

       242         16          0          0          0        372   mc_p.l
      5352        154          0         49        300      34506   touch.lib

    ----------------------------------------------------------------------
      5596        170          0         52        300      34878   Library Totals

    ----------------------------------------------------------------------

==============================================================================


      Code (inc. data)   RO Data    RW Data    ZI Data      Debug   

     24452       1014        712        148       2636     196696   Grand Totals
     24452       1014        712        148       2636     196696   ELF Image Totals
     24452       1014        712        148          0          0   ROM Totals

==============================================================================

    Total RO  Size (Code + RO Data)                25164 (  24.57kB)
    Total RW  Size (RW Data + ZI Data)              2784 (   2.72kB)
    Total ROM Size (Code + RO Data + RW Data)      25312 (  24.72kB)

==============================================================================

